<?xml version="1.0" encoding="ISO-8859-1" ?>
<link_info>
   <banner>TI ARM Linker Unix v20.2.4.LTS</banner>
   <copyright>Copyright (c) 1996-2018 Texas Instruments Incorporated</copyright>
   <link_time>0x60564625</link_time>
   <link_errors>0x0</link_errors>
   <output_file>IOT_Project_1.out</output_file>
   <entry_point>
      <name>_c_int00_noargs</name>
      <address>0x4cb9</address>
   </entry_point>
   <input_file_list>
      <input_file id="fl-1">
         <path>./</path>
         <kind>object</kind>
         <file>clock.obj</file>
         <name>clock.obj</name>
      </input_file>
      <input_file id="fl-2">
         <path>./</path>
         <kind>object</kind>
         <file>eth0.obj</file>
         <name>eth0.obj</name>
      </input_file>
      <input_file id="fl-3">
         <path>./</path>
         <kind>object</kind>
         <file>ethernet.obj</file>
         <name>ethernet.obj</name>
      </input_file>
      <input_file id="fl-4">
         <path>./</path>
         <kind>object</kind>
         <file>gpio.obj</file>
         <name>gpio.obj</name>
      </input_file>
      <input_file id="fl-5">
         <path>./</path>
         <kind>object</kind>
         <file>spi0.obj</file>
         <name>spi0.obj</name>
      </input_file>
      <input_file id="fl-6">
         <path>./</path>
         <kind>object</kind>
         <file>tcp.obj</file>
         <name>tcp.obj</name>
      </input_file>
      <input_file id="fl-7">
         <path>./</path>
         <kind>object</kind>
         <file>tm4c123gh6pm_startup_ccs.obj</file>
         <name>tm4c123gh6pm_startup_ccs.obj</name>
      </input_file>
      <input_file id="fl-8">
         <path>./</path>
         <kind>object</kind>
         <file>uart0.obj</file>
         <name>uart0.obj</name>
      </input_file>
      <input_file id="fl-9">
         <path>./</path>
         <kind>object</kind>
         <file>wait.obj</file>
         <name>wait.obj</name>
      </input_file>
      <input_file id="fl-d">
         <kind>object</kind>
         <file>&lt;internal&gt;</file>
         <name>&lt;internal&gt;</name>
      </input_file>
      <input_file id="fl-c3">
         <path>/Applications/ti/ccs1020/ccs/tools/compiler/ti-cgt-arm_20.2.4.LTS/lib/</path>
         <kind>archive</kind>
         <file>rtsv7M4_T_le_v4SPD16_eabi.lib</file>
         <name>sprintf.c.obj</name>
      </input_file>
      <input_file id="fl-c4">
         <path>/Applications/ti/ccs1020/ccs/tools/compiler/ti-cgt-arm_20.2.4.LTS/lib/</path>
         <kind>archive</kind>
         <file>rtsv7M4_T_le_v4SPD16_eabi.lib</file>
         <name>memset_t2.asm.obj</name>
      </input_file>
      <input_file id="fl-c5">
         <path>/Applications/ti/ccs1020/ccs/tools/compiler/ti-cgt-arm_20.2.4.LTS/lib/</path>
         <kind>archive</kind>
         <file>rtsv7M4_T_le_v4SPD16_eabi.lib</file>
         <name>memcpy_t2.asm.obj</name>
      </input_file>
      <input_file id="fl-c6">
         <path>/Applications/ti/ccs1020/ccs/tools/compiler/ti-cgt-arm_20.2.4.LTS/lib/</path>
         <kind>archive</kind>
         <file>rtsv7M4_T_le_v4SPD16_eabi.lib</file>
         <name>copy_zero_init.c.obj</name>
      </input_file>
      <input_file id="fl-c7">
         <path>/Applications/ti/ccs1020/ccs/tools/compiler/ti-cgt-arm_20.2.4.LTS/lib/</path>
         <kind>archive</kind>
         <file>rtsv7M4_T_le_v4SPD16_eabi.lib</file>
         <name>copy_decompress_none.c.obj</name>
      </input_file>
      <input_file id="fl-c8">
         <path>/Applications/ti/ccs1020/ccs/tools/compiler/ti-cgt-arm_20.2.4.LTS/lib/</path>
         <kind>archive</kind>
         <file>rtsv7M4_T_le_v4SPD16_eabi.lib</file>
         <name>copy_decompress_lzss.c.obj</name>
      </input_file>
      <input_file id="fl-c9">
         <path>/Applications/ti/ccs1020/ccs/tools/compiler/ti-cgt-arm_20.2.4.LTS/lib/</path>
         <kind>archive</kind>
         <file>rtsv7M4_T_le_v4SPD16_eabi.lib</file>
         <name>rand.c.obj</name>
      </input_file>
      <input_file id="fl-ca">
         <path>/Applications/ti/ccs1020/ccs/tools/compiler/ti-cgt-arm_20.2.4.LTS/lib/</path>
         <kind>archive</kind>
         <file>rtsv7M4_T_le_v4SPD16_eabi.lib</file>
         <name>strcmp.c.obj</name>
      </input_file>
      <input_file id="fl-cb">
         <path>/Applications/ti/ccs1020/ccs/tools/compiler/ti-cgt-arm_20.2.4.LTS/lib/</path>
         <kind>archive</kind>
         <file>rtsv7M4_T_le_v4SPD16_eabi.lib</file>
         <name>boot_cortex_m.c.obj</name>
      </input_file>
      <input_file id="fl-cc">
         <path>/Applications/ti/ccs1020/ccs/tools/compiler/ti-cgt-arm_20.2.4.LTS/lib/</path>
         <kind>archive</kind>
         <file>rtsv7M4_T_le_v4SPD16_eabi.lib</file>
         <name>_printfi.c.obj</name>
      </input_file>
      <input_file id="fl-cd">
         <path>/Applications/ti/ccs1020/ccs/tools/compiler/ti-cgt-arm_20.2.4.LTS/lib/</path>
         <kind>archive</kind>
         <file>rtsv7M4_T_le_v4SPD16_eabi.lib</file>
         <name>s_frexp.c.obj</name>
      </input_file>
      <input_file id="fl-ce">
         <path>/Applications/ti/ccs1020/ccs/tools/compiler/ti-cgt-arm_20.2.4.LTS/lib/</path>
         <kind>archive</kind>
         <file>rtsv7M4_T_le_v4SPD16_eabi.lib</file>
         <name>s_scalbn.c.obj</name>
      </input_file>
      <input_file id="fl-cf">
         <path>/Applications/ti/ccs1020/ccs/tools/compiler/ti-cgt-arm_20.2.4.LTS/lib/</path>
         <kind>archive</kind>
         <file>rtsv7M4_T_le_v4SPD16_eabi.lib</file>
         <name>s_copysign.c.obj</name>
      </input_file>
      <input_file id="fl-d0">
         <path>/Applications/ti/ccs1020/ccs/tools/compiler/ti-cgt-arm_20.2.4.LTS/lib/</path>
         <kind>archive</kind>
         <file>rtsv7M4_T_le_v4SPD16_eabi.lib</file>
         <name>ull_div_t2.asm.obj</name>
      </input_file>
      <input_file id="fl-d1">
         <path>/Applications/ti/ccs1020/ccs/tools/compiler/ti-cgt-arm_20.2.4.LTS/lib/</path>
         <kind>archive</kind>
         <file>rtsv7M4_T_le_v4SPD16_eabi.lib</file>
         <name>fd_add_t2.asm.obj</name>
      </input_file>
      <input_file id="fl-d2">
         <path>/Applications/ti/ccs1020/ccs/tools/compiler/ti-cgt-arm_20.2.4.LTS/lib/</path>
         <kind>archive</kind>
         <file>rtsv7M4_T_le_v4SPD16_eabi.lib</file>
         <name>fd_cmp_t2.asm.obj</name>
      </input_file>
      <input_file id="fl-d3">
         <path>/Applications/ti/ccs1020/ccs/tools/compiler/ti-cgt-arm_20.2.4.LTS/lib/</path>
         <kind>archive</kind>
         <file>rtsv7M4_T_le_v4SPD16_eabi.lib</file>
         <name>fd_div_t2.asm.obj</name>
      </input_file>
      <input_file id="fl-d4">
         <path>/Applications/ti/ccs1020/ccs/tools/compiler/ti-cgt-arm_20.2.4.LTS/lib/</path>
         <kind>archive</kind>
         <file>rtsv7M4_T_le_v4SPD16_eabi.lib</file>
         <name>fd_mul_t2.asm.obj</name>
      </input_file>
      <input_file id="fl-d5">
         <path>/Applications/ti/ccs1020/ccs/tools/compiler/ti-cgt-arm_20.2.4.LTS/lib/</path>
         <kind>archive</kind>
         <file>rtsv7M4_T_le_v4SPD16_eabi.lib</file>
         <name>fd_toi_t2.asm.obj</name>
      </input_file>
      <input_file id="fl-d6">
         <path>/Applications/ti/ccs1020/ccs/tools/compiler/ti-cgt-arm_20.2.4.LTS/lib/</path>
         <kind>archive</kind>
         <file>rtsv7M4_T_le_v4SPD16_eabi.lib</file>
         <name>i_tofd_t2.asm.obj</name>
      </input_file>
      <input_file id="fl-d7">
         <path>/Applications/ti/ccs1020/ccs/tools/compiler/ti-cgt-arm_20.2.4.LTS/lib/</path>
         <kind>archive</kind>
         <file>rtsv7M4_T_le_v4SPD16_eabi.lib</file>
         <name>autoinit.c.obj</name>
      </input_file>
      <input_file id="fl-d8">
         <path>/Applications/ti/ccs1020/ccs/tools/compiler/ti-cgt-arm_20.2.4.LTS/lib/</path>
         <kind>archive</kind>
         <file>rtsv7M4_T_le_v4SPD16_eabi.lib</file>
         <name>pre_init.c.obj</name>
      </input_file>
      <input_file id="fl-d9">
         <path>/Applications/ti/ccs1020/ccs/tools/compiler/ti-cgt-arm_20.2.4.LTS/lib/</path>
         <kind>archive</kind>
         <file>rtsv7M4_T_le_v4SPD16_eabi.lib</file>
         <name>cpy_tbl.c.obj</name>
      </input_file>
      <input_file id="fl-da">
         <path>/Applications/ti/ccs1020/ccs/tools/compiler/ti-cgt-arm_20.2.4.LTS/lib/</path>
         <kind>archive</kind>
         <file>rtsv7M4_T_le_v4SPD16_eabi.lib</file>
         <name>exit.c.obj</name>
      </input_file>
      <input_file id="fl-db">
         <path>/Applications/ti/ccs1020/ccs/tools/compiler/ti-cgt-arm_20.2.4.LTS/lib/</path>
         <kind>archive</kind>
         <file>rtsv7M4_T_le_v4SPD16_eabi.lib</file>
         <name>_lock.c.obj</name>
      </input_file>
      <input_file id="fl-dc">
         <path>/Applications/ti/ccs1020/ccs/tools/compiler/ti-cgt-arm_20.2.4.LTS/lib/</path>
         <kind>archive</kind>
         <file>rtsv7M4_T_le_v4SPD16_eabi.lib</file>
         <name>_ltoa.c.obj</name>
      </input_file>
      <input_file id="fl-dd">
         <path>/Applications/ti/ccs1020/ccs/tools/compiler/ti-cgt-arm_20.2.4.LTS/lib/</path>
         <kind>archive</kind>
         <file>rtsv7M4_T_le_v4SPD16_eabi.lib</file>
         <name>args_main.c.obj</name>
      </input_file>
      <input_file id="fl-de">
         <path>/Applications/ti/ccs1020/ccs/tools/compiler/ti-cgt-arm_20.2.4.LTS/lib/</path>
         <kind>archive</kind>
         <file>rtsv7M4_T_le_v4SPD16_eabi.lib</file>
         <name>atoi.c.obj</name>
      </input_file>
      <input_file id="fl-df">
         <path>/Applications/ti/ccs1020/ccs/tools/compiler/ti-cgt-arm_20.2.4.LTS/lib/</path>
         <kind>archive</kind>
         <file>rtsv7M4_T_le_v4SPD16_eabi.lib</file>
         <name>ctype.c.obj</name>
      </input_file>
      <input_file id="fl-e0">
         <path>/Applications/ti/ccs1020/ccs/tools/compiler/ti-cgt-arm_20.2.4.LTS/lib/</path>
         <kind>archive</kind>
         <file>rtsv7M4_T_le_v4SPD16_eabi.lib</file>
         <name>memccpy.c.obj</name>
      </input_file>
      <input_file id="fl-e1">
         <path>/Applications/ti/ccs1020/ccs/tools/compiler/ti-cgt-arm_20.2.4.LTS/lib/</path>
         <kind>archive</kind>
         <file>rtsv7M4_T_le_v4SPD16_eabi.lib</file>
         <name>strchr.c.obj</name>
      </input_file>
      <input_file id="fl-e2">
         <path>/Applications/ti/ccs1020/ccs/tools/compiler/ti-cgt-arm_20.2.4.LTS/lib/</path>
         <kind>archive</kind>
         <file>rtsv7M4_T_le_v4SPD16_eabi.lib</file>
         <name>strlen.c.obj</name>
      </input_file>
      <input_file id="fl-e3">
         <path>/Applications/ti/ccs1020/ccs/tools/compiler/ti-cgt-arm_20.2.4.LTS/lib/</path>
         <kind>archive</kind>
         <file>rtsv7M4_T_le_v4SPD16_eabi.lib</file>
         <name>errno.c.obj</name>
      </input_file>
      <input_file id="fl-e4">
         <path>/Applications/ti/ccs1020/ccs/tools/compiler/ti-cgt-arm_20.2.4.LTS/lib/</path>
         <kind>archive</kind>
         <file>rtsv7M4_T_le_v4SPD16_eabi.lib</file>
         <name>wcslen.c.obj</name>
      </input_file>
      <input_file id="fl-e5">
         <path>/Applications/ti/ccs1020/ccs/tools/compiler/ti-cgt-arm_20.2.4.LTS/lib/</path>
         <kind>archive</kind>
         <file>rtsv7M4_T_le_v4SPD16_eabi.lib</file>
         <name>div0.asm.obj</name>
      </input_file>
   </input_file_list>
   <object_component_list>
      <object_component id="oc-12">
         <name>.intvecs</name>
         <load_address>0x0</load_address>
         <run_address>0x0</run_address>
         <size>0x26c</size>
         <input_file_ref idref="fl-7"/>
      </object_component>
      <object_component id="oc-cf">
         <name>.text</name>
         <load_address>0x26c</load_address>
         <run_address>0x26c</run_address>
         <size>0x12dc</size>
         <input_file_ref idref="fl-2"/>
      </object_component>
      <object_component id="oc-169">
         <name>.text:__TI_printfi</name>
         <load_address>0x1548</load_address>
         <run_address>0x1548</run_address>
         <size>0xa4e</size>
         <input_file_ref idref="fl-cc"/>
      </object_component>
      <object_component id="oc-249">
         <name>.text:_nop</name>
         <load_address>0x1f96</load_address>
         <run_address>0x1f96</run_address>
         <size>0x2</size>
         <input_file_ref idref="fl-db"/>
      </object_component>
      <object_component id="oc-c9">
         <name>.text</name>
         <load_address>0x1f98</load_address>
         <run_address>0x1f98</run_address>
         <size>0x7c0</size>
         <input_file_ref idref="fl-4"/>
      </object_component>
      <object_component id="oc-9b">
         <name>.text</name>
         <load_address>0x2758</load_address>
         <run_address>0x2758</run_address>
         <size>0x730</size>
         <input_file_ref idref="fl-3"/>
      </object_component>
      <object_component id="oc-d5">
         <name>.text</name>
         <load_address>0x2e88</load_address>
         <run_address>0x2e88</run_address>
         <size>0x570</size>
         <input_file_ref idref="fl-8"/>
      </object_component>
      <object_component id="oc-ed">
         <name>.text</name>
         <load_address>0x33f8</load_address>
         <run_address>0x33f8</run_address>
         <size>0x4cc</size>
         <input_file_ref idref="fl-6"/>
      </object_component>
      <object_component id="oc-20d">
         <name>.text:_pconv_a</name>
         <load_address>0x38c4</load_address>
         <run_address>0x38c4</run_address>
         <size>0x270</size>
         <input_file_ref idref="fl-cc"/>
      </object_component>
      <object_component id="oc-1fb">
         <name>.text:_pconv_g</name>
         <load_address>0x3b34</load_address>
         <run_address>0x3b34</run_address>
         <size>0x1d0</size>
         <input_file_ref idref="fl-cc"/>
      </object_component>
      <object_component id="oc-295">
         <name>.text</name>
         <load_address>0x3d04</load_address>
         <run_address>0x3d04</run_address>
         <size>0x1b6</size>
         <input_file_ref idref="fl-d1"/>
      </object_component>
      <object_component id="oc-2ff">
         <name>.text</name>
         <load_address>0x3eba</load_address>
         <run_address>0x3eba</run_address>
         <size>0x2</size>
         <input_file_ref idref="fl-e5"/>
      </object_component>
      <object_component id="oc-150">
         <name>.text</name>
         <load_address>0x3ebc</load_address>
         <run_address>0x3ebc</run_address>
         <size>0x160</size>
         <input_file_ref idref="fl-5"/>
      </object_component>
      <object_component id="oc-207">
         <name>.text:_pconv_e</name>
         <load_address>0x401c</load_address>
         <run_address>0x401c</run_address>
         <size>0x13c</size>
         <input_file_ref idref="fl-cc"/>
      </object_component>
      <object_component id="oc-27b">
         <name>.text</name>
         <load_address>0x4158</load_address>
         <run_address>0x4158</run_address>
         <size>0x136</size>
         <input_file_ref idref="fl-d3"/>
      </object_component>
      <object_component id="oc-2a7">
         <name>.text:fcvt</name>
         <load_address>0x4290</load_address>
         <run_address>0x4290</run_address>
         <size>0x124</size>
         <input_file_ref idref="fl-cc"/>
      </object_component>
      <object_component id="oc-2bb">
         <name>.text:scalbn</name>
         <load_address>0x43b4</load_address>
         <run_address>0x43b4</run_address>
         <size>0x110</size>
         <input_file_ref idref="fl-ce"/>
      </object_component>
      <object_component id="oc-276">
         <name>.text</name>
         <load_address>0x44c4</load_address>
         <run_address>0x44c4</run_address>
         <size>0xfc</size>
         <input_file_ref idref="fl-d4"/>
      </object_component>
      <object_component id="oc-1f0">
         <name>.text:_ltostr</name>
         <load_address>0x45c0</load_address>
         <run_address>0x45c0</run_address>
         <size>0xb1</size>
         <input_file_ref idref="fl-cc"/>
      </object_component>
      <object_component id="oc-3b">
         <name>.text</name>
         <load_address>0x4672</load_address>
         <run_address>0x4672</run_address>
         <size>0x9c</size>
         <input_file_ref idref="fl-c5"/>
      </object_component>
      <object_component id="oc-26f">
         <name>.text</name>
         <load_address>0x470e</load_address>
         <run_address>0x470e</run_address>
         <size>0x96</size>
         <input_file_ref idref="fl-d0"/>
      </object_component>
      <object_component id="oc-1f6">
         <name>.text:__aeabi_cdcmple</name>
         <load_address>0x47a4</load_address>
         <run_address>0x47a4</run_address>
         <size>0x86</size>
         <input_file_ref idref="fl-d2"/>
      </object_component>
      <object_component id="oc-280">
         <name>.text:__aeabi_cdrcmple</name>
         <load_address>0x482a</load_address>
         <run_address>0x482a</run_address>
         <size>0x86</size>
         <input_file_ref idref="fl-d2"/>
      </object_component>
      <object_component id="oc-8f">
         <name>.text</name>
         <load_address>0x48b0</load_address>
         <run_address>0x48b0</run_address>
         <size>0x7a</size>
         <input_file_ref idref="fl-c4"/>
      </object_component>
      <object_component id="oc-2a0">
         <name>.text:_mcpy</name>
         <load_address>0x492a</load_address>
         <run_address>0x492a</run_address>
         <size>0x6e</size>
         <input_file_ref idref="fl-cc"/>
      </object_component>
      <object_component id="oc-15">
         <name>.text:decompress:lzss:__TI_decompress_lzss</name>
         <load_address>0x4998</load_address>
         <run_address>0x4998</run_address>
         <size>0x68</size>
         <input_file_ref idref="fl-c8"/>
      </object_component>
      <object_component id="oc-2b5">
         <name>.text:frexp</name>
         <load_address>0x4a00</load_address>
         <run_address>0x4a00</run_address>
         <size>0x64</size>
         <input_file_ref idref="fl-cd"/>
      </object_component>
      <object_component id="oc-201">
         <name>.text:_pconv_f</name>
         <load_address>0x4a64</load_address>
         <run_address>0x4a64</run_address>
         <size>0x56</size>
         <input_file_ref idref="fl-cc"/>
      </object_component>
      <object_component id="oc-28a">
         <name>.text:__TI_ltoa</name>
         <load_address>0x4aba</load_address>
         <run_address>0x4aba</run_address>
         <size>0x54</size>
         <input_file_ref idref="fl-dc"/>
      </object_component>
      <object_component id="oc-29a">
         <name>.text:_ecpy</name>
         <load_address>0x4b0e</load_address>
         <run_address>0x4b0e</run_address>
         <size>0x52</size>
         <input_file_ref idref="fl-cc"/>
      </object_component>
      <object_component id="oc-1ea">
         <name>.text:atoi</name>
         <load_address>0x4b60</load_address>
         <run_address>0x4b60</run_address>
         <size>0x4c</size>
         <input_file_ref idref="fl-de"/>
      </object_component>
      <object_component id="oc-285">
         <name>.text</name>
         <load_address>0x4bac</load_address>
         <run_address>0x4bac</run_address>
         <size>0x48</size>
         <input_file_ref idref="fl-d5"/>
      </object_component>
      <object_component id="oc-114">
         <name>.text:__TI_auto_init_nobinit_nopinit:__TI_auto_init_nobinit_nopinit</name>
         <load_address>0x4bf4</load_address>
         <run_address>0x4bf4</run_address>
         <size>0x44</size>
         <input_file_ref idref="fl-d7"/>
      </object_component>
      <object_component id="oc-db">
         <name>.text:sprintf</name>
         <load_address>0x4c38</load_address>
         <run_address>0x4c38</run_address>
         <size>0x40</size>
         <input_file_ref idref="fl-c3"/>
      </object_component>
      <object_component id="oc-2ad">
         <name>.text:_fcpy</name>
         <load_address>0x4c78</load_address>
         <run_address>0x4c78</run_address>
         <size>0x3e</size>
         <input_file_ref idref="fl-cc"/>
      </object_component>
      <object_component id="oc-59">
         <name>.text:_c_int00_noargs:_c_int00_noargs</name>
         <load_address>0x4cb8</load_address>
         <run_address>0x4cb8</run_address>
         <size>0x34</size>
         <input_file_ref idref="fl-cb"/>
      </object_component>
      <object_component id="oc-18c">
         <name>.text:rand</name>
         <load_address>0x4cec</load_address>
         <run_address>0x4cec</run_address>
         <size>0x34</size>
         <input_file_ref idref="fl-c9"/>
      </object_component>
      <object_component id="oc-290">
         <name>.text</name>
         <load_address>0x4d20</load_address>
         <run_address>0x4d20</run_address>
         <size>0x2e</size>
         <input_file_ref idref="fl-d6"/>
      </object_component>
      <object_component id="oc-e1">
         <name>.text</name>
         <load_address>0x4d4e</load_address>
         <run_address>0x4d4e</run_address>
         <size>0x24</size>
         <input_file_ref idref="fl-9"/>
      </object_component>
      <object_component id="oc-213">
         <name>.text:memccpy</name>
         <load_address>0x4d72</load_address>
         <run_address>0x4d72</run_address>
         <size>0x1c</size>
         <input_file_ref idref="fl-e0"/>
      </object_component>
      <object_component id="oc-318">
         <name>.text:copysign</name>
         <load_address>0x4d8e</load_address>
         <run_address>0x4d8e</run_address>
         <size>0x1a</size>
         <input_file_ref idref="fl-cf"/>
      </object_component>
      <object_component id="oc-16f">
         <name>.text:_outs</name>
         <load_address>0x4da8</load_address>
         <run_address>0x4da8</run_address>
         <size>0x18</size>
         <input_file_ref idref="fl-c3"/>
      </object_component>
      <object_component id="oc-f3">
         <name>.text:strcmp</name>
         <load_address>0x4dc0</load_address>
         <run_address>0x4dc0</run_address>
         <size>0x18</size>
         <input_file_ref idref="fl-ca"/>
      </object_component>
      <object_component id="oc-2c1">
         <name>.text:strchr</name>
         <load_address>0x4dd8</load_address>
         <run_address>0x4dd8</run_address>
         <size>0x16</size>
         <input_file_ref idref="fl-e1"/>
      </object_component>
      <object_component id="oc-1e4">
         <name>.text:strlen</name>
         <load_address>0x4dee</load_address>
         <run_address>0x4dee</run_address>
         <size>0x14</size>
         <input_file_ref idref="fl-e2"/>
      </object_component>
      <object_component id="oc-219">
         <name>.text:wcslen</name>
         <load_address>0x4e02</load_address>
         <run_address>0x4e02</run_address>
         <size>0x12</size>
         <input_file_ref idref="fl-e4"/>
      </object_component>
      <object_component id="oc-c3">
         <name>.text</name>
         <load_address>0x4e14</load_address>
         <run_address>0x4e14</run_address>
         <size>0x10</size>
         <input_file_ref idref="fl-1"/>
      </object_component>
      <object_component id="oc-1b">
         <name>.text:decompress:none:__TI_decompress_none</name>
         <load_address>0x4e24</load_address>
         <run_address>0x4e24</run_address>
         <size>0xe</size>
         <input_file_ref idref="fl-c7"/>
      </object_component>
      <object_component id="oc-27">
         <name>.text</name>
         <load_address>0x4e32</load_address>
         <run_address>0x4e32</run_address>
         <size>0xc</size>
         <input_file_ref idref="fl-7"/>
      </object_component>
      <object_component id="oc-175">
         <name>.text:_outc</name>
         <load_address>0x4e3e</load_address>
         <run_address>0x4e3e</run_address>
         <size>0xa</size>
         <input_file_ref idref="fl-c3"/>
      </object_component>
      <object_component id="oc-21f">
         <name>.text:__aeabi_errno_addr</name>
         <load_address>0x4e48</load_address>
         <run_address>0x4e48</run_address>
         <size>0x8</size>
         <input_file_ref idref="fl-e3"/>
      </object_component>
      <object_component id="oc-95">
         <name>.text:_system_pre_init</name>
         <load_address>0x4e50</load_address>
         <run_address>0x4e50</run_address>
         <size>0x4</size>
         <input_file_ref idref="fl-d8"/>
      </object_component>
      <object_component id="oc-108">
         <name>.text:abort:abort</name>
         <load_address>0x4e54</load_address>
         <run_address>0x4e54</run_address>
         <size>0x4</size>
         <input_file_ref idref="fl-da"/>
      </object_component>
      <object_component id="oc-26a">
         <name>.const:.string:_ctypes_</name>
         <load_address>0x4e58</load_address>
         <run_address>0x4e58</run_address>
         <size>0x101</size>
         <input_file_ref idref="fl-df"/>
      </object_component>
      <object_component id="oc-370">
         <name>.cinit..data.load</name>
         <load_address>0x4f60</load_address>
         <run_address>0x4f60</run_address>
         <size>0x2a</size>
      </object_component>
      <object_component id="oc-36e">
         <name>__TI_handler_table</name>
         <load_address>0x4f8c</load_address>
         <run_address>0x4f8c</run_address>
         <size>0x8</size>
      </object_component>
      <object_component id="oc-36f">
         <name>__TI_cinit_table</name>
         <load_address>0x4f94</load_address>
         <run_address>0x4f94</run_address>
         <size>0x8</size>
      </object_component>
      <object_component id="oc-159">
         <name>.data</name>
         <load_address>0x20001030</load_address>
         <run_address>0x20001030</run_address>
         <size>0x4</size>
         <input_file_ref idref="fl-2"/>
      </object_component>
      <object_component id="oc-156">
         <name>.data:macAddress</name>
         <load_address>0x2000101a</load_address>
         <run_address>0x2000101a</run_address>
         <size>0x6</size>
         <input_file_ref idref="fl-2"/>
      </object_component>
      <object_component id="oc-15c">
         <name>.data:ipAddress</name>
         <load_address>0x20001034</load_address>
         <run_address>0x20001034</run_address>
         <size>0x4</size>
         <input_file_ref idref="fl-2"/>
      </object_component>
      <object_component id="oc-15f">
         <name>.data:ipSubnetMask</name>
         <load_address>0x20001040</load_address>
         <run_address>0x20001040</run_address>
         <size>0x4</size>
         <input_file_ref idref="fl-2"/>
      </object_component>
      <object_component id="oc-162">
         <name>.data:ipGwAddress</name>
         <load_address>0x2000103c</load_address>
         <run_address>0x2000103c</run_address>
         <size>0x4</size>
         <input_file_ref idref="fl-2"/>
      </object_component>
      <object_component id="oc-f9">
         <name>.data:macAddressMQTT</name>
         <load_address>0x20001020</load_address>
         <run_address>0x20001020</run_address>
         <size>0x6</size>
         <input_file_ref idref="fl-3"/>
      </object_component>
      <object_component id="oc-e7">
         <name>.data:ipAddressMQTT</name>
         <load_address>0x20001038</load_address>
         <run_address>0x20001038</run_address>
         <size>0x4</size>
         <input_file_ref idref="fl-3"/>
      </object_component>
      <object_component id="oc-ea">
         <name>.data</name>
         <load_address>0x20001050</load_address>
         <run_address>0x20001050</run_address>
         <size>0x1</size>
         <input_file_ref idref="fl-3"/>
      </object_component>
      <object_component id="oc-192">
         <name>.data</name>
         <load_address>0x20001000</load_address>
         <run_address>0x20001000</run_address>
         <size>0xc</size>
         <input_file_ref idref="fl-6"/>
      </object_component>
      <object_component id="oc-19b">
         <name>.data:dest_addr</name>
         <load_address>0x20001014</load_address>
         <run_address>0x20001014</run_address>
         <size>0x6</size>
         <input_file_ref idref="fl-6"/>
      </object_component>
      <object_component id="oc-195">
         <name>.data:source_addr</name>
         <load_address>0x20001026</load_address>
         <run_address>0x20001026</run_address>
         <size>0x6</size>
         <input_file_ref idref="fl-6"/>
      </object_component>
      <object_component id="oc-19e">
         <name>.data:dest_ip</name>
         <load_address>0x2000102c</load_address>
         <run_address>0x2000102c</run_address>
         <size>0x4</size>
         <input_file_ref idref="fl-6"/>
      </object_component>
      <object_component id="oc-198">
         <name>.data:source_ip</name>
         <load_address>0x2000104c</load_address>
         <run_address>0x2000104c</run_address>
         <size>0x4</size>
         <input_file_ref idref="fl-6"/>
      </object_component>
      <object_component id="oc-235">
         <name>.data</name>
         <load_address>0x20001048</load_address>
         <run_address>0x20001048</run_address>
         <size>0x4</size>
         <input_file_ref idref="fl-c9"/>
      </object_component>
      <object_component id="oc-1b7">
         <name>.data:$O1$$</name>
         <load_address>0x2000100c</load_address>
         <run_address>0x2000100c</run_address>
         <size>0x8</size>
         <input_file_ref idref="fl-db"/>
      </object_component>
      <object_component id="oc-2d1">
         <name>.data</name>
         <load_address>0x20001044</load_address>
         <run_address>0x20001044</run_address>
         <size>0x4</size>
         <input_file_ref idref="fl-e3"/>
      </object_component>
      <object_component id="oc-24">
         <name>.stack</name>
         <uninitialized>true</uninitialized>
         <run_address>0x20000000</run_address>
         <size>0x4</size>
         <input_file_ref idref="fl-cb"/>
      </object_component>
      <object_component id="oc-372">
         <name>.stack</name>
         <uninitialized>true</uninitialized>
         <run_address>0x20000000</run_address>
         <size>0x0</size>
      </object_component>
      <object_component id="oc-b2">
         <name>.debug_info</name>
         <load_address>0x0</load_address>
         <run_address>0x0</run_address>
         <size>0x2de</size>
         <input_file_ref idref="fl-1"/>
      </object_component>
      <object_component id="oc-c4">
         <name>.debug_info</name>
         <load_address>0x2de</load_address>
         <run_address>0x2de</run_address>
         <size>0x23f</size>
         <input_file_ref idref="fl-1"/>
      </object_component>
      <object_component id="oc-70">
         <name>.debug_info</name>
         <load_address>0x51d</load_address>
         <run_address>0x51d</run_address>
         <size>0x26b</size>
         <input_file_ref idref="fl-1"/>
      </object_component>
      <object_component id="oc-36">
         <name>.debug_info</name>
         <load_address>0x788</load_address>
         <run_address>0x788</run_address>
         <size>0x84</size>
         <input_file_ref idref="fl-1"/>
      </object_component>
      <object_component id="oc-ad">
         <name>.debug_info</name>
         <load_address>0x80c</load_address>
         <run_address>0x80c</run_address>
         <size>0x2a4</size>
         <input_file_ref idref="fl-1"/>
      </object_component>
      <object_component id="oc-75">
         <name>.debug_info</name>
         <load_address>0xab0</load_address>
         <run_address>0xab0</run_address>
         <size>0xbb</size>
         <input_file_ref idref="fl-1"/>
      </object_component>
      <object_component id="oc-166">
         <name>.debug_info</name>
         <load_address>0xb6b</load_address>
         <run_address>0xb6b</run_address>
         <size>0x533</size>
         <input_file_ref idref="fl-2"/>
      </object_component>
      <object_component id="oc-15a">
         <name>.debug_info</name>
         <load_address>0x109e</load_address>
         <run_address>0x109e</run_address>
         <size>0x1d3</size>
         <input_file_ref idref="fl-2"/>
      </object_component>
      <object_component id="oc-157">
         <name>.debug_info</name>
         <load_address>0x1271</load_address>
         <run_address>0x1271</run_address>
         <size>0x156</size>
         <input_file_ref idref="fl-2"/>
      </object_component>
      <object_component id="oc-15d">
         <name>.debug_info</name>
         <load_address>0x13c7</load_address>
         <run_address>0x13c7</run_address>
         <size>0x154</size>
         <input_file_ref idref="fl-2"/>
      </object_component>
      <object_component id="oc-160">
         <name>.debug_info</name>
         <load_address>0x151b</load_address>
         <run_address>0x151b</run_address>
         <size>0x15a</size>
         <input_file_ref idref="fl-2"/>
      </object_component>
      <object_component id="oc-163">
         <name>.debug_info</name>
         <load_address>0x1675</load_address>
         <run_address>0x1675</run_address>
         <size>0x158</size>
         <input_file_ref idref="fl-2"/>
      </object_component>
      <object_component id="oc-d0">
         <name>.debug_info</name>
         <load_address>0x17cd</load_address>
         <run_address>0x17cd</run_address>
         <size>0x529a</size>
         <input_file_ref idref="fl-2"/>
      </object_component>
      <object_component id="oc-14a">
         <name>.debug_info</name>
         <load_address>0x6a67</load_address>
         <run_address>0x6a67</run_address>
         <size>0x88</size>
         <input_file_ref idref="fl-2"/>
      </object_component>
      <object_component id="oc-fe">
         <name>.debug_info</name>
         <load_address>0x6aef</load_address>
         <run_address>0x6aef</run_address>
         <size>0x8b</size>
         <input_file_ref idref="fl-2"/>
      </object_component>
      <object_component id="oc-1ae">
         <name>.debug_info</name>
         <load_address>0x6b7a</load_address>
         <run_address>0x6b7a</run_address>
         <size>0x5e5</size>
         <input_file_ref idref="fl-2"/>
      </object_component>
      <object_component id="oc-fd">
         <name>.debug_info</name>
         <load_address>0x715f</load_address>
         <run_address>0x715f</run_address>
         <size>0xd78</size>
         <input_file_ref idref="fl-3"/>
      </object_component>
      <object_component id="oc-fa">
         <name>.debug_info</name>
         <load_address>0x7ed7</load_address>
         <run_address>0x7ed7</run_address>
         <size>0x110</size>
         <input_file_ref idref="fl-3"/>
      </object_component>
      <object_component id="oc-e8">
         <name>.debug_info</name>
         <load_address>0x7fe7</load_address>
         <run_address>0x7fe7</run_address>
         <size>0x10e</size>
         <input_file_ref idref="fl-3"/>
      </object_component>
      <object_component id="oc-eb">
         <name>.debug_info</name>
         <load_address>0x80f5</load_address>
         <run_address>0x80f5</run_address>
         <size>0x10c</size>
         <input_file_ref idref="fl-3"/>
      </object_component>
      <object_component id="oc-9c">
         <name>.debug_info</name>
         <load_address>0x8201</load_address>
         <run_address>0x8201</run_address>
         <size>0xe76</size>
         <input_file_ref idref="fl-3"/>
      </object_component>
      <object_component id="oc-187">
         <name>.debug_info</name>
         <load_address>0x9077</load_address>
         <run_address>0x9077</run_address>
         <size>0x55</size>
         <input_file_ref idref="fl-3"/>
      </object_component>
      <object_component id="oc-103">
         <name>.debug_info</name>
         <load_address>0x90cc</load_address>
         <run_address>0x90cc</run_address>
         <size>0x8a</size>
         <input_file_ref idref="fl-3"/>
      </object_component>
      <object_component id="oc-17d">
         <name>.debug_info</name>
         <load_address>0x9156</load_address>
         <run_address>0x9156</run_address>
         <size>0x2c</size>
         <input_file_ref idref="fl-3"/>
      </object_component>
      <object_component id="oc-1a3">
         <name>.debug_info</name>
         <load_address>0x9182</load_address>
         <run_address>0x9182</run_address>
         <size>0xd3</size>
         <input_file_ref idref="fl-3"/>
      </object_component>
      <object_component id="oc-14f">
         <name>.debug_info</name>
         <load_address>0x9255</load_address>
         <run_address>0x9255</run_address>
         <size>0x2e3</size>
         <input_file_ref idref="fl-4"/>
      </object_component>
      <object_component id="oc-ca">
         <name>.debug_info</name>
         <load_address>0x9538</load_address>
         <run_address>0x9538</run_address>
         <size>0x1edc</size>
         <input_file_ref idref="fl-4"/>
      </object_component>
      <object_component id="oc-151">
         <name>.debug_info</name>
         <load_address>0xb414</load_address>
         <run_address>0xb414</run_address>
         <size>0x809</size>
         <input_file_ref idref="fl-5"/>
      </object_component>
      <object_component id="oc-1a2">
         <name>.debug_info</name>
         <load_address>0xbc1d</load_address>
         <run_address>0xbc1d</run_address>
         <size>0x4c5</size>
         <input_file_ref idref="fl-6"/>
      </object_component>
      <object_component id="oc-193">
         <name>.debug_info</name>
         <load_address>0xc0e2</load_address>
         <run_address>0xc0e2</run_address>
         <size>0x183</size>
         <input_file_ref idref="fl-6"/>
      </object_component>
      <object_component id="oc-19c">
         <name>.debug_info</name>
         <load_address>0xc265</load_address>
         <run_address>0xc265</run_address>
         <size>0x101</size>
         <input_file_ref idref="fl-6"/>
      </object_component>
      <object_component id="oc-196">
         <name>.debug_info</name>
         <load_address>0xc366</load_address>
         <run_address>0xc366</run_address>
         <size>0x105</size>
         <input_file_ref idref="fl-6"/>
      </object_component>
      <object_component id="oc-19f">
         <name>.debug_info</name>
         <load_address>0xc46b</load_address>
         <run_address>0xc46b</run_address>
         <size>0xfd</size>
         <input_file_ref idref="fl-6"/>
      </object_component>
      <object_component id="oc-199">
         <name>.debug_info</name>
         <load_address>0xc568</load_address>
         <run_address>0xc568</run_address>
         <size>0x101</size>
         <input_file_ref idref="fl-6"/>
      </object_component>
      <object_component id="oc-ee">
         <name>.debug_info</name>
         <load_address>0xc669</load_address>
         <run_address>0xc669</run_address>
         <size>0x72a</size>
         <input_file_ref idref="fl-6"/>
      </object_component>
      <object_component id="oc-2f">
         <name>.debug_info</name>
         <load_address>0xcd93</load_address>
         <run_address>0xcd93</run_address>
         <size>0x2dd</size>
         <input_file_ref idref="fl-7"/>
      </object_component>
      <object_component id="oc-13">
         <name>.debug_info</name>
         <load_address>0xd070</load_address>
         <run_address>0xd070</run_address>
         <size>0x11c</size>
         <input_file_ref idref="fl-7"/>
      </object_component>
      <object_component id="oc-28">
         <name>.debug_info</name>
         <load_address>0xd18c</load_address>
         <run_address>0xd18c</run_address>
         <size>0x298</size>
         <input_file_ref idref="fl-7"/>
      </object_component>
      <object_component id="oc-168">
         <name>.debug_info</name>
         <load_address>0xd424</load_address>
         <run_address>0xd424</run_address>
         <size>0x342</size>
         <input_file_ref idref="fl-8"/>
      </object_component>
      <object_component id="oc-d6">
         <name>.debug_info</name>
         <load_address>0xd766</load_address>
         <run_address>0xd766</run_address>
         <size>0x12c0</size>
         <input_file_ref idref="fl-8"/>
      </object_component>
      <object_component id="oc-e2">
         <name>.debug_info</name>
         <load_address>0xea26</load_address>
         <run_address>0xea26</run_address>
         <size>0x249</size>
         <input_file_ref idref="fl-9"/>
      </object_component>
      <object_component id="oc-17c">
         <name>.debug_info</name>
         <load_address>0xec6f</load_address>
         <run_address>0xec6f</run_address>
         <size>0x333</size>
         <input_file_ref idref="fl-c3"/>
      </object_component>
      <object_component id="oc-df">
         <name>.debug_info</name>
         <load_address>0xefa2</load_address>
         <run_address>0xefa2</run_address>
         <size>0x1d1</size>
         <input_file_ref idref="fl-c3"/>
      </object_component>
      <object_component id="oc-173">
         <name>.debug_info</name>
         <load_address>0xf173</load_address>
         <run_address>0xf173</run_address>
         <size>0x18d</size>
         <input_file_ref idref="fl-c3"/>
      </object_component>
      <object_component id="oc-178">
         <name>.debug_info</name>
         <load_address>0xf300</load_address>
         <run_address>0xf300</run_address>
         <size>0x16d</size>
         <input_file_ref idref="fl-c3"/>
      </object_component>
      <object_component id="oc-2d8">
         <name>.debug_info</name>
         <load_address>0xf46d</load_address>
         <run_address>0xf46d</run_address>
         <size>0x2c</size>
         <input_file_ref idref="fl-c3"/>
      </object_component>
      <object_component id="oc-90">
         <name>.debug_info</name>
         <load_address>0xf499</load_address>
         <run_address>0xf499</run_address>
         <size>0x147</size>
         <input_file_ref idref="fl-c4"/>
      </object_component>
      <object_component id="oc-3d">
         <name>.debug_info</name>
         <load_address>0xf5e0</load_address>
         <run_address>0xf5e0</run_address>
         <size>0x119</size>
         <input_file_ref idref="fl-c5"/>
      </object_component>
      <object_component id="oc-ba">
         <name>.debug_info</name>
         <load_address>0xf6f9</load_address>
         <run_address>0xf6f9</run_address>
         <size>0x2c</size>
         <input_file_ref idref="fl-c6"/>
      </object_component>
      <object_component id="oc-46">
         <name>.debug_info</name>
         <load_address>0xf725</load_address>
         <run_address>0xf725</run_address>
         <size>0x2a8</size>
         <input_file_ref idref="fl-c7"/>
      </object_component>
      <object_component id="oc-1c">
         <name>.debug_info</name>
         <load_address>0xf9cd</load_address>
         <run_address>0xf9cd</run_address>
         <size>0x1ea</size>
         <input_file_ref idref="fl-c7"/>
      </object_component>
      <object_component id="oc-41">
         <name>.debug_info</name>
         <load_address>0xfbb7</load_address>
         <run_address>0xfbb7</run_address>
         <size>0x46</size>
         <input_file_ref idref="fl-c7"/>
      </object_component>
      <object_component id="oc-81">
         <name>.debug_info</name>
         <load_address>0xfbfd</load_address>
         <run_address>0xfbfd</run_address>
         <size>0x2c</size>
         <input_file_ref idref="fl-c7"/>
      </object_component>
      <object_component id="oc-7f">
         <name>.debug_info</name>
         <load_address>0xfc29</load_address>
         <run_address>0xfc29</run_address>
         <size>0x29e</size>
         <input_file_ref idref="fl-c8"/>
      </object_component>
      <object_component id="oc-16">
         <name>.debug_info</name>
         <load_address>0xfec7</load_address>
         <run_address>0xfec7</run_address>
         <size>0x250</size>
         <input_file_ref idref="fl-c8"/>
      </object_component>
      <object_component id="oc-31">
         <name>.debug_info</name>
         <load_address>0x10117</load_address>
         <run_address>0x10117</run_address>
         <size>0x60</size>
         <input_file_ref idref="fl-c8"/>
      </object_component>
      <object_component id="oc-b3">
         <name>.debug_info</name>
         <load_address>0x10177</load_address>
         <run_address>0x10177</run_address>
         <size>0x46</size>
         <input_file_ref idref="fl-c8"/>
      </object_component>
      <object_component id="oc-7a">
         <name>.debug_info</name>
         <load_address>0x101bd</load_address>
         <run_address>0x101bd</run_address>
         <size>0x39</size>
         <input_file_ref idref="fl-c8"/>
      </object_component>
      <object_component id="oc-236">
         <name>.debug_info</name>
         <load_address>0x101f6</load_address>
         <run_address>0x101f6</run_address>
         <size>0xfb</size>
         <input_file_ref idref="fl-c9"/>
      </object_component>
      <object_component id="oc-18d">
         <name>.debug_info</name>
         <load_address>0x102f1</load_address>
         <run_address>0x102f1</run_address>
         <size>0x13d</size>
         <input_file_ref idref="fl-c9"/>
      </object_component>
      <object_component id="oc-1a9">
         <name>.debug_info</name>
         <load_address>0x1042e</load_address>
         <run_address>0x1042e</run_address>
         <size>0x28a</size>
         <input_file_ref idref="fl-ca"/>
      </object_component>
      <object_component id="oc-f4">
         <name>.debug_info</name>
         <load_address>0x106b8</load_address>
         <run_address>0x106b8</run_address>
         <size>0x273</size>
         <input_file_ref idref="fl-ca"/>
      </object_component>
      <object_component id="oc-25">
         <name>.debug_info</name>
         <load_address>0x1092b</load_address>
         <run_address>0x1092b</run_address>
         <size>0x10b</size>
         <input_file_ref idref="fl-cb"/>
      </object_component>
      <object_component id="oc-5a">
         <name>.debug_info</name>
         <load_address>0x10a36</load_address>
         <run_address>0x10a36</run_address>
         <size>0x1a9</size>
         <input_file_ref idref="fl-cb"/>
      </object_component>
      <object_component id="oc-226">
         <name>.debug_info</name>
         <load_address>0x10bdf</load_address>
         <run_address>0x10bdf</run_address>
         <size>0x590</size>
         <input_file_ref idref="fl-cc"/>
      </object_component>
      <object_component id="oc-1f1">
         <name>.debug_info</name>
         <load_address>0x1116f</load_address>
         <run_address>0x1116f</run_address>
         <size>0x21e</size>
         <input_file_ref idref="fl-cc"/>
      </object_component>
      <object_component id="oc-29b">
         <name>.debug_info</name>
         <load_address>0x1138d</load_address>
         <run_address>0x1138d</run_address>
         <size>0x1b3</size>
         <input_file_ref idref="fl-cc"/>
      </object_component>
      <object_component id="oc-2a1">
         <name>.debug_info</name>
         <load_address>0x11540</load_address>
         <run_address>0x11540</run_address>
         <size>0x21b</size>
         <input_file_ref idref="fl-cc"/>
      </object_component>
      <object_component id="oc-1fc">
         <name>.debug_info</name>
         <load_address>0x1175b</load_address>
         <run_address>0x1175b</run_address>
         <size>0x3c0</size>
         <input_file_ref idref="fl-cc"/>
      </object_component>
      <object_component id="oc-2a8">
         <name>.debug_info</name>
         <load_address>0x11b1b</load_address>
         <run_address>0x11b1b</run_address>
         <size>0x30a</size>
         <input_file_ref idref="fl-cc"/>
      </object_component>
      <object_component id="oc-2ae">
         <name>.debug_info</name>
         <load_address>0x11e25</load_address>
         <run_address>0x11e25</run_address>
         <size>0x215</size>
         <input_file_ref idref="fl-cc"/>
      </object_component>
      <object_component id="oc-202">
         <name>.debug_info</name>
         <load_address>0x1203a</load_address>
         <run_address>0x1203a</run_address>
         <size>0x215</size>
         <input_file_ref idref="fl-cc"/>
      </object_component>
      <object_component id="oc-208">
         <name>.debug_info</name>
         <load_address>0x1224f</load_address>
         <run_address>0x1224f</run_address>
         <size>0x304</size>
         <input_file_ref idref="fl-cc"/>
      </object_component>
      <object_component id="oc-20e">
         <name>.debug_info</name>
         <load_address>0x12553</load_address>
         <run_address>0x12553</run_address>
         <size>0x4b5</size>
         <input_file_ref idref="fl-cc"/>
      </object_component>
      <object_component id="oc-16a">
         <name>.debug_info</name>
         <load_address>0x12a08</load_address>
         <run_address>0x12a08</run_address>
         <size>0x5f4</size>
         <input_file_ref idref="fl-cc"/>
      </object_component>
      <object_component id="oc-227">
         <name>.debug_info</name>
         <load_address>0x12ffc</load_address>
         <run_address>0x12ffc</run_address>
         <size>0x86</size>
         <input_file_ref idref="fl-cc"/>
      </object_component>
      <object_component id="oc-2dd">
         <name>.debug_info</name>
         <load_address>0x13082</load_address>
         <run_address>0x13082</run_address>
         <size>0x39</size>
         <input_file_ref idref="fl-cc"/>
      </object_component>
      <object_component id="oc-32f">
         <name>.debug_info</name>
         <load_address>0x130bb</load_address>
         <run_address>0x130bb</run_address>
         <size>0xb6</size>
         <input_file_ref idref="fl-cc"/>
      </object_component>
      <object_component id="oc-2e2">
         <name>.debug_info</name>
         <load_address>0x13171</load_address>
         <run_address>0x13171</run_address>
         <size>0x46</size>
         <input_file_ref idref="fl-cc"/>
      </object_component>
      <object_component id="oc-22c">
         <name>.debug_info</name>
         <load_address>0x131b7</load_address>
         <run_address>0x131b7</run_address>
         <size>0x46</size>
         <input_file_ref idref="fl-cc"/>
      </object_component>
      <object_component id="oc-312">
         <name>.debug_info</name>
         <load_address>0x131fd</load_address>
         <run_address>0x131fd</run_address>
         <size>0x29a</size>
         <input_file_ref idref="fl-cd"/>
      </object_component>
      <object_component id="oc-2b6">
         <name>.debug_info</name>
         <load_address>0x13497</load_address>
         <run_address>0x13497</run_address>
         <size>0x195</size>
         <input_file_ref idref="fl-cd"/>
      </object_component>
      <object_component id="oc-33b">
         <name>.debug_info</name>
         <load_address>0x1362c</load_address>
         <run_address>0x1362c</run_address>
         <size>0x39</size>
         <input_file_ref idref="fl-cd"/>
      </object_component>
      <object_component id="oc-313">
         <name>.debug_info</name>
         <load_address>0x13665</load_address>
         <run_address>0x13665</run_address>
         <size>0x2c</size>
         <input_file_ref idref="fl-cd"/>
      </object_component>
      <object_component id="oc-31f">
         <name>.debug_info</name>
         <load_address>0x13691</load_address>
         <run_address>0x13691</run_address>
         <size>0x2fd</size>
         <input_file_ref idref="fl-ce"/>
      </object_component>
      <object_component id="oc-2bc">
         <name>.debug_info</name>
         <load_address>0x1398e</load_address>
         <run_address>0x1398e</run_address>
         <size>0x225</size>
         <input_file_ref idref="fl-ce"/>
      </object_component>
      <object_component id="oc-31b">
         <name>.debug_info</name>
         <load_address>0x13bb3</load_address>
         <run_address>0x13bb3</run_address>
         <size>0x161</size>
         <input_file_ref idref="fl-cf"/>
      </object_component>
      <object_component id="oc-272">
         <name>.debug_info</name>
         <load_address>0x13d14</load_address>
         <run_address>0x13d14</run_address>
         <size>0x134</size>
         <input_file_ref idref="fl-d0"/>
      </object_component>
      <object_component id="oc-296">
         <name>.debug_info</name>
         <load_address>0x13e48</load_address>
         <run_address>0x13e48</run_address>
         <size>0x14c</size>
         <input_file_ref idref="fl-d1"/>
      </object_component>
      <object_component id="oc-1f8">
         <name>.debug_info</name>
         <load_address>0x13f94</load_address>
         <run_address>0x13f94</run_address>
         <size>0x128</size>
         <input_file_ref idref="fl-d2"/>
      </object_component>
      <object_component id="oc-282">
         <name>.debug_info</name>
         <load_address>0x140bc</load_address>
         <run_address>0x140bc</run_address>
         <size>0x12a</size>
         <input_file_ref idref="fl-d2"/>
      </object_component>
      <object_component id="oc-27c">
         <name>.debug_info</name>
         <load_address>0x141e6</load_address>
         <run_address>0x141e6</run_address>
         <size>0x13a</size>
         <input_file_ref idref="fl-d3"/>
      </object_component>
      <object_component id="oc-277">
         <name>.debug_info</name>
         <load_address>0x14320</load_address>
         <run_address>0x14320</run_address>
         <size>0x13a</size>
         <input_file_ref idref="fl-d4"/>
      </object_component>
      <object_component id="oc-286">
         <name>.debug_info</name>
         <load_address>0x1445a</load_address>
         <run_address>0x1445a</run_address>
         <size>0x12e</size>
         <input_file_ref idref="fl-d5"/>
      </object_component>
      <object_component id="oc-291">
         <name>.debug_info</name>
         <load_address>0x14588</load_address>
         <run_address>0x14588</run_address>
         <size>0x12c</size>
         <input_file_ref idref="fl-d6"/>
      </object_component>
      <object_component id="oc-1be">
         <name>.debug_info</name>
         <load_address>0x146b4</load_address>
         <run_address>0x146b4</run_address>
         <size>0x4b3</size>
         <input_file_ref idref="fl-d7"/>
      </object_component>
      <object_component id="oc-115">
         <name>.debug_info</name>
         <load_address>0x14b67</load_address>
         <run_address>0x14b67</run_address>
         <size>0x1a6</size>
         <input_file_ref idref="fl-d7"/>
      </object_component>
      <object_component id="oc-257">
         <name>.debug_info</name>
         <load_address>0x14d0d</load_address>
         <run_address>0x14d0d</run_address>
         <size>0x39</size>
         <input_file_ref idref="fl-d7"/>
      </object_component>
      <object_component id="oc-2ec">
         <name>.debug_info</name>
         <load_address>0x14d46</load_address>
         <run_address>0x14d46</run_address>
         <size>0x39</size>
         <input_file_ref idref="fl-d7"/>
      </object_component>
      <object_component id="oc-25c">
         <name>.debug_info</name>
         <load_address>0x14d7f</load_address>
         <run_address>0x14d7f</run_address>
         <size>0x39</size>
         <input_file_ref idref="fl-d7"/>
      </object_component>
      <object_component id="oc-261">
         <name>.debug_info</name>
         <load_address>0x14db8</load_address>
         <run_address>0x14db8</run_address>
         <size>0xcd</size>
         <input_file_ref idref="fl-d7"/>
      </object_component>
      <object_component id="oc-96">
         <name>.debug_info</name>
         <load_address>0x14e85</load_address>
         <run_address>0x14e85</run_address>
         <size>0x153</size>
         <input_file_ref idref="fl-d8"/>
      </object_component>
      <object_component id="oc-109">
         <name>.debug_info</name>
         <load_address>0x14fd8</load_address>
         <run_address>0x14fd8</run_address>
         <size>0x122</size>
         <input_file_ref idref="fl-da"/>
      </object_component>
      <object_component id="oc-251">
         <name>.debug_info</name>
         <load_address>0x150fa</load_address>
         <run_address>0x150fa</run_address>
         <size>0x2c9</size>
         <input_file_ref idref="fl-db"/>
      </object_component>
      <object_component id="oc-1b8">
         <name>.debug_info</name>
         <load_address>0x153c3</load_address>
         <run_address>0x153c3</run_address>
         <size>0x11e</size>
         <input_file_ref idref="fl-db"/>
      </object_component>
      <object_component id="oc-24a">
         <name>.debug_info</name>
         <load_address>0x154e1</load_address>
         <run_address>0x154e1</run_address>
         <size>0x12e</size>
         <input_file_ref idref="fl-db"/>
      </object_component>
      <object_component id="oc-30a">
         <name>.debug_info</name>
         <load_address>0x1560f</load_address>
         <run_address>0x1560f</run_address>
         <size>0x29c</size>
         <input_file_ref idref="fl-dc"/>
      </object_component>
      <object_component id="oc-28b">
         <name>.debug_info</name>
         <load_address>0x158ab</load_address>
         <run_address>0x158ab</run_address>
         <size>0x1da</size>
         <input_file_ref idref="fl-dc"/>
      </object_component>
      <object_component id="oc-26e">
         <name>.debug_info</name>
         <load_address>0x15a85</load_address>
         <run_address>0x15a85</run_address>
         <size>0x2b9</size>
         <input_file_ref idref="fl-de"/>
      </object_component>
      <object_component id="oc-1eb">
         <name>.debug_info</name>
         <load_address>0x15d3e</load_address>
         <run_address>0x15d3e</run_address>
         <size>0x17c</size>
         <input_file_ref idref="fl-de"/>
      </object_component>
      <object_component id="oc-2fc">
         <name>.debug_info</name>
         <load_address>0x15eba</load_address>
         <run_address>0x15eba</run_address>
         <size>0xf9</size>
         <input_file_ref idref="fl-df"/>
      </object_component>
      <object_component id="oc-26b">
         <name>.debug_info</name>
         <load_address>0x15fb3</load_address>
         <run_address>0x15fb3</run_address>
         <size>0x105</size>
         <input_file_ref idref="fl-df"/>
      </object_component>
      <object_component id="oc-2c9">
         <name>.debug_info</name>
         <load_address>0x160b8</load_address>
         <run_address>0x160b8</run_address>
         <size>0x2a7</size>
         <input_file_ref idref="fl-e0"/>
      </object_component>
      <object_component id="oc-214">
         <name>.debug_info</name>
         <load_address>0x1635f</load_address>
         <run_address>0x1635f</run_address>
         <size>0x1b8</size>
         <input_file_ref idref="fl-e0"/>
      </object_component>
      <object_component id="oc-321">
         <name>.debug_info</name>
         <load_address>0x16517</load_address>
         <run_address>0x16517</run_address>
         <size>0x29a</size>
         <input_file_ref idref="fl-e1"/>
      </object_component>
      <object_component id="oc-2c2">
         <name>.debug_info</name>
         <load_address>0x167b1</load_address>
         <run_address>0x167b1</run_address>
         <size>0x262</size>
         <input_file_ref idref="fl-e1"/>
      </object_component>
      <object_component id="oc-269">
         <name>.debug_info</name>
         <load_address>0x16a13</load_address>
         <run_address>0x16a13</run_address>
         <size>0x28f</size>
         <input_file_ref idref="fl-e2"/>
      </object_component>
      <object_component id="oc-1e5">
         <name>.debug_info</name>
         <load_address>0x16ca2</load_address>
         <run_address>0x16ca2</run_address>
         <size>0x245</size>
         <input_file_ref idref="fl-e2"/>
      </object_component>
      <object_component id="oc-2d5">
         <name>.debug_info</name>
         <load_address>0x16ee7</load_address>
         <run_address>0x16ee7</run_address>
         <size>0x289</size>
         <input_file_ref idref="fl-e3"/>
      </object_component>
      <object_component id="oc-2d2">
         <name>.debug_info</name>
         <load_address>0x17170</load_address>
         <run_address>0x17170</run_address>
         <size>0x10e</size>
         <input_file_ref idref="fl-e3"/>
      </object_component>
      <object_component id="oc-220">
         <name>.debug_info</name>
         <load_address>0x1727e</load_address>
         <run_address>0x1727e</run_address>
         <size>0x14e</size>
         <input_file_ref idref="fl-e3"/>
      </object_component>
      <object_component id="oc-2d0">
         <name>.debug_info</name>
         <load_address>0x173cc</load_address>
         <run_address>0x173cc</run_address>
         <size>0x28f</size>
         <input_file_ref idref="fl-e4"/>
      </object_component>
      <object_component id="oc-21a">
         <name>.debug_info</name>
         <load_address>0x1765b</load_address>
         <run_address>0x1765b</run_address>
         <size>0x15a</size>
         <input_file_ref idref="fl-e4"/>
      </object_component>
      <object_component id="oc-324">
         <name>.debug_info</name>
         <load_address>0x177b5</load_address>
         <run_address>0x177b5</run_address>
         <size>0x46</size>
         <input_file_ref idref="fl-e4"/>
      </object_component>
      <object_component id="oc-2cb">
         <name>.debug_info</name>
         <load_address>0x177fb</load_address>
         <run_address>0x177fb</run_address>
         <size>0x39</size>
         <input_file_ref idref="fl-e4"/>
      </object_component>
      <object_component id="oc-300">
         <name>.debug_info</name>
         <load_address>0x17834</load_address>
         <run_address>0x17834</run_address>
         <size>0x115</size>
         <input_file_ref idref="fl-e5"/>
      </object_component>
      <object_component id="oc-373">
         <name>.debug_info</name>
         <load_address>0x17949</load_address>
         <run_address>0x17949</run_address>
         <size>0xcf</size>
      </object_component>
      <object_component id="oc-147">
         <name>.debug_line</name>
         <load_address>0x0</load_address>
         <run_address>0x0</run_address>
         <size>0x20</size>
         <input_file_ref idref="fl-1"/>
      </object_component>
      <object_component id="oc-c7">
         <name>.debug_line</name>
         <load_address>0x20</load_address>
         <run_address>0x20</run_address>
         <size>0x95</size>
         <input_file_ref idref="fl-1"/>
      </object_component>
      <object_component id="oc-73">
         <name>.debug_line</name>
         <load_address>0xb5</load_address>
         <run_address>0xb5</run_address>
         <size>0x7a</size>
         <input_file_ref idref="fl-1"/>
      </object_component>
      <object_component id="oc-39">
         <name>.debug_line</name>
         <load_address>0x12f</load_address>
         <run_address>0x12f</run_address>
         <size>0x20</size>
         <input_file_ref idref="fl-1"/>
      </object_component>
      <object_component id="oc-b0">
         <name>.debug_line</name>
         <load_address>0x14f</load_address>
         <run_address>0x14f</run_address>
         <size>0x7e</size>
         <input_file_ref idref="fl-1"/>
      </object_component>
      <object_component id="oc-78">
         <name>.debug_line</name>
         <load_address>0x1cd</load_address>
         <run_address>0x1cd</run_address>
         <size>0x7b</size>
         <input_file_ref idref="fl-1"/>
      </object_component>
      <object_component id="oc-1e1">
         <name>.debug_line</name>
         <load_address>0x248</load_address>
         <run_address>0x248</run_address>
         <size>0x13d</size>
         <input_file_ref idref="fl-2"/>
      </object_component>
      <object_component id="oc-1d9">
         <name>.debug_line</name>
         <load_address>0x385</load_address>
         <run_address>0x385</run_address>
         <size>0x7f</size>
         <input_file_ref idref="fl-2"/>
      </object_component>
      <object_component id="oc-1d7">
         <name>.debug_line</name>
         <load_address>0x404</load_address>
         <run_address>0x404</run_address>
         <size>0x7f</size>
         <input_file_ref idref="fl-2"/>
      </object_component>
      <object_component id="oc-1db">
         <name>.debug_line</name>
         <load_address>0x483</load_address>
         <run_address>0x483</run_address>
         <size>0x7f</size>
         <input_file_ref idref="fl-2"/>
      </object_component>
      <object_component id="oc-1dd">
         <name>.debug_line</name>
         <load_address>0x502</load_address>
         <run_address>0x502</run_address>
         <size>0x7f</size>
         <input_file_ref idref="fl-2"/>
      </object_component>
      <object_component id="oc-1df">
         <name>.debug_line</name>
         <load_address>0x581</load_address>
         <run_address>0x581</run_address>
         <size>0x7f</size>
         <input_file_ref idref="fl-2"/>
      </object_component>
      <object_component id="oc-d3">
         <name>.debug_line</name>
         <load_address>0x600</load_address>
         <run_address>0x600</run_address>
         <size>0x926</size>
         <input_file_ref idref="fl-2"/>
      </object_component>
      <object_component id="oc-14d">
         <name>.debug_line</name>
         <load_address>0xf26</load_address>
         <run_address>0xf26</run_address>
         <size>0x7f</size>
         <input_file_ref idref="fl-2"/>
      </object_component>
      <object_component id="oc-101">
         <name>.debug_line</name>
         <load_address>0xfa5</load_address>
         <run_address>0xfa5</run_address>
         <size>0x20</size>
         <input_file_ref idref="fl-2"/>
      </object_component>
      <object_component id="oc-1b1">
         <name>.debug_line</name>
         <load_address>0xfc5</load_address>
         <run_address>0xfc5</run_address>
         <size>0x7f</size>
         <input_file_ref idref="fl-2"/>
      </object_component>
      <object_component id="oc-1ad">
         <name>.debug_line</name>
         <load_address>0x1044</load_address>
         <run_address>0x1044</run_address>
         <size>0x2b4</size>
         <input_file_ref idref="fl-3"/>
      </object_component>
      <object_component id="oc-1ab">
         <name>.debug_line</name>
         <load_address>0x12f8</load_address>
         <run_address>0x12f8</run_address>
         <size>0x31</size>
         <input_file_ref idref="fl-3"/>
      </object_component>
      <object_component id="oc-184">
         <name>.debug_line</name>
         <load_address>0x1329</load_address>
         <run_address>0x1329</run_address>
         <size>0x31</size>
         <input_file_ref idref="fl-3"/>
      </object_component>
      <object_component id="oc-186">
         <name>.debug_line</name>
         <load_address>0x135a</load_address>
         <run_address>0x135a</run_address>
         <size>0x31</size>
         <input_file_ref idref="fl-3"/>
      </object_component>
      <object_component id="oc-9f">
         <name>.debug_line</name>
         <load_address>0x138b</load_address>
         <run_address>0x138b</run_address>
         <size>0x1e1</size>
         <input_file_ref idref="fl-3"/>
      </object_component>
      <object_component id="oc-18a">
         <name>.debug_line</name>
         <load_address>0x156c</load_address>
         <run_address>0x156c</run_address>
         <size>0x31</size>
         <input_file_ref idref="fl-3"/>
      </object_component>
      <object_component id="oc-106">
         <name>.debug_line</name>
         <load_address>0x159d</load_address>
         <run_address>0x159d</run_address>
         <size>0x80</size>
         <input_file_ref idref="fl-3"/>
      </object_component>
      <object_component id="oc-180">
         <name>.debug_line</name>
         <load_address>0x161d</load_address>
         <run_address>0x161d</run_address>
         <size>0x76</size>
         <input_file_ref idref="fl-3"/>
      </object_component>
      <object_component id="oc-1a6">
         <name>.debug_line</name>
         <load_address>0x1693</load_address>
         <run_address>0x1693</run_address>
         <size>0x2c</size>
         <input_file_ref idref="fl-3"/>
      </object_component>
      <object_component id="oc-1d4">
         <name>.debug_line</name>
         <load_address>0x16bf</load_address>
         <run_address>0x16bf</run_address>
         <size>0x20</size>
         <input_file_ref idref="fl-4"/>
      </object_component>
      <object_component id="oc-cd">
         <name>.debug_line</name>
         <load_address>0x16df</load_address>
         <run_address>0x16df</run_address>
         <size>0x3ec</size>
         <input_file_ref idref="fl-4"/>
      </object_component>
      <object_component id="oc-154">
         <name>.debug_line</name>
         <load_address>0x1acb</load_address>
         <run_address>0x1acb</run_address>
         <size>0x12f</size>
         <input_file_ref idref="fl-5"/>
      </object_component>
      <object_component id="oc-244">
         <name>.debug_line</name>
         <load_address>0x1bfa</load_address>
         <run_address>0x1bfa</run_address>
         <size>0xd5</size>
         <input_file_ref idref="fl-6"/>
      </object_component>
      <object_component id="oc-23a">
         <name>.debug_line</name>
         <load_address>0x1ccf</load_address>
         <run_address>0x1ccf</run_address>
         <size>0x2c</size>
         <input_file_ref idref="fl-6"/>
      </object_component>
      <object_component id="oc-240">
         <name>.debug_line</name>
         <load_address>0x1cfb</load_address>
         <run_address>0x1cfb</run_address>
         <size>0x2c</size>
         <input_file_ref idref="fl-6"/>
      </object_component>
      <object_component id="oc-23c">
         <name>.debug_line</name>
         <load_address>0x1d27</load_address>
         <run_address>0x1d27</run_address>
         <size>0x2c</size>
         <input_file_ref idref="fl-6"/>
      </object_component>
      <object_component id="oc-242">
         <name>.debug_line</name>
         <load_address>0x1d53</load_address>
         <run_address>0x1d53</run_address>
         <size>0x2c</size>
         <input_file_ref idref="fl-6"/>
      </object_component>
      <object_component id="oc-23e">
         <name>.debug_line</name>
         <load_address>0x1d7f</load_address>
         <run_address>0x1d7f</run_address>
         <size>0x2c</size>
         <input_file_ref idref="fl-6"/>
      </object_component>
      <object_component id="oc-f1">
         <name>.debug_line</name>
         <load_address>0x1dab</load_address>
         <run_address>0x1dab</run_address>
         <size>0x168</size>
         <input_file_ref idref="fl-6"/>
      </object_component>
      <object_component id="oc-6f">
         <name>.debug_line</name>
         <load_address>0x1f13</load_address>
         <run_address>0x1f13</run_address>
         <size>0x41</size>
         <input_file_ref idref="fl-7"/>
      </object_component>
      <object_component id="oc-2e">
         <name>.debug_line</name>
         <load_address>0x1f54</load_address>
         <run_address>0x1f54</run_address>
         <size>0x41</size>
         <input_file_ref idref="fl-7"/>
      </object_component>
      <object_component id="oc-2b">
         <name>.debug_line</name>
         <load_address>0x1f95</load_address>
         <run_address>0x1f95</run_address>
         <size>0xa1</size>
         <input_file_ref idref="fl-7"/>
      </object_component>
      <object_component id="oc-1e3">
         <name>.debug_line</name>
         <load_address>0x2036</load_address>
         <run_address>0x2036</run_address>
         <size>0x20</size>
         <input_file_ref idref="fl-8"/>
      </object_component>
      <object_component id="oc-d9">
         <name>.debug_line</name>
         <load_address>0x2056</load_address>
         <run_address>0x2056</run_address>
         <size>0x313</size>
         <input_file_ref idref="fl-8"/>
      </object_component>
      <object_component id="oc-e5">
         <name>.debug_line</name>
         <load_address>0x2369</load_address>
         <run_address>0x2369</run_address>
         <size>0xa4</size>
         <input_file_ref idref="fl-9"/>
      </object_component>
      <object_component id="oc-234">
         <name>.debug_line</name>
         <load_address>0x240d</load_address>
         <run_address>0x240d</run_address>
         <size>0x2d</size>
         <input_file_ref idref="fl-c3"/>
      </object_component>
      <object_component id="oc-de">
         <name>.debug_line</name>
         <load_address>0x243a</load_address>
         <run_address>0x243a</run_address>
         <size>0x4b</size>
         <input_file_ref idref="fl-c3"/>
      </object_component>
      <object_component id="oc-172">
         <name>.debug_line</name>
         <load_address>0x2485</load_address>
         <run_address>0x2485</run_address>
         <size>0x4b</size>
         <input_file_ref idref="fl-c3"/>
      </object_component>
      <object_component id="oc-17a">
         <name>.debug_line</name>
         <load_address>0x24d0</load_address>
         <run_address>0x24d0</run_address>
         <size>0x3f</size>
         <input_file_ref idref="fl-c3"/>
      </object_component>
      <object_component id="oc-2db">
         <name>.debug_line</name>
         <load_address>0x250f</load_address>
         <run_address>0x250f</run_address>
         <size>0x91</size>
         <input_file_ref idref="fl-c3"/>
      </object_component>
      <object_component id="oc-93">
         <name>.debug_line</name>
         <load_address>0x25a0</load_address>
         <run_address>0x25a0</run_address>
         <size>0x79</size>
         <input_file_ref idref="fl-c4"/>
      </object_component>
      <object_component id="oc-3f">
         <name>.debug_line</name>
         <load_address>0x2619</load_address>
         <run_address>0x2619</run_address>
         <size>0x88</size>
         <input_file_ref idref="fl-c5"/>
      </object_component>
      <object_component id="oc-bd">
         <name>.debug_line</name>
         <load_address>0x26a1</load_address>
         <run_address>0x26a1</run_address>
         <size>0x92</size>
         <input_file_ref idref="fl-c6"/>
      </object_component>
      <object_component id="oc-87">
         <name>.debug_line</name>
         <load_address>0x2733</load_address>
         <run_address>0x2733</run_address>
         <size>0x20</size>
         <input_file_ref idref="fl-c7"/>
      </object_component>
      <object_component id="oc-1f">
         <name>.debug_line</name>
         <load_address>0x2753</load_address>
         <run_address>0x2753</run_address>
         <size>0x55</size>
         <input_file_ref idref="fl-c7"/>
      </object_component>
      <object_component id="oc-44">
         <name>.debug_line</name>
         <load_address>0x27a8</load_address>
         <run_address>0x27a8</run_address>
         <size>0x3a</size>
         <input_file_ref idref="fl-c7"/>
      </object_component>
      <object_component id="oc-84">
         <name>.debug_line</name>
         <load_address>0x27e2</load_address>
         <run_address>0x27e2</run_address>
         <size>0x92</size>
         <input_file_ref idref="fl-c7"/>
      </object_component>
      <object_component id="oc-b9">
         <name>.debug_line</name>
         <load_address>0x2874</load_address>
         <run_address>0x2874</run_address>
         <size>0x20</size>
         <input_file_ref idref="fl-c8"/>
      </object_component>
      <object_component id="oc-19">
         <name>.debug_line</name>
         <load_address>0x2894</load_address>
         <run_address>0x2894</run_address>
         <size>0xa9</size>
         <input_file_ref idref="fl-c8"/>
      </object_component>
      <object_component id="oc-34">
         <name>.debug_line</name>
         <load_address>0x293d</load_address>
         <run_address>0x293d</run_address>
         <size>0x3a</size>
         <input_file_ref idref="fl-c8"/>
      </object_component>
      <object_component id="oc-b6">
         <name>.debug_line</name>
         <load_address>0x2977</load_address>
         <run_address>0x2977</run_address>
         <size>0x9a</size>
         <input_file_ref idref="fl-c8"/>
      </object_component>
      <object_component id="oc-7d">
         <name>.debug_line</name>
         <load_address>0x2a11</load_address>
         <run_address>0x2a11</run_address>
         <size>0x96</size>
         <input_file_ref idref="fl-c8"/>
      </object_component>
      <object_component id="oc-2e8">
         <name>.debug_line</name>
         <load_address>0x2aa7</load_address>
         <run_address>0x2aa7</run_address>
         <size>0x2a</size>
         <input_file_ref idref="fl-c9"/>
      </object_component>
      <object_component id="oc-190">
         <name>.debug_line</name>
         <load_address>0x2ad1</load_address>
         <run_address>0x2ad1</run_address>
         <size>0x45</size>
         <input_file_ref idref="fl-c9"/>
      </object_component>
      <object_component id="oc-246">
         <name>.debug_line</name>
         <load_address>0x2b16</load_address>
         <run_address>0x2b16</run_address>
         <size>0x20</size>
         <input_file_ref idref="fl-ca"/>
      </object_component>
      <object_component id="oc-f7">
         <name>.debug_line</name>
         <load_address>0x2b36</load_address>
         <run_address>0x2b36</run_address>
         <size>0xad</size>
         <input_file_ref idref="fl-ca"/>
      </object_component>
      <object_component id="oc-6c">
         <name>.debug_line</name>
         <load_address>0x2be3</load_address>
         <run_address>0x2be3</run_address>
         <size>0x33</size>
         <input_file_ref idref="fl-cb"/>
      </object_component>
      <object_component id="oc-5d">
         <name>.debug_line</name>
         <load_address>0x2c16</load_address>
         <run_address>0x2c16</run_address>
         <size>0x45</size>
         <input_file_ref idref="fl-cb"/>
      </object_component>
      <object_component id="oc-2d7">
         <name>.debug_line</name>
         <load_address>0x2c5b</load_address>
         <run_address>0x2c5b</run_address>
         <size>0x264</size>
         <input_file_ref idref="fl-cc"/>
      </object_component>
      <object_component id="oc-1f4">
         <name>.debug_line</name>
         <load_address>0x2ebf</load_address>
         <run_address>0x2ebf</run_address>
         <size>0x7a</size>
         <input_file_ref idref="fl-cc"/>
      </object_component>
      <object_component id="oc-29e">
         <name>.debug_line</name>
         <load_address>0x2f39</load_address>
         <run_address>0x2f39</run_address>
         <size>0x51</size>
         <input_file_ref idref="fl-cc"/>
      </object_component>
      <object_component id="oc-2a4">
         <name>.debug_line</name>
         <load_address>0x2f8a</load_address>
         <run_address>0x2f8a</run_address>
         <size>0x88</size>
         <input_file_ref idref="fl-cc"/>
      </object_component>
      <object_component id="oc-1ff">
         <name>.debug_line</name>
         <load_address>0x3012</load_address>
         <run_address>0x3012</run_address>
         <size>0x14d</size>
         <input_file_ref idref="fl-cc"/>
[...]
         <value>0x41f</value>
         <object_component_ref idref="oc-cf"/>
      </symbol>
      <symbol id="sm-18c">
         <name>etherPutPacket</name>
         <value>0x795</value>
         <object_component_ref idref="oc-cf"/>
      </symbol>
      <symbol id="sm-18d">
         <name>sequenceId</name>
         <value>0x20001032</value>
         <object_component_ref idref="oc-159"/>
      </symbol>
      <symbol id="sm-229">
         <name>initHw</name>
         <value>0x2759</value>
         <object_component_ref idref="oc-9b"/>
      </symbol>
      <symbol id="sm-22a">
         <name>connectMQTT</name>
         <value>0x28b9</value>
         <object_component_ref idref="oc-9b"/>
      </symbol>
      <symbol id="sm-22b">
         <name>ipAddressMQTT</name>
         <value>0x20001038</value>
         <object_component_ref idref="oc-e7"/>
      </symbol>
      <symbol id="sm-22c">
         <name>displayConnectionInfo</name>
         <value>0x278d</value>
         <object_component_ref idref="oc-9b"/>
      </symbol>
      <symbol id="sm-22d">
         <name>macAddressMQTT</name>
         <value>0x20001020</value>
         <object_component_ref idref="oc-f9"/>
      </symbol>
      <symbol id="sm-22e">
         <name>main</name>
         <value>0x2927</value>
         <object_component_ref idref="oc-9b"/>
      </symbol>
      <symbol id="sm-22f">
         <name>currentState</name>
         <value>0x20001050</value>
         <object_component_ref idref="oc-ea"/>
      </symbol>
      <symbol id="sm-230">
         <name>printMAC</name>
         <value>0x2869</value>
         <object_component_ref idref="oc-9b"/>
      </symbol>
      <symbol id="sm-231">
         <name>printIP</name>
         <value>0x2819</value>
         <object_component_ref idref="oc-9b"/>
      </symbol>
      <symbol id="sm-2a5">
         <name>selectPinInterruptBothEdges</name>
         <value>0x24db</value>
         <object_component_ref idref="oc-c9"/>
      </symbol>
      <symbol id="sm-2a6">
         <name>getPortValue</name>
         <value>0x26c9</value>
         <object_component_ref idref="oc-c9"/>
      </symbol>
      <symbol id="sm-2a7">
         <name>selectPinAnalogInput</name>
         <value>0x21bf</value>
         <object_component_ref idref="oc-c9"/>
      </symbol>
      <symbol id="sm-2a8">
         <name>selectPinPushPullOutput</name>
         <value>0x20d5</value>
         <object_component_ref idref="oc-c9"/>
      </symbol>
      <symbol id="sm-2a9">
         <name>selectPinInterruptHighLevel</name>
         <value>0x2531</value>
         <object_component_ref idref="oc-c9"/>
      </symbol>
      <symbol id="sm-2aa">
         <name>selectPinInterruptFallingEdge</name>
         <value>0x248b</value>
         <object_component_ref idref="oc-c9"/>
      </symbol>
      <symbol id="sm-2ab">
         <name>selectPinOpenDrainOutput</name>
         <value>0x2123</value>
         <object_component_ref idref="oc-c9"/>
      </symbol>
      <symbol id="sm-2ac">
         <name>selectPinInterruptLowLevel</name>
         <value>0x256b</value>
         <object_component_ref idref="oc-c9"/>
      </symbol>
      <symbol id="sm-2ad">
         <name>setPortValue</name>
         <value>0x2645</value>
         <object_component_ref idref="oc-c9"/>
      </symbol>
      <symbol id="sm-2ae">
         <name>enablePinInterrupt</name>
         <value>0x25a5</value>
         <object_component_ref idref="oc-c9"/>
      </symbol>
      <symbol id="sm-2af">
         <name>setPinAuxFunction</name>
         <value>0x2329</value>
         <object_component_ref idref="oc-c9"/>
      </symbol>
      <symbol id="sm-2b0">
         <name>enablePort</name>
         <value>0x1f99</value>
         <object_component_ref idref="oc-c9"/>
      </symbol>
      <symbol id="sm-2b1">
         <name>disablePinPulldown</name>
         <value>0x2301</value>
         <object_component_ref idref="oc-c9"/>
      </symbol>
      <symbol id="sm-2b2">
         <name>setPinCommitControl</name>
         <value>0x220f</value>
         <object_component_ref idref="oc-c9"/>
      </symbol>
      <symbol id="sm-2b3">
         <name>disablePort</name>
         <value>0x2055</value>
         <object_component_ref idref="oc-c9"/>
      </symbol>
      <symbol id="sm-2b4">
         <name>disablePinInterrupt</name>
         <value>0x25c9</value>
         <object_component_ref idref="oc-c9"/>
      </symbol>
      <symbol id="sm-2b5">
         <name>enablePinPullup</name>
         <value>0x228b</value>
         <object_component_ref idref="oc-c9"/>
      </symbol>
      <symbol id="sm-2b6">
         <name>getPinValue</name>
         <value>0x2613</value>
         <object_component_ref idref="oc-c9"/>
      </symbol>
      <symbol id="sm-2b7">
         <name>enablePinPulldown</name>
         <value>0x22dd</value>
         <object_component_ref idref="oc-c9"/>
      </symbol>
      <symbol id="sm-2b8">
         <name>disablePinPullup</name>
         <value>0x22b9</value>
         <object_component_ref idref="oc-c9"/>
      </symbol>
      <symbol id="sm-2b9">
         <name>selectPinDigitalInput</name>
         <value>0x2171</value>
         <object_component_ref idref="oc-c9"/>
      </symbol>
      <symbol id="sm-2ba">
         <name>selectPinInterruptRisingEdge</name>
         <value>0x243b</value>
         <object_component_ref idref="oc-c9"/>
      </symbol>
      <symbol id="sm-2bb">
         <name>setPinValue</name>
         <value>0x25ed</value>
         <object_component_ref idref="oc-c9"/>
      </symbol>
      <symbol id="sm-2d7">
         <name>setSpi0Mode</name>
         <value>0x3f8f</value>
         <object_component_ref idref="oc-150"/>
      </symbol>
      <symbol id="sm-2d8">
         <name>readSpi0Data</name>
         <value>0x3ff5</value>
         <object_component_ref idref="oc-150"/>
      </symbol>
      <symbol id="sm-2d9">
         <name>writeSpi0Data</name>
         <value>0x3fdd</value>
         <object_component_ref idref="oc-150"/>
      </symbol>
      <symbol id="sm-2da">
         <name>initSpi0</name>
         <value>0x3ebd</value>
         <object_component_ref idref="oc-150"/>
      </symbol>
      <symbol id="sm-2db">
         <name>setSpi0BaudRate</name>
         <value>0x3f59</value>
         <object_component_ref idref="oc-150"/>
      </symbol>
      <symbol id="sm-33e">
         <name>etherTCPACK</name>
         <value>0x3745</value>
         <object_component_ref idref="oc-ed"/>
      </symbol>
      <symbol id="sm-33f">
         <name>seq</name>
         <value>0x20001008</value>
         <object_component_ref idref="oc-192"/>
      </symbol>
      <symbol id="sm-340">
         <name>source_ip</name>
         <value>0x2000104c</value>
         <object_component_ref idref="oc-198"/>
      </symbol>
      <symbol id="sm-341">
         <name>currentTCPState</name>
         <value>0x20001000</value>
         <object_component_ref idref="oc-192"/>
      </symbol>
      <symbol id="sm-342">
         <name>source_addr</name>
         <value>0x20001026</value>
         <object_component_ref idref="oc-195"/>
      </symbol>
      <symbol id="sm-343">
         <name>dest_ip</name>
         <value>0x2000102c</value>
         <object_component_ref idref="oc-19e"/>
      </symbol>
      <symbol id="sm-344">
         <name>dest_port</name>
         <value>0x20001004</value>
         <object_component_ref idref="oc-192"/>
      </symbol>
      <symbol id="sm-345">
         <name>etherHandleTCPPacket</name>
         <value>0x3715</value>
         <object_component_ref idref="oc-ed"/>
      </symbol>
      <symbol id="sm-346">
         <name>etherOpenTCPConnection</name>
         <value>0x33f9</value>
         <object_component_ref idref="oc-ed"/>
      </symbol>
      <symbol id="sm-347">
         <name>id</name>
         <value>0x20001006</value>
         <object_component_ref idref="oc-192"/>
      </symbol>
      <symbol id="sm-348">
         <name>dest_addr</name>
         <value>0x20001014</value>
         <object_component_ref idref="oc-19b"/>
      </symbol>
      <symbol id="sm-349">
         <name>etherIsTCPPacket</name>
         <value>0x35dd</value>
         <object_component_ref idref="oc-ed"/>
      </symbol>
      <symbol id="sm-34a">
         <name>source_port</name>
         <value>0x20001002</value>
         <object_component_ref idref="oc-192"/>
      </symbol>
      <symbol id="sm-366">
         <name>ResetISR</name>
         <value>0x4e33</value>
         <object_component_ref idref="oc-27"/>
      </symbol>
      <symbol id="sm-367">
         <name>g_pfnVectors</name>
         <value>0x0</value>
         <object_component_ref idref="oc-12"/>
      </symbol>
      <symbol id="sm-3bf">
         <name>getcUart0</name>
         <value>0x3053</value>
         <object_component_ref idref="oc-d5"/>
      </symbol>
      <symbol id="sm-3c0">
         <name>isCommand</name>
         <value>0x3353</value>
         <object_component_ref idref="oc-d5"/>
      </symbol>
      <symbol id="sm-3c1">
         <name>getFieldString</name>
         <value>0x327d</value>
         <object_component_ref idref="oc-d5"/>
      </symbol>
      <symbol id="sm-3c2">
         <name>parseFields</name>
         <value>0x3125</value>
         <object_component_ref idref="oc-d5"/>
      </symbol>
      <symbol id="sm-3c3">
         <name>kbhitUart0</name>
         <value>0x33db</value>
         <object_component_ref idref="oc-d5"/>
      </symbol>
      <symbol id="sm-3c4">
         <name>getFieldInteger</name>
         <value>0x32ed</value>
         <object_component_ref idref="oc-d5"/>
      </symbol>
      <symbol id="sm-3c5">
         <name>setUart0BaudRate</name>
         <value>0x2f11</value>
         <object_component_ref idref="oc-d5"/>
      </symbol>
      <symbol id="sm-3c6">
         <name>stringCompare</name>
         <value>0x337f</value>
         <object_component_ref idref="oc-d5"/>
      </symbol>
      <symbol id="sm-3c7">
         <name>putsUart0</name>
         <value>0x3027</value>
         <object_component_ref idref="oc-d5"/>
      </symbol>
      <symbol id="sm-3c8">
         <name>putiUart0</name>
         <value>0x2f81</value>
         <object_component_ref idref="oc-d5"/>
      </symbol>
      <symbol id="sm-3c9">
         <name>initUart0</name>
         <value>0x2e89</value>
         <object_component_ref idref="oc-d5"/>
      </symbol>
      <symbol id="sm-3ca">
         <name>putcUart0</name>
         <value>0x2f3d</value>
         <object_component_ref idref="oc-d5"/>
      </symbol>
      <symbol id="sm-3cb">
         <name>putbUart0</name>
         <value>0x2f59</value>
         <object_component_ref idref="oc-d5"/>
      </symbol>
      <symbol id="sm-3cc">
         <name>getsUart0</name>
         <value>0x3067</value>
         <object_component_ref idref="oc-d5"/>
      </symbol>
      <symbol id="sm-3da">
         <name>waitMicrosecond</name>
         <value>0x4d4f</value>
         <object_component_ref idref="oc-e1"/>
      </symbol>
      <symbol id="sm-401">
         <name>sprintf</name>
         <value>0x4c39</value>
         <object_component_ref idref="oc-db"/>
      </symbol>
      <symbol id="sm-410">
         <name>__aeabi_memset</name>
         <value>0x48b3</value>
         <object_component_ref idref="oc-8f"/>
      </symbol>
      <symbol id="sm-411">
         <name>memset</name>
         <value>0x48b9</value>
         <object_component_ref idref="oc-8f"/>
      </symbol>
      <symbol id="sm-412">
         <name>__aeabi_memset8</name>
         <value>0x48b3</value>
         <object_component_ref idref="oc-8f"/>
      </symbol>
      <symbol id="sm-413">
         <name>__aeabi_memset4</name>
         <value>0x48b3</value>
         <object_component_ref idref="oc-8f"/>
      </symbol>
      <symbol id="sm-414">
         <name>__aeabi_memclr8</name>
         <value>0x48b1</value>
         <object_component_ref idref="oc-8f"/>
      </symbol>
      <symbol id="sm-415">
         <name>__aeabi_memclr4</name>
         <value>0x48b1</value>
         <object_component_ref idref="oc-8f"/>
      </symbol>
      <symbol id="sm-416">
         <name>__aeabi_memclr</name>
         <value>0x48b1</value>
         <object_component_ref idref="oc-8f"/>
      </symbol>
      <symbol id="sm-431">
         <name>memcpy</name>
         <value>0x4673</value>
         <object_component_ref idref="oc-3b"/>
      </symbol>
      <symbol id="sm-432">
         <name>__aeabi_memcpy</name>
         <value>0x4673</value>
         <object_component_ref idref="oc-3b"/>
      </symbol>
      <symbol id="sm-433">
         <name>__aeabi_memcpy8</name>
         <value>0x4673</value>
         <object_component_ref idref="oc-3b"/>
      </symbol>
      <symbol id="sm-434">
         <name>__aeabi_memcpy4</name>
         <value>0x4673</value>
         <object_component_ref idref="oc-3b"/>
      </symbol>
      <symbol id="sm-451">
         <name>__TI_decompress_none</name>
         <value>0x4e25</value>
         <object_component_ref idref="oc-1b"/>
      </symbol>
      <symbol id="sm-474">
         <name>__TI_decompress_lzss</name>
         <value>0x4999</value>
         <object_component_ref idref="oc-15"/>
      </symbol>
      <symbol id="sm-48a">
         <name>rand</name>
         <value>0x4ced</value>
         <object_component_ref idref="oc-18c"/>
      </symbol>
      <symbol id="sm-499">
         <name>strcmp</name>
         <value>0x4dc1</value>
         <object_component_ref idref="oc-f3"/>
      </symbol>
      <symbol id="sm-4ac">
         <name>__stack</name>
         <value>0x20000000</value>
         <object_component_ref idref="oc-24"/>
      </symbol>
      <symbol id="sm-4ad">
         <name>_c_int00_noargs</name>
         <value>0x4cb9</value>
         <object_component_ref idref="oc-59"/>
      </symbol>
      <symbol id="sm-612">
         <name>__TI_printfi</name>
         <value>0x1549</value>
         <object_component_ref idref="oc-169"/>
      </symbol>
      <symbol id="sm-632">
         <name>frexpl</name>
         <value>0x4a01</value>
         <object_component_ref idref="oc-2b5"/>
      </symbol>
      <symbol id="sm-633">
         <name>frexp</name>
         <value>0x4a01</value>
         <object_component_ref idref="oc-2b5"/>
      </symbol>
      <symbol id="sm-650">
         <name>scalbn</name>
         <value>0x43b5</value>
         <object_component_ref idref="oc-2bb"/>
      </symbol>
      <symbol id="sm-651">
         <name>scalbnl</name>
         <value>0x43b5</value>
         <object_component_ref idref="oc-2bb"/>
      </symbol>
      <symbol id="sm-652">
         <name>ldexpl</name>
         <value>0x43b5</value>
         <object_component_ref idref="oc-2bb"/>
      </symbol>
      <symbol id="sm-653">
         <name>ldexp</name>
         <value>0x43b5</value>
         <object_component_ref idref="oc-2bb"/>
      </symbol>
      <symbol id="sm-65d">
         <name>copysign</name>
         <value>0x4d8f</value>
         <object_component_ref idref="oc-318"/>
      </symbol>
      <symbol id="sm-65e">
         <name>copysignl</name>
         <value>0x4d8f</value>
         <object_component_ref idref="oc-318"/>
      </symbol>
      <symbol id="sm-66b">
         <name>__aeabi_uldivmod</name>
         <value>0x470f</value>
         <object_component_ref idref="oc-26f"/>
      </symbol>
      <symbol id="sm-682">
         <name>__aeabi_dsub</name>
         <value>0x3d05</value>
         <object_component_ref idref="oc-295"/>
      </symbol>
      <symbol id="sm-683">
         <name>__aeabi_dadd</name>
         <value>0x3d0f</value>
         <object_component_ref idref="oc-295"/>
      </symbol>
      <symbol id="sm-6a5">
         <name>__aeabi_cdcmpeq</name>
         <value>0x47a5</value>
         <object_component_ref idref="oc-1f6"/>
      </symbol>
      <symbol id="sm-6a6">
         <name>__aeabi_cdcmple</name>
         <value>0x47a5</value>
         <object_component_ref idref="oc-1f6"/>
      </symbol>
      <symbol id="sm-6a7">
         <name>__aeabi_cdrcmple</name>
         <value>0x482b</value>
         <object_component_ref idref="oc-280"/>
      </symbol>
      <symbol id="sm-6bb">
         <name>__aeabi_ddiv</name>
         <value>0x4159</value>
         <object_component_ref idref="oc-27b"/>
      </symbol>
      <symbol id="sm-6c6">
         <name>__aeabi_dmul</name>
         <value>0x44c5</value>
         <object_component_ref idref="oc-276"/>
      </symbol>
      <symbol id="sm-6d0">
         <name>__aeabi_d2iz</name>
         <value>0x4bad</value>
         <object_component_ref idref="oc-285"/>
      </symbol>
      <symbol id="sm-6da">
         <name>__aeabi_i2d</name>
         <value>0x4d21</value>
         <object_component_ref idref="oc-290"/>
      </symbol>
      <symbol id="sm-702">
         <name>__TI_auto_init_nobinit_nopinit</name>
         <value>0x4bf5</value>
         <object_component_ref idref="oc-114"/>
      </symbol>
      <symbol id="sm-70c">
         <name>_system_pre_init</name>
         <value>0x4e51</value>
         <object_component_ref idref="oc-95"/>
      </symbol>
      <symbol id="sm-718">
         <name>C$$EXIT</name>
         <value>0x4e55</value>
         <object_component_ref idref="oc-108"/>
      </symbol>
      <symbol id="sm-719">
         <name>abort</name>
         <value>0x4e55</value>
         <object_component_ref idref="oc-108"/>
      </symbol>
      <symbol id="sm-72e">
         <name>_nop</name>
         <value>0x1f97</value>
         <object_component_ref idref="oc-249"/>
      </symbol>
      <symbol id="sm-72f">
         <name>_lock</name>
         <value>0x2000100c</value>
         <object_component_ref idref="oc-1b7"/>
      </symbol>
      <symbol id="sm-730">
         <name>_unlock</name>
         <value>0x20001010</value>
         <object_component_ref idref="oc-1b7"/>
      </symbol>
      <symbol id="sm-73f">
         <name>__TI_ltoa</name>
         <value>0x4abb</value>
         <object_component_ref idref="oc-28a"/>
      </symbol>
      <symbol id="sm-756">
         <name>atoi</name>
         <value>0x4b61</value>
         <object_component_ref idref="oc-1ea"/>
      </symbol>
      <symbol id="sm-761">
         <name>_ctypes_</name>
         <value>0x4e58</value>
         <object_component_ref idref="oc-26a"/>
      </symbol>
      <symbol id="sm-771">
         <name>memccpy</name>
         <value>0x4d73</value>
         <object_component_ref idref="oc-213"/>
      </symbol>
      <symbol id="sm-781">
         <name>strchr</name>
         <value>0x4dd9</value>
         <object_component_ref idref="oc-2c1"/>
      </symbol>
      <symbol id="sm-78f">
         <name>strlen</name>
         <value>0x4def</value>
         <object_component_ref idref="oc-1e4"/>
      </symbol>
      <symbol id="sm-7a5">
         <name>__aeabi_errno_addr</name>
         <value>0x4e49</value>
         <object_component_ref idref="oc-21f"/>
      </symbol>
      <symbol id="sm-7a6">
         <name>errno</name>
         <value>0x20001044</value>
         <object_component_ref idref="oc-2d1"/>
      </symbol>
      <symbol id="sm-7bf">
         <name>wcslen</name>
         <value>0x4e03</value>
         <object_component_ref idref="oc-219"/>
      </symbol>
      <symbol id="sm-7c9">
         <name>__aeabi_idiv0</name>
         <value>0x3ebb</value>
         <object_component_ref idref="oc-2ff"/>
      </symbol>
      <symbol id="sm-7ca">
         <name>__aeabi_ldiv0</name>
         <value>0x3ebb</value>
         <object_component_ref idref="oc-2ff"/>
      </symbol>
      <symbol id="sm-7cb">
         <name>__TI_static_base__</name>
         <value>0x0</value>
      </symbol>
      <symbol id="sm-7ce">
         <name>__mpu_init</name>
         <value>0x0</value>
      </symbol>
      <symbol id="sm-7cf">
         <name>_system_post_cinit</name>
         <value>0x0</value>
      </symbol>
   </symbol_table>
   <title>Link successful</title>
</link_info>
