<?xml version="1.0" encoding="ISO-8859-1" ?>
<link_info>
   <banner>TI ARM Linker Unix v20.2.4.LTS</banner>
   <copyright>Copyright (c) 1996-2018 Texas Instruments Incorporated</copyright>
   <link_time>0x6054f4e7</link_time>
   <link_errors>0x0</link_errors>
   <output_file>IOT_Project_1.out</output_file>
   <entry_point>
      <name>_c_int00_noargs</name>
      <address>0x4ca5</address>
   </entry_point>
   <input_file_list>
      <input_file id="fl-1">
         <path>./</path>
         <kind>object</kind>
         <file>clock.obj</file>
         <name>clock.obj</name>
      </input_file>
      <input_file id="fl-2">
         <path>./</path>
         <kind>object</kind>
         <file>eth0.obj</file>
         <name>eth0.obj</name>
      </input_file>
      <input_file id="fl-3">
         <path>./</path>
         <kind>object</kind>
         <file>ethernet.obj</file>
         <name>ethernet.obj</name>
      </input_file>
      <input_file id="fl-4">
         <path>./</path>
         <kind>object</kind>
         <file>gpio.obj</file>
         <name>gpio.obj</name>
      </input_file>
      <input_file id="fl-5">
         <path>./</path>
         <kind>object</kind>
         <file>spi0.obj</file>
         <name>spi0.obj</name>
      </input_file>
      <input_file id="fl-6">
         <path>./</path>
         <kind>object</kind>
         <file>tcp.obj</file>
         <name>tcp.obj</name>
      </input_file>
      <input_file id="fl-7">
         <path>./</path>
         <kind>object</kind>
         <file>tm4c123gh6pm_startup_ccs.obj</file>
         <name>tm4c123gh6pm_startup_ccs.obj</name>
      </input_file>
      <input_file id="fl-8">
         <path>./</path>
         <kind>object</kind>
         <file>uart0.obj</file>
         <name>uart0.obj</name>
      </input_file>
      <input_file id="fl-9">
         <path>./</path>
         <kind>object</kind>
         <file>wait.obj</file>
         <name>wait.obj</name>
      </input_file>
      <input_file id="fl-d">
         <kind>object</kind>
         <file>&lt;internal&gt;</file>
         <name>&lt;internal&gt;</name>
      </input_file>
      <input_file id="fl-c3">
         <path>/Applications/ti/ccs1020/ccs/tools/compiler/ti-cgt-arm_20.2.4.LTS/lib/</path>
         <kind>archive</kind>
         <file>rtsv7M4_T_le_v4SPD16_eabi.lib</file>
         <name>sprintf.c.obj</name>
      </input_file>
      <input_file id="fl-c4">
         <path>/Applications/ti/ccs1020/ccs/tools/compiler/ti-cgt-arm_20.2.4.LTS/lib/</path>
         <kind>archive</kind>
         <file>rtsv7M4_T_le_v4SPD16_eabi.lib</file>
         <name>memset_t2.asm.obj</name>
      </input_file>
      <input_file id="fl-c5">
         <path>/Applications/ti/ccs1020/ccs/tools/compiler/ti-cgt-arm_20.2.4.LTS/lib/</path>
         <kind>archive</kind>
         <file>rtsv7M4_T_le_v4SPD16_eabi.lib</file>
         <name>memcpy_t2.asm.obj</name>
      </input_file>
      <input_file id="fl-c6">
         <path>/Applications/ti/ccs1020/ccs/tools/compiler/ti-cgt-arm_20.2.4.LTS/lib/</path>
         <kind>archive</kind>
         <file>rtsv7M4_T_le_v4SPD16_eabi.lib</file>
         <name>copy_zero_init.c.obj</name>
      </input_file>
      <input_file id="fl-c7">
         <path>/Applications/ti/ccs1020/ccs/tools/compiler/ti-cgt-arm_20.2.4.LTS/lib/</path>
         <kind>archive</kind>
         <file>rtsv7M4_T_le_v4SPD16_eabi.lib</file>
         <name>copy_decompress_none.c.obj</name>
      </input_file>
      <input_file id="fl-c8">
         <path>/Applications/ti/ccs1020/ccs/tools/compiler/ti-cgt-arm_20.2.4.LTS/lib/</path>
         <kind>archive</kind>
         <file>rtsv7M4_T_le_v4SPD16_eabi.lib</file>
         <name>copy_decompress_lzss.c.obj</name>
      </input_file>
      <input_file id="fl-c9">
         <path>/Applications/ti/ccs1020/ccs/tools/compiler/ti-cgt-arm_20.2.4.LTS/lib/</path>
         <kind>archive</kind>
         <file>rtsv7M4_T_le_v4SPD16_eabi.lib</file>
         <name>strcmp.c.obj</name>
      </input_file>
      <input_file id="fl-ca">
         <path>/Applications/ti/ccs1020/ccs/tools/compiler/ti-cgt-arm_20.2.4.LTS/lib/</path>
         <kind>archive</kind>
         <file>rtsv7M4_T_le_v4SPD16_eabi.lib</file>
         <name>boot_cortex_m.c.obj</name>
      </input_file>
      <input_file id="fl-cb">
         <path>/Applications/ti/ccs1020/ccs/tools/compiler/ti-cgt-arm_20.2.4.LTS/lib/</path>
         <kind>archive</kind>
         <file>rtsv7M4_T_le_v4SPD16_eabi.lib</file>
         <name>_printfi.c.obj</name>
      </input_file>
      <input_file id="fl-cc">
         <path>/Applications/ti/ccs1020/ccs/tools/compiler/ti-cgt-arm_20.2.4.LTS/lib/</path>
         <kind>archive</kind>
         <file>rtsv7M4_T_le_v4SPD16_eabi.lib</file>
         <name>s_frexp.c.obj</name>
      </input_file>
      <input_file id="fl-cd">
         <path>/Applications/ti/ccs1020/ccs/tools/compiler/ti-cgt-arm_20.2.4.LTS/lib/</path>
         <kind>archive</kind>
         <file>rtsv7M4_T_le_v4SPD16_eabi.lib</file>
         <name>s_scalbn.c.obj</name>
      </input_file>
      <input_file id="fl-ce">
         <path>/Applications/ti/ccs1020/ccs/tools/compiler/ti-cgt-arm_20.2.4.LTS/lib/</path>
         <kind>archive</kind>
         <file>rtsv7M4_T_le_v4SPD16_eabi.lib</file>
         <name>s_copysign.c.obj</name>
      </input_file>
      <input_file id="fl-cf">
         <path>/Applications/ti/ccs1020/ccs/tools/compiler/ti-cgt-arm_20.2.4.LTS/lib/</path>
         <kind>archive</kind>
         <file>rtsv7M4_T_le_v4SPD16_eabi.lib</file>
         <name>ull_div_t2.asm.obj</name>
      </input_file>
      <input_file id="fl-d0">
         <path>/Applications/ti/ccs1020/ccs/tools/compiler/ti-cgt-arm_20.2.4.LTS/lib/</path>
         <kind>archive</kind>
         <file>rtsv7M4_T_le_v4SPD16_eabi.lib</file>
         <name>fd_add_t2.asm.obj</name>
      </input_file>
      <input_file id="fl-d1">
         <path>/Applications/ti/ccs1020/ccs/tools/compiler/ti-cgt-arm_20.2.4.LTS/lib/</path>
         <kind>archive</kind>
         <file>rtsv7M4_T_le_v4SPD16_eabi.lib</file>
         <name>fd_cmp_t2.asm.obj</name>
      </input_file>
      <input_file id="fl-d2">
         <path>/Applications/ti/ccs1020/ccs/tools/compiler/ti-cgt-arm_20.2.4.LTS/lib/</path>
         <kind>archive</kind>
         <file>rtsv7M4_T_le_v4SPD16_eabi.lib</file>
         <name>fd_div_t2.asm.obj</name>
      </input_file>
      <input_file id="fl-d3">
         <path>/Applications/ti/ccs1020/ccs/tools/compiler/ti-cgt-arm_20.2.4.LTS/lib/</path>
         <kind>archive</kind>
         <file>rtsv7M4_T_le_v4SPD16_eabi.lib</file>
         <name>fd_mul_t2.asm.obj</name>
      </input_file>
      <input_file id="fl-d4">
         <path>/Applications/ti/ccs1020/ccs/tools/compiler/ti-cgt-arm_20.2.4.LTS/lib/</path>
         <kind>archive</kind>
         <file>rtsv7M4_T_le_v4SPD16_eabi.lib</file>
         <name>fd_toi_t2.asm.obj</name>
      </input_file>
      <input_file id="fl-d5">
         <path>/Applications/ti/ccs1020/ccs/tools/compiler/ti-cgt-arm_20.2.4.LTS/lib/</path>
         <kind>archive</kind>
         <file>rtsv7M4_T_le_v4SPD16_eabi.lib</file>
         <name>i_tofd_t2.asm.obj</name>
      </input_file>
      <input_file id="fl-d6">
         <path>/Applications/ti/ccs1020/ccs/tools/compiler/ti-cgt-arm_20.2.4.LTS/lib/</path>
         <kind>archive</kind>
         <file>rtsv7M4_T_le_v4SPD16_eabi.lib</file>
         <name>autoinit.c.obj</name>
      </input_file>
      <input_file id="fl-d7">
         <path>/Applications/ti/ccs1020/ccs/tools/compiler/ti-cgt-arm_20.2.4.LTS/lib/</path>
         <kind>archive</kind>
         <file>rtsv7M4_T_le_v4SPD16_eabi.lib</file>
         <name>pre_init.c.obj</name>
      </input_file>
      <input_file id="fl-d8">
         <path>/Applications/ti/ccs1020/ccs/tools/compiler/ti-cgt-arm_20.2.4.LTS/lib/</path>
         <kind>archive</kind>
         <file>rtsv7M4_T_le_v4SPD16_eabi.lib</file>
         <name>cpy_tbl.c.obj</name>
      </input_file>
      <input_file id="fl-d9">
         <path>/Applications/ti/ccs1020/ccs/tools/compiler/ti-cgt-arm_20.2.4.LTS/lib/</path>
         <kind>archive</kind>
         <file>rtsv7M4_T_le_v4SPD16_eabi.lib</file>
         <name>exit.c.obj</name>
      </input_file>
      <input_file id="fl-da">
         <path>/Applications/ti/ccs1020/ccs/tools/compiler/ti-cgt-arm_20.2.4.LTS/lib/</path>
         <kind>archive</kind>
         <file>rtsv7M4_T_le_v4SPD16_eabi.lib</file>
         <name>_lock.c.obj</name>
      </input_file>
      <input_file id="fl-db">
         <path>/Applications/ti/ccs1020/ccs/tools/compiler/ti-cgt-arm_20.2.4.LTS/lib/</path>
         <kind>archive</kind>
         <file>rtsv7M4_T_le_v4SPD16_eabi.lib</file>
         <name>_ltoa.c.obj</name>
      </input_file>
      <input_file id="fl-dc">
         <path>/Applications/ti/ccs1020/ccs/tools/compiler/ti-cgt-arm_20.2.4.LTS/lib/</path>
         <kind>archive</kind>
         <file>rtsv7M4_T_le_v4SPD16_eabi.lib</file>
         <name>args_main.c.obj</name>
      </input_file>
      <input_file id="fl-dd">
         <path>/Applications/ti/ccs1020/ccs/tools/compiler/ti-cgt-arm_20.2.4.LTS/lib/</path>
         <kind>archive</kind>
         <file>rtsv7M4_T_le_v4SPD16_eabi.lib</file>
         <name>atoi.c.obj</name>
      </input_file>
      <input_file id="fl-de">
         <path>/Applications/ti/ccs1020/ccs/tools/compiler/ti-cgt-arm_20.2.4.LTS/lib/</path>
         <kind>archive</kind>
         <file>rtsv7M4_T_le_v4SPD16_eabi.lib</file>
         <name>ctype.c.obj</name>
      </input_file>
      <input_file id="fl-df">
         <path>/Applications/ti/ccs1020/ccs/tools/compiler/ti-cgt-arm_20.2.4.LTS/lib/</path>
         <kind>archive</kind>
         <file>rtsv7M4_T_le_v4SPD16_eabi.lib</file>
         <name>memccpy.c.obj</name>
      </input_file>
      <input_file id="fl-e0">
         <path>/Applications/ti/ccs1020/ccs/tools/compiler/ti-cgt-arm_20.2.4.LTS/lib/</path>
         <kind>archive</kind>
         <file>rtsv7M4_T_le_v4SPD16_eabi.lib</file>
         <name>strchr.c.obj</name>
      </input_file>
      <input_file id="fl-e1">
         <path>/Applications/ti/ccs1020/ccs/tools/compiler/ti-cgt-arm_20.2.4.LTS/lib/</path>
         <kind>archive</kind>
         <file>rtsv7M4_T_le_v4SPD16_eabi.lib</file>
         <name>strlen.c.obj</name>
      </input_file>
      <input_file id="fl-e2">
         <path>/Applications/ti/ccs1020/ccs/tools/compiler/ti-cgt-arm_20.2.4.LTS/lib/</path>
         <kind>archive</kind>
         <file>rtsv7M4_T_le_v4SPD16_eabi.lib</file>
         <name>errno.c.obj</name>
      </input_file>
      <input_file id="fl-e3">
         <path>/Applications/ti/ccs1020/ccs/tools/compiler/ti-cgt-arm_20.2.4.LTS/lib/</path>
         <kind>archive</kind>
         <file>rtsv7M4_T_le_v4SPD16_eabi.lib</file>
         <name>wcslen.c.obj</name>
      </input_file>
      <input_file id="fl-e4">
         <path>/Applications/ti/ccs1020/ccs/tools/compiler/ti-cgt-arm_20.2.4.LTS/lib/</path>
         <kind>archive</kind>
         <file>rtsv7M4_T_le_v4SPD16_eabi.lib</file>
         <name>div0.asm.obj</name>
      </input_file>
   </input_file_list>
   <object_component_list>
      <object_component id="oc-12">
         <name>.intvecs</name>
         <load_address>0x0</load_address>
         <run_address>0x0</run_address>
         <size>0x26c</size>
         <input_file_ref idref="fl-7"/>
      </object_component>
      <object_component id="oc-cf">
         <name>.text</name>
         <load_address>0x26c</load_address>
         <run_address>0x26c</run_address>
         <size>0x12dc</size>
         <input_file_ref idref="fl-2"/>
      </object_component>
      <object_component id="oc-169">
         <name>.text:__TI_printfi</name>
         <load_address>0x1548</load_address>
         <run_address>0x1548</run_address>
         <size>0xa4e</size>
         <input_file_ref idref="fl-cb"/>
      </object_component>
      <object_component id="oc-2f3">
         <name>.text</name>
         <load_address>0x1f96</load_address>
         <run_address>0x1f96</run_address>
         <size>0x2</size>
         <input_file_ref idref="fl-e4"/>
      </object_component>
      <object_component id="oc-c9">
         <name>.text</name>
         <load_address>0x1f98</load_address>
         <run_address>0x1f98</run_address>
         <size>0x7c0</size>
         <input_file_ref idref="fl-4"/>
      </object_component>
      <object_component id="oc-9b">
         <name>.text</name>
         <load_address>0x2758</load_address>
         <run_address>0x2758</run_address>
         <size>0x730</size>
         <input_file_ref idref="fl-3"/>
      </object_component>
      <object_component id="oc-d5">
         <name>.text</name>
         <load_address>0x2e88</load_address>
         <run_address>0x2e88</run_address>
         <size>0x570</size>
         <input_file_ref idref="fl-8"/>
      </object_component>
      <object_component id="oc-ed">
         <name>.text</name>
         <load_address>0x33f8</load_address>
         <run_address>0x33f8</run_address>
         <size>0x4b8</size>
         <input_file_ref idref="fl-6"/>
      </object_component>
      <object_component id="oc-207">
         <name>.text:_pconv_a</name>
         <load_address>0x38b0</load_address>
         <run_address>0x38b0</run_address>
         <size>0x270</size>
         <input_file_ref idref="fl-cb"/>
      </object_component>
      <object_component id="oc-1f5">
         <name>.text:_pconv_g</name>
         <load_address>0x3b20</load_address>
         <run_address>0x3b20</run_address>
         <size>0x1d0</size>
         <input_file_ref idref="fl-cb"/>
      </object_component>
      <object_component id="oc-28b">
         <name>.text</name>
         <load_address>0x3cf0</load_address>
         <run_address>0x3cf0</run_address>
         <size>0x1b6</size>
         <input_file_ref idref="fl-d0"/>
      </object_component>
      <object_component id="oc-150">
         <name>.text</name>
         <load_address>0x3ea8</load_address>
         <run_address>0x3ea8</run_address>
         <size>0x160</size>
         <input_file_ref idref="fl-5"/>
      </object_component>
      <object_component id="oc-201">
         <name>.text:_pconv_e</name>
         <load_address>0x4008</load_address>
         <run_address>0x4008</run_address>
         <size>0x13c</size>
         <input_file_ref idref="fl-cb"/>
      </object_component>
      <object_component id="oc-271">
         <name>.text</name>
         <load_address>0x4144</load_address>
         <run_address>0x4144</run_address>
         <size>0x136</size>
         <input_file_ref idref="fl-d2"/>
      </object_component>
      <object_component id="oc-29d">
         <name>.text:fcvt</name>
         <load_address>0x427c</load_address>
         <run_address>0x427c</run_address>
         <size>0x124</size>
         <input_file_ref idref="fl-cb"/>
      </object_component>
      <object_component id="oc-2b1">
         <name>.text:scalbn</name>
         <load_address>0x43a0</load_address>
         <run_address>0x43a0</run_address>
         <size>0x110</size>
         <input_file_ref idref="fl-cd"/>
      </object_component>
      <object_component id="oc-26c">
         <name>.text</name>
         <load_address>0x44b0</load_address>
         <run_address>0x44b0</run_address>
         <size>0xfc</size>
         <input_file_ref idref="fl-d3"/>
      </object_component>
      <object_component id="oc-1ea">
         <name>.text:_ltostr</name>
         <load_address>0x45ac</load_address>
         <run_address>0x45ac</run_address>
         <size>0xb1</size>
         <input_file_ref idref="fl-cb"/>
      </object_component>
      <object_component id="oc-3b">
         <name>.text</name>
         <load_address>0x465e</load_address>
         <run_address>0x465e</run_address>
         <size>0x9c</size>
         <input_file_ref idref="fl-c5"/>
      </object_component>
      <object_component id="oc-265">
         <name>.text</name>
         <load_address>0x46fa</load_address>
         <run_address>0x46fa</run_address>
         <size>0x96</size>
         <input_file_ref idref="fl-cf"/>
      </object_component>
      <object_component id="oc-1f0">
         <name>.text:__aeabi_cdcmple</name>
         <load_address>0x4790</load_address>
         <run_address>0x4790</run_address>
         <size>0x86</size>
         <input_file_ref idref="fl-d1"/>
      </object_component>
      <object_component id="oc-276">
         <name>.text:__aeabi_cdrcmple</name>
         <load_address>0x4816</load_address>
         <run_address>0x4816</run_address>
         <size>0x86</size>
         <input_file_ref idref="fl-d1"/>
      </object_component>
      <object_component id="oc-8f">
         <name>.text</name>
         <load_address>0x489c</load_address>
         <run_address>0x489c</run_address>
         <size>0x7a</size>
         <input_file_ref idref="fl-c4"/>
      </object_component>
      <object_component id="oc-296">
         <name>.text:_mcpy</name>
         <load_address>0x4916</load_address>
         <run_address>0x4916</run_address>
         <size>0x6e</size>
         <input_file_ref idref="fl-cb"/>
      </object_component>
      <object_component id="oc-15">
         <name>.text:decompress:lzss:__TI_decompress_lzss</name>
         <load_address>0x4984</load_address>
         <run_address>0x4984</run_address>
         <size>0x68</size>
         <input_file_ref idref="fl-c8"/>
      </object_component>
      <object_component id="oc-2ab">
         <name>.text:frexp</name>
         <load_address>0x49ec</load_address>
         <run_address>0x49ec</run_address>
         <size>0x64</size>
         <input_file_ref idref="fl-cc"/>
      </object_component>
      <object_component id="oc-1fb">
         <name>.text:_pconv_f</name>
         <load_address>0x4a50</load_address>
         <run_address>0x4a50</run_address>
         <size>0x56</size>
         <input_file_ref idref="fl-cb"/>
      </object_component>
      <object_component id="oc-280">
         <name>.text:__TI_ltoa</name>
         <load_address>0x4aa6</load_address>
         <run_address>0x4aa6</run_address>
         <size>0x54</size>
         <input_file_ref idref="fl-db"/>
      </object_component>
      <object_component id="oc-290">
         <name>.text:_ecpy</name>
         <load_address>0x4afa</load_address>
         <run_address>0x4afa</run_address>
         <size>0x52</size>
         <input_file_ref idref="fl-cb"/>
      </object_component>
      <object_component id="oc-1e4">
         <name>.text:atoi</name>
         <load_address>0x4b4c</load_address>
         <run_address>0x4b4c</run_address>
         <size>0x4c</size>
         <input_file_ref idref="fl-dd"/>
      </object_component>
      <object_component id="oc-27b">
         <name>.text</name>
         <load_address>0x4b98</load_address>
         <run_address>0x4b98</run_address>
         <size>0x48</size>
         <input_file_ref idref="fl-d4"/>
      </object_component>
      <object_component id="oc-114">
         <name>.text:__TI_auto_init_nobinit_nopinit:__TI_auto_init_nobinit_nopinit</name>
         <load_address>0x4be0</load_address>
         <run_address>0x4be0</run_address>
         <size>0x44</size>
         <input_file_ref idref="fl-d6"/>
      </object_component>
      <object_component id="oc-db">
         <name>.text:sprintf</name>
         <load_address>0x4c24</load_address>
         <run_address>0x4c24</run_address>
         <size>0x40</size>
         <input_file_ref idref="fl-c3"/>
      </object_component>
      <object_component id="oc-2a3">
         <name>.text:_fcpy</name>
         <load_address>0x4c64</load_address>
         <run_address>0x4c64</run_address>
         <size>0x3e</size>
         <input_file_ref idref="fl-cb"/>
      </object_component>
      <object_component id="oc-59">
         <name>.text:_c_int00_noargs:_c_int00_noargs</name>
         <load_address>0x4ca4</load_address>
         <run_address>0x4ca4</run_address>
         <size>0x34</size>
         <input_file_ref idref="fl-ca"/>
      </object_component>
      <object_component id="oc-286">
         <name>.text</name>
         <load_address>0x4cd8</load_address>
         <run_address>0x4cd8</run_address>
         <size>0x2e</size>
         <input_file_ref idref="fl-d5"/>
      </object_component>
      <object_component id="oc-e1">
         <name>.text</name>
         <load_address>0x4d06</load_address>
         <run_address>0x4d06</run_address>
         <size>0x24</size>
         <input_file_ref idref="fl-9"/>
      </object_component>
      <object_component id="oc-20d">
         <name>.text:memccpy</name>
         <load_address>0x4d2a</load_address>
         <run_address>0x4d2a</run_address>
         <size>0x1c</size>
         <input_file_ref idref="fl-df"/>
      </object_component>
      <object_component id="oc-30c">
         <name>.text:copysign</name>
         <load_address>0x4d46</load_address>
         <run_address>0x4d46</run_address>
         <size>0x1a</size>
         <input_file_ref idref="fl-ce"/>
      </object_component>
      <object_component id="oc-16f">
         <name>.text:_outs</name>
         <load_address>0x4d60</load_address>
         <run_address>0x4d60</run_address>
         <size>0x18</size>
         <input_file_ref idref="fl-c3"/>
      </object_component>
      <object_component id="oc-f3">
         <name>.text:strcmp</name>
         <load_address>0x4d78</load_address>
         <run_address>0x4d78</run_address>
         <size>0x18</size>
         <input_file_ref idref="fl-c9"/>
      </object_component>
      <object_component id="oc-2b7">
         <name>.text:strchr</name>
         <load_address>0x4d90</load_address>
         <run_address>0x4d90</run_address>
         <size>0x16</size>
         <input_file_ref idref="fl-e0"/>
      </object_component>
      <object_component id="oc-1de">
         <name>.text:strlen</name>
         <load_address>0x4da6</load_address>
         <run_address>0x4da6</run_address>
         <size>0x14</size>
         <input_file_ref idref="fl-e1"/>
      </object_component>
      <object_component id="oc-213">
         <name>.text:wcslen</name>
         <load_address>0x4dba</load_address>
         <run_address>0x4dba</run_address>
         <size>0x12</size>
         <input_file_ref idref="fl-e3"/>
      </object_component>
      <object_component id="oc-c3">
         <name>.text</name>
         <load_address>0x4dcc</load_address>
         <run_address>0x4dcc</run_address>
         <size>0x10</size>
         <input_file_ref idref="fl-1"/>
      </object_component>
      <object_component id="oc-1b">
         <name>.text:decompress:none:__TI_decompress_none</name>
         <load_address>0x4ddc</load_address>
         <run_address>0x4ddc</run_address>
         <size>0xe</size>
         <input_file_ref idref="fl-c7"/>
      </object_component>
      <object_component id="oc-27">
         <name>.text</name>
         <load_address>0x4dea</load_address>
         <run_address>0x4dea</run_address>
         <size>0xc</size>
         <input_file_ref idref="fl-7"/>
      </object_component>
      <object_component id="oc-175">
         <name>.text:_outc</name>
         <load_address>0x4df6</load_address>
         <run_address>0x4df6</run_address>
         <size>0xa</size>
         <input_file_ref idref="fl-c3"/>
      </object_component>
      <object_component id="oc-219">
         <name>.text:__aeabi_errno_addr</name>
         <load_address>0x4e00</load_address>
         <run_address>0x4e00</run_address>
         <size>0x8</size>
         <input_file_ref idref="fl-e2"/>
      </object_component>
      <object_component id="oc-95">
         <name>.text:_system_pre_init</name>
         <load_address>0x4e08</load_address>
         <run_address>0x4e08</run_address>
         <size>0x4</size>
         <input_file_ref idref="fl-d7"/>
      </object_component>
      <object_component id="oc-108">
         <name>.text:abort:abort</name>
         <load_address>0x4e0c</load_address>
         <run_address>0x4e0c</run_address>
         <size>0x4</size>
         <input_file_ref idref="fl-d9"/>
      </object_component>
      <object_component id="oc-260">
         <name>.const:.string:_ctypes_</name>
         <load_address>0x4e10</load_address>
         <run_address>0x4e10</run_address>
         <size>0x101</size>
         <input_file_ref idref="fl-de"/>
      </object_component>
      <object_component id="oc-364">
         <name>.cinit..data.load</name>
         <load_address>0x4f18</load_address>
         <run_address>0x4f18</run_address>
         <size>0x26</size>
      </object_component>
      <object_component id="oc-362">
         <name>__TI_handler_table</name>
         <load_address>0x4f40</load_address>
         <run_address>0x4f40</run_address>
         <size>0x8</size>
      </object_component>
      <object_component id="oc-363">
         <name>__TI_cinit_table</name>
         <load_address>0x4f48</load_address>
         <run_address>0x4f48</run_address>
         <size>0x8</size>
      </object_component>
      <object_component id="oc-159">
         <name>.data</name>
         <load_address>0x20001028</load_address>
         <run_address>0x20001028</run_address>
         <size>0x4</size>
         <input_file_ref idref="fl-2"/>
      </object_component>
      <object_component id="oc-156">
         <name>.data:macAddress</name>
         <load_address>0x20001012</load_address>
         <run_address>0x20001012</run_address>
         <size>0x6</size>
         <input_file_ref idref="fl-2"/>
      </object_component>
      <object_component id="oc-15c">
         <name>.data:ipAddress</name>
         <load_address>0x2000102c</load_address>
         <run_address>0x2000102c</run_address>
         <size>0x4</size>
         <input_file_ref idref="fl-2"/>
      </object_component>
      <object_component id="oc-15f">
         <name>.data:ipSubnetMask</name>
         <load_address>0x20001038</load_address>
         <run_address>0x20001038</run_address>
         <size>0x4</size>
         <input_file_ref idref="fl-2"/>
      </object_component>
      <object_component id="oc-162">
         <name>.data:ipGwAddress</name>
         <load_address>0x20001034</load_address>
         <run_address>0x20001034</run_address>
         <size>0x4</size>
         <input_file_ref idref="fl-2"/>
      </object_component>
      <object_component id="oc-f9">
         <name>.data:macAddressMQTT</name>
         <load_address>0x20001018</load_address>
         <run_address>0x20001018</run_address>
         <size>0x6</size>
         <input_file_ref idref="fl-3"/>
      </object_component>
      <object_component id="oc-e7">
         <name>.data:ipAddressMQTT</name>
         <load_address>0x20001030</load_address>
         <run_address>0x20001030</run_address>
         <size>0x4</size>
         <input_file_ref idref="fl-3"/>
      </object_component>
      <object_component id="oc-ea">
         <name>.data</name>
         <load_address>0x20001044</load_address>
         <run_address>0x20001044</run_address>
         <size>0x1</size>
         <input_file_ref idref="fl-3"/>
      </object_component>
      <object_component id="oc-18c">
         <name>.data</name>
         <load_address>0x20001000</load_address>
         <run_address>0x20001000</run_address>
         <size>0xc</size>
         <input_file_ref idref="fl-6"/>
      </object_component>
      <object_component id="oc-195">
         <name>.data:dest_addr</name>
         <load_address>0x2000100c</load_address>
         <run_address>0x2000100c</run_address>
         <size>0x6</size>
         <input_file_ref idref="fl-6"/>
      </object_component>
      <object_component id="oc-18f">
         <name>.data:source_addr</name>
         <load_address>0x2000101e</load_address>
         <run_address>0x2000101e</run_address>
         <size>0x6</size>
         <input_file_ref idref="fl-6"/>
      </object_component>
      <object_component id="oc-198">
         <name>.data:dest_ip</name>
         <load_address>0x20001024</load_address>
         <run_address>0x20001024</run_address>
         <size>0x4</size>
         <input_file_ref idref="fl-6"/>
      </object_component>
      <object_component id="oc-192">
         <name>.data:source_ip</name>
         <load_address>0x20001040</load_address>
         <run_address>0x20001040</run_address>
         <size>0x4</size>
         <input_file_ref idref="fl-6"/>
      </object_component>
      <object_component id="oc-2c7">
         <name>.data</name>
         <load_address>0x2000103c</load_address>
         <run_address>0x2000103c</run_address>
         <size>0x4</size>
         <input_file_ref idref="fl-e2"/>
      </object_component>
      <object_component id="oc-24">
         <name>.stack</name>
         <uninitialized>true</uninitialized>
         <run_address>0x20000000</run_address>
         <size>0x4</size>
         <input_file_ref idref="fl-ca"/>
      </object_component>
      <object_component id="oc-366">
         <name>.stack</name>
         <uninitialized>true</uninitialized>
         <run_address>0x20000000</run_address>
         <size>0x0</size>
      </object_component>
      <object_component id="oc-b2">
         <name>.debug_info</name>
         <load_address>0x0</load_address>
         <run_address>0x0</run_address>
         <size>0x2de</size>
         <input_file_ref idref="fl-1"/>
      </object_component>
      <object_component id="oc-c4">
         <name>.debug_info</name>
         <load_address>0x2de</load_address>
         <run_address>0x2de</run_address>
         <size>0x23f</size>
         <input_file_ref idref="fl-1"/>
      </object_component>
      <object_component id="oc-70">
         <name>.debug_info</name>
         <load_address>0x51d</load_address>
         <run_address>0x51d</run_address>
         <size>0x26b</size>
         <input_file_ref idref="fl-1"/>
      </object_component>
      <object_component id="oc-36">
         <name>.debug_info</name>
         <load_address>0x788</load_address>
         <run_address>0x788</run_address>
         <size>0x84</size>
         <input_file_ref idref="fl-1"/>
      </object_component>
      <object_component id="oc-ad">
         <name>.debug_info</name>
         <load_address>0x80c</load_address>
         <run_address>0x80c</run_address>
         <size>0x2a4</size>
         <input_file_ref idref="fl-1"/>
      </object_component>
      <object_component id="oc-75">
         <name>.debug_info</name>
         <load_address>0xab0</load_address>
         <run_address>0xab0</run_address>
         <size>0xbb</size>
         <input_file_ref idref="fl-1"/>
      </object_component>
      <object_component id="oc-166">
         <name>.debug_info</name>
         <load_address>0xb6b</load_address>
         <run_address>0xb6b</run_address>
         <size>0x533</size>
         <input_file_ref idref="fl-2"/>
      </object_component>
      <object_component id="oc-15a">
         <name>.debug_info</name>
         <load_address>0x109e</load_address>
         <run_address>0x109e</run_address>
         <size>0x1d3</size>
         <input_file_ref idref="fl-2"/>
      </object_component>
      <object_component id="oc-157">
         <name>.debug_info</name>
         <load_address>0x1271</load_address>
         <run_address>0x1271</run_address>
         <size>0x156</size>
         <input_file_ref idref="fl-2"/>
      </object_component>
      <object_component id="oc-15d">
         <name>.debug_info</name>
         <load_address>0x13c7</load_address>
         <run_address>0x13c7</run_address>
         <size>0x154</size>
         <input_file_ref idref="fl-2"/>
      </object_component>
      <object_component id="oc-160">
         <name>.debug_info</name>
         <load_address>0x151b</load_address>
         <run_address>0x151b</run_address>
         <size>0x15a</size>
         <input_file_ref idref="fl-2"/>
      </object_component>
      <object_component id="oc-163">
         <name>.debug_info</name>
         <load_address>0x1675</load_address>
         <run_address>0x1675</run_address>
         <size>0x158</size>
         <input_file_ref idref="fl-2"/>
      </object_component>
      <object_component id="oc-d0">
         <name>.debug_info</name>
         <load_address>0x17cd</load_address>
         <run_address>0x17cd</run_address>
         <size>0x529a</size>
         <input_file_ref idref="fl-2"/>
      </object_component>
      <object_component id="oc-14a">
         <name>.debug_info</name>
         <load_address>0x6a67</load_address>
         <run_address>0x6a67</run_address>
         <size>0x88</size>
         <input_file_ref idref="fl-2"/>
      </object_component>
      <object_component id="oc-fe">
         <name>.debug_info</name>
         <load_address>0x6aef</load_address>
         <run_address>0x6aef</run_address>
         <size>0x8b</size>
         <input_file_ref idref="fl-2"/>
      </object_component>
      <object_component id="oc-1a8">
         <name>.debug_info</name>
         <load_address>0x6b7a</load_address>
         <run_address>0x6b7a</run_address>
         <size>0x5e5</size>
         <input_file_ref idref="fl-2"/>
      </object_component>
      <object_component id="oc-fd">
         <name>.debug_info</name>
         <load_address>0x715f</load_address>
         <run_address>0x715f</run_address>
         <size>0xd78</size>
         <input_file_ref idref="fl-3"/>
      </object_component>
      <object_component id="oc-fa">
         <name>.debug_info</name>
         <load_address>0x7ed7</load_address>
         <run_address>0x7ed7</run_address>
         <size>0x110</size>
         <input_file_ref idref="fl-3"/>
      </object_component>
      <object_component id="oc-e8">
         <name>.debug_info</name>
         <load_address>0x7fe7</load_address>
         <run_address>0x7fe7</run_address>
         <size>0x10e</size>
         <input_file_ref idref="fl-3"/>
      </object_component>
      <object_component id="oc-eb">
         <name>.debug_info</name>
         <load_address>0x80f5</load_address>
         <run_address>0x80f5</run_address>
         <size>0x10c</size>
         <input_file_ref idref="fl-3"/>
      </object_component>
      <object_component id="oc-9c">
         <name>.debug_info</name>
         <load_address>0x8201</load_address>
         <run_address>0x8201</run_address>
         <size>0xe76</size>
         <input_file_ref idref="fl-3"/>
      </object_component>
      <object_component id="oc-187">
         <name>.debug_info</name>
         <load_address>0x9077</load_address>
         <run_address>0x9077</run_address>
         <size>0x55</size>
         <input_file_ref idref="fl-3"/>
      </object_component>
      <object_component id="oc-103">
         <name>.debug_info</name>
         <load_address>0x90cc</load_address>
         <run_address>0x90cc</run_address>
         <size>0x8a</size>
         <input_file_ref idref="fl-3"/>
      </object_component>
      <object_component id="oc-17d">
         <name>.debug_info</name>
         <load_address>0x9156</load_address>
         <run_address>0x9156</run_address>
         <size>0x2c</size>
         <input_file_ref idref="fl-3"/>
      </object_component>
      <object_component id="oc-19d">
         <name>.debug_info</name>
         <load_address>0x9182</load_address>
         <run_address>0x9182</run_address>
         <size>0xd3</size>
         <input_file_ref idref="fl-3"/>
      </object_component>
      <object_component id="oc-14f">
         <name>.debug_info</name>
         <load_address>0x9255</load_address>
         <run_address>0x9255</run_address>
         <size>0x2e3</size>
         <input_file_ref idref="fl-4"/>
      </object_component>
      <object_component id="oc-ca">
         <name>.debug_info</name>
         <load_address>0x9538</load_address>
         <run_address>0x9538</run_address>
         <size>0x1edc</size>
         <input_file_ref idref="fl-4"/>
      </object_component>
      <object_component id="oc-151">
         <name>.debug_info</name>
         <load_address>0xb414</load_address>
         <run_address>0xb414</run_address>
         <size>0x809</size>
         <input_file_ref idref="fl-5"/>
      </object_component>
      <object_component id="oc-19c">
         <name>.debug_info</name>
         <load_address>0xbc1d</load_address>
         <run_address>0xbc1d</run_address>
         <size>0x483</size>
         <input_file_ref idref="fl-6"/>
      </object_component>
      <object_component id="oc-18d">
         <name>.debug_info</name>
         <load_address>0xc0a0</load_address>
         <run_address>0xc0a0</run_address>
         <size>0x183</size>
         <input_file_ref idref="fl-6"/>
      </object_component>
      <object_component id="oc-196">
         <name>.debug_info</name>
         <load_address>0xc223</load_address>
         <run_address>0xc223</run_address>
         <size>0x101</size>
         <input_file_ref idref="fl-6"/>
      </object_component>
      <object_component id="oc-190">
         <name>.debug_info</name>
         <load_address>0xc324</load_address>
         <run_address>0xc324</run_address>
         <size>0x105</size>
         <input_file_ref idref="fl-6"/>
      </object_component>
      <object_component id="oc-199">
         <name>.debug_info</name>
         <load_address>0xc429</load_address>
         <run_address>0xc429</run_address>
         <size>0xfd</size>
         <input_file_ref idref="fl-6"/>
      </object_component>
      <object_component id="oc-193">
         <name>.debug_info</name>
         <load_address>0xc526</load_address>
         <run_address>0xc526</run_address>
         <size>0x101</size>
         <input_file_ref idref="fl-6"/>
      </object_component>
      <object_component id="oc-ee">
         <name>.debug_info</name>
         <load_address>0xc627</load_address>
         <run_address>0xc627</run_address>
         <size>0x71f</size>
         <input_file_ref idref="fl-6"/>
      </object_component>
      <object_component id="oc-2f">
         <name>.debug_info</name>
         <load_address>0xcd46</load_address>
         <run_address>0xcd46</run_address>
         <size>0x2dd</size>
         <input_file_ref idref="fl-7"/>
      </object_component>
      <object_component id="oc-13">
         <name>.debug_info</name>
         <load_address>0xd023</load_address>
         <run_address>0xd023</run_address>
         <size>0x11c</size>
         <input_file_ref idref="fl-7"/>
      </object_component>
      <object_component id="oc-28">
         <name>.debug_info</name>
         <load_address>0xd13f</load_address>
         <run_address>0xd13f</run_address>
         <size>0x298</size>
         <input_file_ref idref="fl-7"/>
      </object_component>
      <object_component id="oc-168">
         <name>.debug_info</name>
         <load_address>0xd3d7</load_address>
         <run_address>0xd3d7</run_address>
         <size>0x342</size>
         <input_file_ref idref="fl-8"/>
      </object_component>
      <object_component id="oc-d6">
         <name>.debug_info</name>
         <load_address>0xd719</load_address>
         <run_address>0xd719</run_address>
         <size>0x12c0</size>
         <input_file_ref idref="fl-8"/>
      </object_component>
      <object_component id="oc-e2">
         <name>.debug_info</name>
         <load_address>0xe9d9</load_address>
         <run_address>0xe9d9</run_address>
         <size>0x249</size>
         <input_file_ref idref="fl-9"/>
      </object_component>
      <object_component id="oc-17c">
         <name>.debug_info</name>
         <load_address>0xec22</load_address>
         <run_address>0xec22</run_address>
         <size>0x333</size>
         <input_file_ref idref="fl-c3"/>
      </object_component>
      <object_component id="oc-dc">
         <name>.debug_info</name>
         <load_address>0xef55</load_address>
         <run_address>0xef55</run_address>
         <size>0x1d1</size>
         <input_file_ref idref="fl-c3"/>
      </object_component>
      <object_component id="oc-170">
         <name>.debug_info</name>
         <load_address>0xf126</load_address>
         <run_address>0xf126</run_address>
         <size>0x18d</size>
         <input_file_ref idref="fl-c3"/>
      </object_component>
      <object_component id="oc-176">
         <name>.debug_info</name>
         <load_address>0xf2b3</load_address>
         <run_address>0xf2b3</run_address>
         <size>0x16d</size>
         <input_file_ref idref="fl-c3"/>
      </object_component>
      <object_component id="oc-2ce">
         <name>.debug_info</name>
         <load_address>0xf420</load_address>
         <run_address>0xf420</run_address>
         <size>0x2c</size>
         <input_file_ref idref="fl-c3"/>
      </object_component>
      <object_component id="oc-92">
         <name>.debug_info</name>
         <load_address>0xf44c</load_address>
         <run_address>0xf44c</run_address>
         <size>0x147</size>
         <input_file_ref idref="fl-c4"/>
      </object_component>
      <object_component id="oc-3c">
         <name>.debug_info</name>
         <load_address>0xf593</load_address>
         <run_address>0xf593</run_address>
         <size>0x119</size>
         <input_file_ref idref="fl-c5"/>
      </object_component>
      <object_component id="oc-ba">
         <name>.debug_info</name>
         <load_address>0xf6ac</load_address>
         <run_address>0xf6ac</run_address>
         <size>0x2c</size>
         <input_file_ref idref="fl-c6"/>
      </object_component>
      <object_component id="oc-46">
         <name>.debug_info</name>
         <load_address>0xf6d8</load_address>
         <run_address>0xf6d8</run_address>
         <size>0x2a8</size>
         <input_file_ref idref="fl-c7"/>
      </object_component>
      <object_component id="oc-1c">
         <name>.debug_info</name>
         <load_address>0xf980</load_address>
         <run_address>0xf980</run_address>
         <size>0x1ea</size>
         <input_file_ref idref="fl-c7"/>
      </object_component>
      <object_component id="oc-41">
         <name>.debug_info</name>
         <load_address>0xfb6a</load_address>
         <run_address>0xfb6a</run_address>
         <size>0x46</size>
         <input_file_ref idref="fl-c7"/>
      </object_component>
      <object_component id="oc-81">
         <name>.debug_info</name>
         <load_address>0xfbb0</load_address>
         <run_address>0xfbb0</run_address>
         <size>0x2c</size>
         <input_file_ref idref="fl-c7"/>
      </object_component>
      <object_component id="oc-7f">
         <name>.debug_info</name>
         <load_address>0xfbdc</load_address>
         <run_address>0xfbdc</run_address>
         <size>0x29e</size>
         <input_file_ref idref="fl-c8"/>
      </object_component>
      <object_component id="oc-16">
         <name>.debug_info</name>
         <load_address>0xfe7a</load_address>
         <run_address>0xfe7a</run_address>
         <size>0x250</size>
         <input_file_ref idref="fl-c8"/>
      </object_component>
      <object_component id="oc-31">
         <name>.debug_info</name>
         <load_address>0x100ca</load_address>
         <run_address>0x100ca</run_address>
         <size>0x60</size>
         <input_file_ref idref="fl-c8"/>
      </object_component>
      <object_component id="oc-b3">
         <name>.debug_info</name>
         <load_address>0x1012a</load_address>
         <run_address>0x1012a</run_address>
         <size>0x46</size>
         <input_file_ref idref="fl-c8"/>
      </object_component>
      <object_component id="oc-7a">
         <name>.debug_info</name>
         <load_address>0x10170</load_address>
         <run_address>0x10170</run_address>
         <size>0x39</size>
         <input_file_ref idref="fl-c8"/>
      </object_component>
      <object_component id="oc-1a3">
         <name>.debug_info</name>
         <load_address>0x101a9</load_address>
         <run_address>0x101a9</run_address>
         <size>0x28a</size>
         <input_file_ref idref="fl-c9"/>
      </object_component>
      <object_component id="oc-f4">
         <name>.debug_info</name>
         <load_address>0x10433</load_address>
         <run_address>0x10433</run_address>
         <size>0x273</size>
         <input_file_ref idref="fl-c9"/>
      </object_component>
      <object_component id="oc-25">
         <name>.debug_info</name>
         <load_address>0x106a6</load_address>
         <run_address>0x106a6</run_address>
         <size>0x10b</size>
         <input_file_ref idref="fl-ca"/>
      </object_component>
      <object_component id="oc-5a">
         <name>.debug_info</name>
         <load_address>0x107b1</load_address>
         <run_address>0x107b1</run_address>
         <size>0x1a9</size>
         <input_file_ref idref="fl-ca"/>
      </object_component>
      <object_component id="oc-220">
         <name>.debug_info</name>
         <load_address>0x1095a</load_address>
         <run_address>0x1095a</run_address>
         <size>0x590</size>
         <input_file_ref idref="fl-cb"/>
      </object_component>
      <object_component id="oc-1eb">
         <name>.debug_info</name>
         <load_address>0x10eea</load_address>
         <run_address>0x10eea</run_address>
         <size>0x21e</size>
         <input_file_ref idref="fl-cb"/>
      </object_component>
      <object_component id="oc-291">
         <name>.debug_info</name>
         <load_address>0x11108</load_address>
         <run_address>0x11108</run_address>
         <size>0x1b3</size>
         <input_file_ref idref="fl-cb"/>
      </object_component>
      <object_component id="oc-297">
         <name>.debug_info</name>
         <load_address>0x112bb</load_address>
         <run_address>0x112bb</run_address>
         <size>0x21b</size>
         <input_file_ref idref="fl-cb"/>
      </object_component>
      <object_component id="oc-1f6">
         <name>.debug_info</name>
         <load_address>0x114d6</load_address>
         <run_address>0x114d6</run_address>
         <size>0x3c0</size>
         <input_file_ref idref="fl-cb"/>
      </object_component>
      <object_component id="oc-29e">
         <name>.debug_info</name>
         <load_address>0x11896</load_address>
         <run_address>0x11896</run_address>
         <size>0x30a</size>
         <input_file_ref idref="fl-cb"/>
      </object_component>
      <object_component id="oc-2a4">
         <name>.debug_info</name>
         <load_address>0x11ba0</load_address>
         <run_address>0x11ba0</run_address>
         <size>0x215</size>
         <input_file_ref idref="fl-cb"/>
      </object_component>
      <object_component id="oc-1fc">
         <name>.debug_info</name>
         <load_address>0x11db5</load_address>
         <run_address>0x11db5</run_address>
         <size>0x215</size>
         <input_file_ref idref="fl-cb"/>
      </object_component>
      <object_component id="oc-202">
         <name>.debug_info</name>
         <load_address>0x11fca</load_address>
         <run_address>0x11fca</run_address>
         <size>0x304</size>
         <input_file_ref idref="fl-cb"/>
      </object_component>
      <object_component id="oc-208">
         <name>.debug_info</name>
         <load_address>0x122ce</load_address>
         <run_address>0x122ce</run_address>
         <size>0x4b5</size>
         <input_file_ref idref="fl-cb"/>
      </object_component>
      <object_component id="oc-16a">
         <name>.debug_info</name>
         <load_address>0x12783</load_address>
         <run_address>0x12783</run_address>
         <size>0x5f4</size>
         <input_file_ref idref="fl-cb"/>
      </object_component>
      <object_component id="oc-221">
         <name>.debug_info</name>
         <load_address>0x12d77</load_address>
         <run_address>0x12d77</run_address>
         <size>0x86</size>
         <input_file_ref idref="fl-cb"/>
      </object_component>
      <object_component id="oc-2d3">
         <name>.debug_info</name>
         <load_address>0x12dfd</load_address>
         <run_address>0x12dfd</run_address>
         <size>0x39</size>
         <input_file_ref idref="fl-cb"/>
      </object_component>
      <object_component id="oc-323">
         <name>.debug_info</name>
         <load_address>0x12e36</load_address>
         <run_address>0x12e36</run_address>
         <size>0xb6</size>
         <input_file_ref idref="fl-cb"/>
      </object_component>
      <object_component id="oc-2d8">
         <name>.debug_info</name>
         <load_address>0x12eec</load_address>
         <run_address>0x12eec</run_address>
         <size>0x46</size>
         <input_file_ref idref="fl-cb"/>
      </object_component>
      <object_component id="oc-226">
         <name>.debug_info</name>
         <load_address>0x12f32</load_address>
         <run_address>0x12f32</run_address>
         <size>0x46</size>
         <input_file_ref idref="fl-cb"/>
      </object_component>
      <object_component id="oc-306">
         <name>.debug_info</name>
         <load_address>0x12f78</load_address>
         <run_address>0x12f78</run_address>
         <size>0x29a</size>
         <input_file_ref idref="fl-cc"/>
      </object_component>
      <object_component id="oc-2ac">
         <name>.debug_info</name>
         <load_address>0x13212</load_address>
         <run_address>0x13212</run_address>
         <size>0x195</size>
         <input_file_ref idref="fl-cc"/>
      </object_component>
      <object_component id="oc-32f">
         <name>.debug_info</name>
         <load_address>0x133a7</load_address>
         <run_address>0x133a7</run_address>
         <size>0x39</size>
         <input_file_ref idref="fl-cc"/>
      </object_component>
      <object_component id="oc-307">
         <name>.debug_info</name>
         <load_address>0x133e0</load_address>
         <run_address>0x133e0</run_address>
         <size>0x2c</size>
         <input_file_ref idref="fl-cc"/>
      </object_component>
      <object_component id="oc-313">
         <name>.debug_info</name>
         <load_address>0x1340c</load_address>
         <run_address>0x1340c</run_address>
         <size>0x2fd</size>
         <input_file_ref idref="fl-cd"/>
      </object_component>
      <object_component id="oc-2b2">
         <name>.debug_info</name>
         <load_address>0x13709</load_address>
         <run_address>0x13709</run_address>
         <size>0x225</size>
         <input_file_ref idref="fl-cd"/>
      </object_component>
      <object_component id="oc-30f">
         <name>.debug_info</name>
         <load_address>0x1392e</load_address>
         <run_address>0x1392e</run_address>
         <size>0x161</size>
         <input_file_ref idref="fl-ce"/>
      </object_component>
      <object_component id="oc-266">
         <name>.debug_info</name>
         <load_address>0x13a8f</load_address>
         <run_address>0x13a8f</run_address>
         <size>0x134</size>
         <input_file_ref idref="fl-cf"/>
      </object_component>
      <object_component id="oc-28c">
         <name>.debug_info</name>
         <load_address>0x13bc3</load_address>
         <run_address>0x13bc3</run_address>
         <size>0x14c</size>
         <input_file_ref idref="fl-d0"/>
      </object_component>
      <object_component id="oc-1f1">
         <name>.debug_info</name>
         <load_address>0x13d0f</load_address>
         <run_address>0x13d0f</run_address>
         <size>0x128</size>
         <input_file_ref idref="fl-d1"/>
      </object_component>
      <object_component id="oc-277">
         <name>.debug_info</name>
         <load_address>0x13e37</load_address>
         <run_address>0x13e37</run_address>
         <size>0x12a</size>
         <input_file_ref idref="fl-d1"/>
      </object_component>
      <object_component id="oc-272">
         <name>.debug_info</name>
         <load_address>0x13f61</load_address>
         <run_address>0x13f61</run_address>
         <size>0x13a</size>
         <input_file_ref idref="fl-d2"/>
      </object_component>
      <object_component id="oc-26d">
         <name>.debug_info</name>
         <load_address>0x1409b</load_address>
         <run_address>0x1409b</run_address>
         <size>0x13a</size>
         <input_file_ref idref="fl-d3"/>
      </object_component>
      <object_component id="oc-27c">
         <name>.debug_info</name>
         <load_address>0x141d5</load_address>
         <run_address>0x141d5</run_address>
         <size>0x12e</size>
         <input_file_ref idref="fl-d4"/>
      </object_component>
      <object_component id="oc-287">
         <name>.debug_info</name>
         <load_address>0x14303</load_address>
         <run_address>0x14303</run_address>
         <size>0x12c</size>
         <input_file_ref idref="fl-d5"/>
      </object_component>
      <object_component id="oc-1b8">
         <name>.debug_info</name>
         <load_address>0x1442f</load_address>
         <run_address>0x1442f</run_address>
         <size>0x4b3</size>
         <input_file_ref idref="fl-d6"/>
      </object_component>
      <object_component id="oc-115">
         <name>.debug_info</name>
         <load_address>0x148e2</load_address>
         <run_address>0x148e2</run_address>
         <size>0x1a6</size>
         <input_file_ref idref="fl-d6"/>
      </object_component>
      <object_component id="oc-24d">
         <name>.debug_info</name>
         <load_address>0x14a88</load_address>
         <run_address>0x14a88</run_address>
         <size>0x39</size>
         <input_file_ref idref="fl-d6"/>
      </object_component>
      <object_component id="oc-2e0">
         <name>.debug_info</name>
         <load_address>0x14ac1</load_address>
         <run_address>0x14ac1</run_address>
         <size>0x39</size>
         <input_file_ref idref="fl-d6"/>
      </object_component>
      <object_component id="oc-252">
         <name>.debug_info</name>
         <load_address>0x14afa</load_address>
         <run_address>0x14afa</run_address>
         <size>0x39</size>
         <input_file_ref idref="fl-d6"/>
      </object_component>
      <object_component id="oc-257">
         <name>.debug_info</name>
         <load_address>0x14b33</load_address>
         <run_address>0x14b33</run_address>
         <size>0xcd</size>
         <input_file_ref idref="fl-d6"/>
      </object_component>
      <object_component id="oc-96">
         <name>.debug_info</name>
         <load_address>0x14c00</load_address>
         <run_address>0x14c00</run_address>
         <size>0x153</size>
         <input_file_ref idref="fl-d7"/>
      </object_component>
      <object_component id="oc-109">
         <name>.debug_info</name>
         <load_address>0x14d53</load_address>
         <run_address>0x14d53</run_address>
         <size>0x122</size>
         <input_file_ref idref="fl-d9"/>
      </object_component>
      <object_component id="oc-2fe">
         <name>.debug_info</name>
         <load_address>0x14e75</load_address>
         <run_address>0x14e75</run_address>
         <size>0x29c</size>
         <input_file_ref idref="fl-db"/>
      </object_component>
      <object_component id="oc-281">
         <name>.debug_info</name>
         <load_address>0x15111</load_address>
         <run_address>0x15111</run_address>
         <size>0x1da</size>
         <input_file_ref idref="fl-db"/>
      </object_component>
      <object_component id="oc-264">
         <name>.debug_info</name>
         <load_address>0x152eb</load_address>
         <run_address>0x152eb</run_address>
         <size>0x2b9</size>
         <input_file_ref idref="fl-dd"/>
      </object_component>
      <object_component id="oc-1e6">
         <name>.debug_info</name>
         <load_address>0x155a4</load_address>
         <run_address>0x155a4</run_address>
         <size>0x17c</size>
         <input_file_ref idref="fl-dd"/>
      </object_component>
      <object_component id="oc-2f0">
         <name>.debug_info</name>
         <load_address>0x15720</load_address>
         <run_address>0x15720</run_address>
         <size>0xf9</size>
         <input_file_ref idref="fl-de"/>
      </object_component>
      <object_component id="oc-261">
         <name>.debug_info</name>
         <load_address>0x15819</load_address>
         <run_address>0x15819</run_address>
         <size>0x105</size>
         <input_file_ref idref="fl-de"/>
      </object_component>
      <object_component id="oc-2bf">
         <name>.debug_info</name>
         <load_address>0x1591e</load_address>
         <run_address>0x1591e</run_address>
         <size>0x2a7</size>
         <input_file_ref idref="fl-df"/>
      </object_component>
      <object_component id="oc-20f">
         <name>.debug_info</name>
         <load_address>0x15bc5</load_address>
         <run_address>0x15bc5</run_address>
         <size>0x1b8</size>
         <input_file_ref idref="fl-df"/>
      </object_component>
      <object_component id="oc-315">
         <name>.debug_info</name>
         <load_address>0x15d7d</load_address>
         <run_address>0x15d7d</run_address>
         <size>0x29a</size>
         <input_file_ref idref="fl-e0"/>
      </object_component>
      <object_component id="oc-2b8">
         <name>.debug_info</name>
         <load_address>0x16017</load_address>
         <run_address>0x16017</run_address>
         <size>0x262</size>
         <input_file_ref idref="fl-e0"/>
      </object_component>
      <object_component id="oc-25f">
         <name>.debug_info</name>
         <load_address>0x16279</load_address>
         <run_address>0x16279</run_address>
         <size>0x28f</size>
         <input_file_ref idref="fl-e1"/>
      </object_component>
      <object_component id="oc-1df">
         <name>.debug_info</name>
         <load_address>0x16508</load_address>
         <run_address>0x16508</run_address>
         <size>0x245</size>
         <input_file_ref idref="fl-e1"/>
      </object_component>
      <object_component id="oc-2cb">
         <name>.debug_info</name>
         <load_address>0x1674d</load_address>
         <run_address>0x1674d</run_address>
         <size>0x289</size>
         <input_file_ref idref="fl-e2"/>
      </object_component>
      <object_component id="oc-2c8">
         <name>.debug_info</name>
         <load_address>0x169d6</load_address>
         <run_address>0x169d6</run_address>
         <size>0x10e</size>
         <input_file_ref idref="fl-e2"/>
      </object_component>
      <object_component id="oc-21a">
         <name>.debug_info</name>
         <load_address>0x16ae4</load_address>
         <run_address>0x16ae4</run_address>
         <size>0x14e</size>
         <input_file_ref idref="fl-e2"/>
      </object_component>
      <object_component id="oc-2c6">
         <name>.debug_info</name>
         <load_address>0x16c32</load_address>
         <run_address>0x16c32</run_address>
         <size>0x28f</size>
         <input_file_ref idref="fl-e3"/>
      </object_component>
      <object_component id="oc-214">
         <name>.debug_info</name>
         <load_address>0x16ec1</load_address>
         <run_address>0x16ec1</run_address>
         <size>0x15a</size>
         <input_file_ref idref="fl-e3"/>
      </object_component>
      <object_component id="oc-318">
         <name>.debug_info</name>
         <load_address>0x1701b</load_address>
         <run_address>0x1701b</run_address>
         <size>0x46</size>
         <input_file_ref idref="fl-e3"/>
      </object_component>
      <object_component id="oc-2c1">
         <name>.debug_info</name>
         <load_address>0x17061</load_address>
         <run_address>0x17061</run_address>
         <size>0x39</size>
         <input_file_ref idref="fl-e3"/>
      </object_component>
      <object_component id="oc-2f4">
         <name>.debug_info</name>
         <load_address>0x1709a</load_address>
         <run_address>0x1709a</run_address>
         <size>0x115</size>
         <input_file_ref idref="fl-e4"/>
      </object_component>
      <object_component id="oc-367">
         <name>.debug_info</name>
         <load_address>0x171af</load_address>
         <run_address>0x171af</run_address>
         <size>0xcf</size>
      </object_component>
      <object_component id="oc-147">
         <name>.debug_line</name>
         <load_address>0x0</load_address>
         <run_address>0x0</run_address>
         <size>0x20</size>
         <input_file_ref idref="fl-1"/>
      </object_component>
      <object_component id="oc-c7">
         <name>.debug_line</name>
         <load_address>0x20</load_address>
         <run_address>0x20</run_address>
         <size>0x95</size>
         <input_file_ref idref="fl-1"/>
      </object_component>
      <object_component id="oc-73">
         <name>.debug_line</name>
         <load_address>0xb5</load_address>
         <run_address>0xb5</run_address>
         <size>0x7a</size>
         <input_file_ref idref="fl-1"/>
      </object_component>
      <object_component id="oc-39">
         <name>.debug_line</name>
         <load_address>0x12f</load_address>
         <run_address>0x12f</run_address>
         <size>0x20</size>
         <input_file_ref idref="fl-1"/>
      </object_component>
      <object_component id="oc-b0">
         <name>.debug_line</name>
         <load_address>0x14f</load_address>
         <run_address>0x14f</run_address>
         <size>0x7e</size>
         <input_file_ref idref="fl-1"/>
      </object_component>
      <object_component id="oc-78">
         <name>.debug_line</name>
         <load_address>0x1cd</load_address>
         <run_address>0x1cd</run_address>
         <size>0x7b</size>
         <input_file_ref idref="fl-1"/>
      </object_component>
      <object_component id="oc-1db">
         <name>.debug_line</name>
         <load_address>0x248</load_address>
         <run_address>0x248</run_address>
         <size>0x13d</size>
         <input_file_ref idref="fl-2"/>
      </object_component>
      <object_component id="oc-1d3">
         <name>.debug_line</name>
         <load_address>0x385</load_address>
         <run_address>0x385</run_address>
         <size>0x7f</size>
         <input_file_ref idref="fl-2"/>
      </object_component>
      <object_component id="oc-1d1">
         <name>.debug_line</name>
         <load_address>0x404</load_address>
         <run_address>0x404</run_address>
         <size>0x7f</size>
         <input_file_ref idref="fl-2"/>
      </object_component>
      <object_component id="oc-1d5">
         <name>.debug_line</name>
         <load_address>0x483</load_address>
         <run_address>0x483</run_address>
         <size>0x7f</size>
         <input_file_ref idref="fl-2"/>
      </object_component>
      <object_component id="oc-1d7">
         <name>.debug_line</name>
         <load_address>0x502</load_address>
         <run_address>0x502</run_address>
         <size>0x7f</size>
         <input_file_ref idref="fl-2"/>
      </object_component>
      <object_component id="oc-1d9">
         <name>.debug_line</name>
         <load_address>0x581</load_address>
         <run_address>0x581</run_address>
         <size>0x7f</size>
         <input_file_ref idref="fl-2"/>
      </object_component>
      <object_component id="oc-d3">
         <name>.debug_line</name>
         <load_address>0x600</load_address>
         <run_address>0x600</run_address>
         <size>0x926</size>
         <input_file_ref idref="fl-2"/>
      </object_component>
      <object_component id="oc-14d">
         <name>.debug_line</name>
         <load_address>0xf26</load_address>
         <run_address>0xf26</run_address>
         <size>0x7f</size>
         <input_file_ref idref="fl-2"/>
      </object_component>
      <object_component id="oc-101">
         <name>.debug_line</name>
         <load_address>0xfa5</load_address>
         <run_address>0xfa5</run_address>
         <size>0x20</size>
         <input_file_ref idref="fl-2"/>
      </object_component>
      <object_component id="oc-1ab">
         <name>.debug_line</name>
         <load_address>0xfc5</load_address>
         <run_address>0xfc5</run_address>
         <size>0x7f</size>
         <input_file_ref idref="fl-2"/>
      </object_component>
      <object_component id="oc-1a7">
         <name>.debug_line</name>
         <load_address>0x1044</load_address>
         <run_address>0x1044</run_address>
         <size>0x2b4</size>
         <input_file_ref idref="fl-3"/>
      </object_component>
      <object_component id="oc-1a5">
         <name>.debug_line</name>
         <load_address>0x12f8</load_address>
         <run_address>0x12f8</run_address>
         <size>0x31</size>
         <input_file_ref idref="fl-3"/>
      </object_component>
      <object_component id="oc-184">
         <name>.debug_line</name>
         <load_address>0x1329</load_address>
         <run_address>0x1329</run_address>
         <size>0x31</size>
         <input_file_ref idref="fl-3"/>
      </object_component>
      <object_component id="oc-186">
         <name>.debug_line</name>
         <load_address>0x135a</load_address>
         <run_address>0x135a</run_address>
         <size>0x31</size>
         <input_file_ref idref="fl-3"/>
      </object_component>
      <object_component id="oc-9f">
         <name>.debug_line</name>
         <load_address>0x138b</load_address>
         <run_address>0x138b</run_address>
         <size>0x1e1</size>
         <input_file_ref idref="fl-3"/>
      </object_component>
      <object_component id="oc-18a">
         <name>.debug_line</name>
         <load_address>0x156c</load_address>
         <run_address>0x156c</run_address>
         <size>0x31</size>
         <input_file_ref idref="fl-3"/>
      </object_component>
      <object_component id="oc-106">
         <name>.debug_line</name>
         <load_address>0x159d</load_address>
         <run_address>0x159d</run_address>
         <size>0x80</size>
         <input_file_ref idref="fl-3"/>
      </object_component>
      <object_component id="oc-180">
         <name>.debug_line</name>
         <load_address>0x161d</load_address>
         <run_address>0x161d</run_address>
         <size>0x76</size>
         <input_file_ref idref="fl-3"/>
      </object_component>
      <object_component id="oc-1a0">
         <name>.debug_line</name>
         <load_address>0x1693</load_address>
         <run_address>0x1693</run_address>
         <size>0x2c</size>
         <input_file_ref idref="fl-3"/>
      </object_component>
      <object_component id="oc-1ce">
         <name>.debug_line</name>
         <load_address>0x16bf</load_address>
         <run_address>0x16bf</run_address>
         <size>0x20</size>
         <input_file_ref idref="fl-4"/>
      </object_component>
      <object_component id="oc-cd">
         <name>.debug_line</name>
         <load_address>0x16df</load_address>
         <run_address>0x16df</run_address>
         <size>0x3ec</size>
         <input_file_ref idref="fl-4"/>
      </object_component>
      <object_component id="oc-154">
         <name>.debug_line</name>
         <load_address>0x1acb</load_address>
         <run_address>0x1acb</run_address>
         <size>0x12f</size>
         <input_file_ref idref="fl-5"/>
      </object_component>
      <object_component id="oc-23a">
         <name>.debug_line</name>
         <load_address>0x1bfa</load_address>
         <run_address>0x1bfa</run_address>
         <size>0x7f</size>
         <input_file_ref idref="fl-6"/>
      </object_component>
      <object_component id="oc-230">
         <name>.debug_line</name>
         <load_address>0x1c79</load_address>
         <run_address>0x1c79</run_address>
         <size>0x2c</size>
         <input_file_ref idref="fl-6"/>
      </object_component>
      <object_component id="oc-236">
         <name>.debug_line</name>
         <load_address>0x1ca5</load_address>
         <run_address>0x1ca5</run_address>
         <size>0x2c</size>
         <input_file_ref idref="fl-6"/>
      </object_component>
      <object_component id="oc-232">
         <name>.debug_line</name>
         <load_address>0x1cd1</load_address>
         <run_address>0x1cd1</run_address>
         <size>0x2c</size>
         <input_file_ref idref="fl-6"/>
      </object_component>
      <object_component id="oc-238">
         <name>.debug_line</name>
         <load_address>0x1cfd</load_address>
         <run_address>0x1cfd</run_address>
         <size>0x2c</size>
         <input_file_ref idref="fl-6"/>
      </object_component>
      <object_component id="oc-234">
         <name>.debug_line</name>
         <load_address>0x1d29</load_address>
         <run_address>0x1d29</run_address>
         <size>0x2c</size>
         <input_file_ref idref="fl-6"/>
      </object_component>
      <object_component id="oc-f1">
         <name>.debug_line</name>
         <load_address>0x1d55</load_address>
         <run_address>0x1d55</run_address>
         <size>0x167</size>
         <input_file_ref idref="fl-6"/>
      </object_component>
      <object_component id="oc-6f">
         <name>.debug_line</name>
         <load_address>0x1ebc</load_address>
         <run_address>0x1ebc</run_address>
         <size>0x41</size>
         <input_file_ref idref="fl-7"/>
      </object_component>
      <object_component id="oc-2e">
         <name>.debug_line</name>
         <load_address>0x1efd</load_address>
         <run_address>0x1efd</run_address>
         <size>0x41</size>
         <input_file_ref idref="fl-7"/>
      </object_component>
      <object_component id="oc-2b">
         <name>.debug_line</name>
         <load_address>0x1f3e</load_address>
         <run_address>0x1f3e</run_address>
         <size>0xa1</size>
         <input_file_ref idref="fl-7"/>
      </object_component>
      <object_component id="oc-1dd">
         <name>.debug_line</name>
         <load_address>0x1fdf</load_address>
         <run_address>0x1fdf</run_address>
         <size>0x20</size>
         <input_file_ref idref="fl-8"/>
      </object_component>
      <object_component id="oc-d9">
         <name>.debug_line</name>
         <load_address>0x1fff</load_address>
         <run_address>0x1fff</run_address>
         <size>0x313</size>
         <input_file_ref idref="fl-8"/>
      </object_component>
      <object_component id="oc-e5">
         <name>.debug_line</name>
         <load_address>0x2312</load_address>
         <run_address>0x2312</run_address>
         <size>0xa4</size>
         <input_file_ref idref="fl-9"/>
      </object_component>
      <object_component id="oc-22e">
         <name>.debug_line</name>
         <load_address>0x23b6</load_address>
         <run_address>0x23b6</run_address>
         <size>0x2d</size>
         <input_file_ref idref="fl-c3"/>
      </object_component>
      <object_component id="oc-df">
         <name>.debug_line</name>
         <load_address>0x23e3</load_address>
         <run_address>0x23e3</run_address>
         <size>0x4b</size>
         <input_file_ref idref="fl-c3"/>
      </object_component>
      <object_component id="oc-173">
         <name>.debug_line</name>
         <load_address>0x242e</load_address>
         <run_address>0x242e</run_address>
         <size>0x4b</size>
         <input_file_ref idref="fl-c3"/>
      </object_component>
      <object_component id="oc-179">
         <name>.debug_line</name>
         <load_address>0x2479</load_address>
         <run_address>0x2479</run_address>
         <size>0x3f</size>
         <input_file_ref idref="fl-c3"/>
      </object_component>
      <object_component id="oc-2d1">
         <name>.debug_line</name>
         <load_address>0x24b8</load_address>
         <run_address>0x24b8</run_address>
         <size>0x91</size>
         <input_file_ref idref="fl-c3"/>
      </object_component>
      <object_component id="oc-90">
         <name>.debug_line</name>
         <load_address>0x2549</load_address>
         <run_address>0x2549</run_address>
         <size>0x79</size>
         <input_file_ref idref="fl-c4"/>
      </object_component>
      <object_component id="oc-3f">
         <name>.debug_line</name>
         <load_address>0x25c2</load_address>
         <run_address>0x25c2</run_address>
         <size>0x88</size>
         <input_file_ref idref="fl-c5"/>
      </object_component>
      <object_component id="oc-bd">
         <name>.debug_line</name>
         <load_address>0x264a</load_address>
         <run_address>0x264a</run_address>
         <size>0x92</size>
         <input_file_ref idref="fl-c6"/>
      </object_component>
      <object_component id="oc-87">
         <name>.debug_line</name>
         <load_address>0x26dc</load_address>
         <run_address>0x26dc</run_address>
         <size>0x20</size>
         <input_file_ref idref="fl-c7"/>
      </object_component>
      <object_component id="oc-1f">
         <name>.debug_line</name>
         <load_address>0x26fc</load_address>
         <run_address>0x26fc</run_address>
         <size>0x55</size>
         <input_file_ref idref="fl-c7"/>
      </object_component>
      <object_component id="oc-44">
         <name>.debug_line</name>
         <load_address>0x2751</load_address>
         <run_address>0x2751</run_address>
         <size>0x3a</size>
         <input_file_ref idref="fl-c7"/>
      </object_component>
      <object_component id="oc-84">
         <name>.debug_line</name>
         <load_address>0x278b</load_address>
         <run_address>0x278b</run_address>
         <size>0x92</size>
         <input_file_ref idref="fl-c7"/>
      </object_component>
      <object_component id="oc-b9">
         <name>.debug_line</name>
         <load_address>0x281d</load_address>
         <run_address>0x281d</run_address>
         <size>0x20</size>
         <input_file_ref idref="fl-c8"/>
      </object_component>
      <object_component id="oc-19">
         <name>.debug_line</name>
         <load_address>0x283d</load_address>
         <run_address>0x283d</run_address>
         <size>0xa9</size>
         <input_file_ref idref="fl-c8"/>
      </object_component>
      <object_component id="oc-34">
         <name>.debug_line</name>
         <load_address>0x28e6</load_address>
         <run_address>0x28e6</run_address>
         <size>0x3a</size>
         <input_file_ref idref="fl-c8"/>
      </object_component>
      <object_component id="oc-b6">
         <name>.debug_line</name>
         <load_address>0x2920</load_address>
         <run_address>0x2920</run_address>
         <size>0x9a</size>
         <input_file_ref idref="fl-c8"/>
      </object_component>
      <object_component id="oc-7d">
         <name>.debug_line</name>
         <load_address>0x29ba</load_address>
         <run_address>0x29ba</run_address>
         <size>0x96</size>
         <input_file_ref idref="fl-c8"/>
      </object_component>
      <object_component id="oc-23c">
         <name>.debug_line</name>
         <load_address>0x2a50</load_address>
         <run_address>0x2a50</run_address>
         <size>0x20</size>
         <input_file_ref idref="fl-c9"/>
      </object_component>
      <object_component id="oc-f7">
         <name>.debug_line</name>
         <load_address>0x2a70</load_address>
         <run_address>0x2a70</run_address>
         <size>0xad</size>
         <input_file_ref idref="fl-c9"/>
      </object_component>
      <object_component id="oc-6c">
         <name>.debug_line</name>
         <load_address>0x2b1d</load_address>
         <run_address>0x2b1d</run_address>
         <size>0x33</size>
         <input_file_ref idref="fl-ca"/>
      </object_component>
      <object_component id="oc-5d">
         <name>.debug_line</name>
         <load_address>0x2b50</load_address>
         <run_address>0x2b50</run_address>
         <size>0x45</size>
         <input_file_ref idref="fl-ca"/>
      </object_component>
      <object_component id="oc-2cd">
         <name>.debug_line</name>
         <load_address>0x2b95</load_address>
         <run_address>0x2b95</run_address>
         <size>0x264</size>
         <input_file_ref idref="fl-cb"/>
      </object_component>
      <object_component id="oc-1ee">
         <name>.debug_line</name>
         <load_address>0x2df9</load_address>
         <run_address>0x2df9</run_address>
         <size>0x7a</size>
         <input_file_ref idref="fl-cb"/>
      </object_component>
      <object_component id="oc-294">
         <name>.debug_line</name>
         <load_address>0x2e73</load_address>
         <run_address>0x2e73</run_address>
         <size>0x51</size>
         <input_file_ref idref="fl-cb"/>
      </object_component>
      <object_component id="oc-29a">
         <name>.debug_line</name>
         <load_address>0x2ec4</load_address>
         <run_address>0x2ec4</run_address>
         <size>0x88</size>
         <input_file_ref idref="fl-cb"/>
      </object_component>
      <object_component id="oc-1f9">
         <name>.debug_line</name>
         <load_address>0x2f4c</load_address>
         <run_address>0x2f4c</run_address>
         <size>0x14d</size>
         <input_file_ref idref="fl-cb"/>
      </object_component>
      <object_component id="oc-2a1">
         <name>.debug_line</name>
         <load_address>0x3099</load_address>
         <run_address>0x3099</run_address>
         <size>0xee</size>
         <input_file_ref idref="fl-cb"/>
      </object_component>
      <object_component id="oc-2a7">
         <name>.debug_line</name>
         <load_address>0x3187</load_address>
         <run_address>0x3187</run_address>
         <size>0x5d</size>
         <input_file_ref idref="fl-cb"/>
      </object_component>
      <object_component id="oc-1ff">
         <name>.debug_line</name>
         <load_address>0x31e4</load_address>
         <run_address>0x31e4</run_address>
         <size>0x5c</size>
         <input_file_ref idref="fl-cb"/>
      </object_component>
      <object_component id="oc-205">
         <name>.debug_line</name>
         <load_address>0x3240</load_address>
         <run_address>0x3240</run_address>
         <size>0xae</size>
         <input_file_ref idref="fl-cb"/>
      </object_component>
      <object_component id="oc-20b">
         <name>.debug_line</name>
         <load_address>0x32ee</load_address>
         <run_address>0x32ee</run_address>
         <size>0x1b0</size>
         <input_file_ref idref="fl-cb"/>
      </object_component>
      <object_component id="oc-16d">
         <name>.debug_line</name>
         <load_address>0x349e</load_address>
         <run_address>0x349e</run_address>
         <size>0x76f</size>
         <input_file_ref idref="fl-cb"/>
      </object_component>
      <object_component id="oc-224">
         <name>.debug_line</name>
         <load_address>0x3c0d</load_address>
         <run_address>0x3c0d</run_address>
         <size>0x92</size>
         <input_file_ref idref="fl-cb"/>
      </object_component>
      <object_component id="oc-2d6">
         <name>.debug_line</name>
         <load_address>0x3c9f</load_address>
         <run_address>0x3c9f</run_address>
         <size>0x92</size>
         <input_file_ref idref="fl-cb"/>
      </object_component>
      <object_component id="oc-326">
         <name>.debug_line</name>
         <load_address>0x3d31</load_address>
         <run_address>0x3d31</run_address>
         <size>0x9a</size>
         <input_file_ref idref="fl-cb"/>
      </object_component>
      <object_component id="oc-2db">
         <name>.debug_line</name>
         <load_address>0x3dcb</load_address>
         <run_address>0x3dcb</run_address>
         <size>0x97</size>
         <input_file_ref idref="fl-cb"/>
      </object_component>
      <object_component id="oc-229">
         <name>.debug_line</name>
         <load_address>0x3e62</load_address>
         <run_address>0x3e62</run_address>
         <size>0x2e</size>
         <input_file_ref idref="fl-cb"/>
      </object_component>
      <object_component id="oc-32e">
         <name>.debug_line</name>
         <load_address>0x3e90</load_address>
         <run_address>0x3e90</run_address>
         <size>0x20</size>
         <input_file_ref idref="fl-cc"/>
      </object_component>
[...]
         <object_component_ref idref="oc-cf"/>
      </symbol>
      <symbol id="sm-188">
         <name>etherCalcIpChecksum</name>
         <value>0x93d</value>
         <object_component_ref idref="oc-cf"/>
      </symbol>
      <symbol id="sm-189">
         <name>etherEnableDhcpMode</name>
         <value>0x12e3</value>
         <object_component_ref idref="oc-cf"/>
      </symbol>
      <symbol id="sm-18a">
         <name>etherCsOn</name>
         <value>0x26d</value>
         <object_component_ref idref="oc-cf"/>
      </symbol>
      <symbol id="sm-18b">
         <name>etherWriteMemStart</name>
         <value>0x41f</value>
         <object_component_ref idref="oc-cf"/>
      </symbol>
      <symbol id="sm-18c">
         <name>etherPutPacket</name>
         <value>0x795</value>
         <object_component_ref idref="oc-cf"/>
      </symbol>
      <symbol id="sm-18d">
         <name>sequenceId</name>
         <value>0x2000102a</value>
         <object_component_ref idref="oc-159"/>
      </symbol>
      <symbol id="sm-229">
         <name>initHw</name>
         <value>0x2759</value>
         <object_component_ref idref="oc-9b"/>
      </symbol>
      <symbol id="sm-22a">
         <name>connectMQTT</name>
         <value>0x28b9</value>
         <object_component_ref idref="oc-9b"/>
      </symbol>
      <symbol id="sm-22b">
         <name>ipAddressMQTT</name>
         <value>0x20001030</value>
         <object_component_ref idref="oc-e7"/>
      </symbol>
      <symbol id="sm-22c">
         <name>displayConnectionInfo</name>
         <value>0x278d</value>
         <object_component_ref idref="oc-9b"/>
      </symbol>
      <symbol id="sm-22d">
         <name>macAddressMQTT</name>
         <value>0x20001018</value>
         <object_component_ref idref="oc-f9"/>
      </symbol>
      <symbol id="sm-22e">
         <name>main</name>
         <value>0x2927</value>
         <object_component_ref idref="oc-9b"/>
      </symbol>
      <symbol id="sm-22f">
         <name>currentState</name>
         <value>0x20001044</value>
         <object_component_ref idref="oc-ea"/>
      </symbol>
      <symbol id="sm-230">
         <name>printMAC</name>
         <value>0x2869</value>
         <object_component_ref idref="oc-9b"/>
      </symbol>
      <symbol id="sm-231">
         <name>printIP</name>
         <value>0x2819</value>
         <object_component_ref idref="oc-9b"/>
      </symbol>
      <symbol id="sm-2a5">
         <name>selectPinInterruptBothEdges</name>
         <value>0x24db</value>
         <object_component_ref idref="oc-c9"/>
      </symbol>
      <symbol id="sm-2a6">
         <name>getPortValue</name>
         <value>0x26c9</value>
         <object_component_ref idref="oc-c9"/>
      </symbol>
      <symbol id="sm-2a7">
         <name>selectPinAnalogInput</name>
         <value>0x21bf</value>
         <object_component_ref idref="oc-c9"/>
      </symbol>
      <symbol id="sm-2a8">
         <name>selectPinPushPullOutput</name>
         <value>0x20d5</value>
         <object_component_ref idref="oc-c9"/>
      </symbol>
      <symbol id="sm-2a9">
         <name>selectPinInterruptHighLevel</name>
         <value>0x2531</value>
         <object_component_ref idref="oc-c9"/>
      </symbol>
      <symbol id="sm-2aa">
         <name>selectPinInterruptFallingEdge</name>
         <value>0x248b</value>
         <object_component_ref idref="oc-c9"/>
      </symbol>
      <symbol id="sm-2ab">
         <name>selectPinOpenDrainOutput</name>
         <value>0x2123</value>
         <object_component_ref idref="oc-c9"/>
      </symbol>
      <symbol id="sm-2ac">
         <name>selectPinInterruptLowLevel</name>
         <value>0x256b</value>
         <object_component_ref idref="oc-c9"/>
      </symbol>
      <symbol id="sm-2ad">
         <name>setPortValue</name>
         <value>0x2645</value>
         <object_component_ref idref="oc-c9"/>
      </symbol>
      <symbol id="sm-2ae">
         <name>enablePinInterrupt</name>
         <value>0x25a5</value>
         <object_component_ref idref="oc-c9"/>
      </symbol>
      <symbol id="sm-2af">
         <name>setPinAuxFunction</name>
         <value>0x2329</value>
         <object_component_ref idref="oc-c9"/>
      </symbol>
      <symbol id="sm-2b0">
         <name>enablePort</name>
         <value>0x1f99</value>
         <object_component_ref idref="oc-c9"/>
      </symbol>
      <symbol id="sm-2b1">
         <name>disablePinPulldown</name>
         <value>0x2301</value>
         <object_component_ref idref="oc-c9"/>
      </symbol>
      <symbol id="sm-2b2">
         <name>setPinCommitControl</name>
         <value>0x220f</value>
         <object_component_ref idref="oc-c9"/>
      </symbol>
      <symbol id="sm-2b3">
         <name>disablePort</name>
         <value>0x2055</value>
         <object_component_ref idref="oc-c9"/>
      </symbol>
      <symbol id="sm-2b4">
         <name>disablePinInterrupt</name>
         <value>0x25c9</value>
         <object_component_ref idref="oc-c9"/>
      </symbol>
      <symbol id="sm-2b5">
         <name>enablePinPullup</name>
         <value>0x228b</value>
         <object_component_ref idref="oc-c9"/>
      </symbol>
      <symbol id="sm-2b6">
         <name>getPinValue</name>
         <value>0x2613</value>
         <object_component_ref idref="oc-c9"/>
      </symbol>
      <symbol id="sm-2b7">
         <name>enablePinPulldown</name>
         <value>0x22dd</value>
         <object_component_ref idref="oc-c9"/>
      </symbol>
      <symbol id="sm-2b8">
         <name>disablePinPullup</name>
         <value>0x22b9</value>
         <object_component_ref idref="oc-c9"/>
      </symbol>
      <symbol id="sm-2b9">
         <name>selectPinDigitalInput</name>
         <value>0x2171</value>
         <object_component_ref idref="oc-c9"/>
      </symbol>
      <symbol id="sm-2ba">
         <name>selectPinInterruptRisingEdge</name>
         <value>0x243b</value>
         <object_component_ref idref="oc-c9"/>
      </symbol>
      <symbol id="sm-2bb">
         <name>setPinValue</name>
         <value>0x25ed</value>
         <object_component_ref idref="oc-c9"/>
      </symbol>
      <symbol id="sm-2d7">
         <name>setSpi0Mode</name>
         <value>0x3f7b</value>
         <object_component_ref idref="oc-150"/>
      </symbol>
      <symbol id="sm-2d8">
         <name>readSpi0Data</name>
         <value>0x3fe1</value>
         <object_component_ref idref="oc-150"/>
      </symbol>
      <symbol id="sm-2d9">
         <name>writeSpi0Data</name>
         <value>0x3fc9</value>
         <object_component_ref idref="oc-150"/>
      </symbol>
      <symbol id="sm-2da">
         <name>initSpi0</name>
         <value>0x3ea9</value>
         <object_component_ref idref="oc-150"/>
      </symbol>
      <symbol id="sm-2db">
         <name>setSpi0BaudRate</name>
         <value>0x3f45</value>
         <object_component_ref idref="oc-150"/>
      </symbol>
      <symbol id="sm-33e">
         <name>etherTCPACK</name>
         <value>0x3731</value>
         <object_component_ref idref="oc-ed"/>
      </symbol>
      <symbol id="sm-33f">
         <name>seq</name>
         <value>0x20001008</value>
         <object_component_ref idref="oc-18c"/>
      </symbol>
      <symbol id="sm-340">
         <name>source_ip</name>
         <value>0x20001040</value>
         <object_component_ref idref="oc-192"/>
      </symbol>
      <symbol id="sm-341">
         <name>currentTCPState</name>
         <value>0x20001000</value>
         <object_component_ref idref="oc-18c"/>
      </symbol>
      <symbol id="sm-342">
         <name>source_addr</name>
         <value>0x2000101e</value>
         <object_component_ref idref="oc-18f"/>
      </symbol>
      <symbol id="sm-343">
         <name>dest_ip</name>
         <value>0x20001024</value>
         <object_component_ref idref="oc-198"/>
      </symbol>
      <symbol id="sm-344">
         <name>dest_port</name>
         <value>0x20001004</value>
         <object_component_ref idref="oc-18c"/>
      </symbol>
      <symbol id="sm-345">
         <name>etherHandleTCPPacket</name>
         <value>0x36fd</value>
         <object_component_ref idref="oc-ed"/>
      </symbol>
      <symbol id="sm-346">
         <name>etherOpenTCPConnection</name>
         <value>0x33f9</value>
         <object_component_ref idref="oc-ed"/>
      </symbol>
      <symbol id="sm-347">
         <name>id</name>
         <value>0x20001006</value>
         <object_component_ref idref="oc-18c"/>
      </symbol>
      <symbol id="sm-348">
         <name>dest_addr</name>
         <value>0x2000100c</value>
         <object_component_ref idref="oc-195"/>
      </symbol>
      <symbol id="sm-349">
         <name>etherIsTCPPacket</name>
         <value>0x35c5</value>
         <object_component_ref idref="oc-ed"/>
      </symbol>
      <symbol id="sm-34a">
         <name>source_port</name>
         <value>0x20001002</value>
         <object_component_ref idref="oc-18c"/>
      </symbol>
      <symbol id="sm-366">
         <name>ResetISR</name>
         <value>0x4deb</value>
         <object_component_ref idref="oc-27"/>
      </symbol>
      <symbol id="sm-367">
         <name>g_pfnVectors</name>
         <value>0x0</value>
         <object_component_ref idref="oc-12"/>
      </symbol>
      <symbol id="sm-3bf">
         <name>getcUart0</name>
         <value>0x3053</value>
         <object_component_ref idref="oc-d5"/>
      </symbol>
      <symbol id="sm-3c0">
         <name>isCommand</name>
         <value>0x3353</value>
         <object_component_ref idref="oc-d5"/>
      </symbol>
      <symbol id="sm-3c1">
         <name>getFieldString</name>
         <value>0x327d</value>
         <object_component_ref idref="oc-d5"/>
      </symbol>
      <symbol id="sm-3c2">
         <name>parseFields</name>
         <value>0x3125</value>
         <object_component_ref idref="oc-d5"/>
      </symbol>
      <symbol id="sm-3c3">
         <name>kbhitUart0</name>
         <value>0x33db</value>
         <object_component_ref idref="oc-d5"/>
      </symbol>
      <symbol id="sm-3c4">
         <name>getFieldInteger</name>
         <value>0x32ed</value>
         <object_component_ref idref="oc-d5"/>
      </symbol>
      <symbol id="sm-3c5">
         <name>setUart0BaudRate</name>
         <value>0x2f11</value>
         <object_component_ref idref="oc-d5"/>
      </symbol>
      <symbol id="sm-3c6">
         <name>stringCompare</name>
         <value>0x337f</value>
         <object_component_ref idref="oc-d5"/>
      </symbol>
      <symbol id="sm-3c7">
         <name>putsUart0</name>
         <value>0x3027</value>
         <object_component_ref idref="oc-d5"/>
      </symbol>
      <symbol id="sm-3c8">
         <name>putiUart0</name>
         <value>0x2f81</value>
         <object_component_ref idref="oc-d5"/>
      </symbol>
      <symbol id="sm-3c9">
         <name>initUart0</name>
         <value>0x2e89</value>
         <object_component_ref idref="oc-d5"/>
      </symbol>
      <symbol id="sm-3ca">
         <name>putcUart0</name>
         <value>0x2f3d</value>
         <object_component_ref idref="oc-d5"/>
      </symbol>
      <symbol id="sm-3cb">
         <name>putbUart0</name>
         <value>0x2f59</value>
         <object_component_ref idref="oc-d5"/>
      </symbol>
      <symbol id="sm-3cc">
         <name>getsUart0</name>
         <value>0x3067</value>
         <object_component_ref idref="oc-d5"/>
      </symbol>
      <symbol id="sm-3da">
         <name>waitMicrosecond</name>
         <value>0x4d07</value>
         <object_component_ref idref="oc-e1"/>
      </symbol>
      <symbol id="sm-401">
         <name>sprintf</name>
         <value>0x4c25</value>
         <object_component_ref idref="oc-db"/>
      </symbol>
      <symbol id="sm-410">
         <name>__aeabi_memset</name>
         <value>0x489f</value>
         <object_component_ref idref="oc-8f"/>
      </symbol>
      <symbol id="sm-411">
         <name>memset</name>
         <value>0x48a5</value>
         <object_component_ref idref="oc-8f"/>
      </symbol>
      <symbol id="sm-412">
         <name>__aeabi_memset8</name>
         <value>0x489f</value>
         <object_component_ref idref="oc-8f"/>
      </symbol>
      <symbol id="sm-413">
         <name>__aeabi_memset4</name>
         <value>0x489f</value>
         <object_component_ref idref="oc-8f"/>
      </symbol>
      <symbol id="sm-414">
         <name>__aeabi_memclr8</name>
         <value>0x489d</value>
         <object_component_ref idref="oc-8f"/>
      </symbol>
      <symbol id="sm-415">
         <name>__aeabi_memclr4</name>
         <value>0x489d</value>
         <object_component_ref idref="oc-8f"/>
      </symbol>
      <symbol id="sm-416">
         <name>__aeabi_memclr</name>
         <value>0x489d</value>
         <object_component_ref idref="oc-8f"/>
      </symbol>
      <symbol id="sm-431">
         <name>memcpy</name>
         <value>0x465f</value>
         <object_component_ref idref="oc-3b"/>
      </symbol>
      <symbol id="sm-432">
         <name>__aeabi_memcpy</name>
         <value>0x465f</value>
         <object_component_ref idref="oc-3b"/>
      </symbol>
      <symbol id="sm-433">
         <name>__aeabi_memcpy8</name>
         <value>0x465f</value>
         <object_component_ref idref="oc-3b"/>
      </symbol>
      <symbol id="sm-434">
         <name>__aeabi_memcpy4</name>
         <value>0x465f</value>
         <object_component_ref idref="oc-3b"/>
      </symbol>
      <symbol id="sm-451">
         <name>__TI_decompress_none</name>
         <value>0x4ddd</value>
         <object_component_ref idref="oc-1b"/>
      </symbol>
      <symbol id="sm-474">
         <name>__TI_decompress_lzss</name>
         <value>0x4985</value>
         <object_component_ref idref="oc-15"/>
      </symbol>
      <symbol id="sm-483">
         <name>strcmp</name>
         <value>0x4d79</value>
         <object_component_ref idref="oc-f3"/>
      </symbol>
      <symbol id="sm-496">
         <name>__stack</name>
         <value>0x20000000</value>
         <object_component_ref idref="oc-24"/>
      </symbol>
      <symbol id="sm-497">
         <name>_c_int00_noargs</name>
         <value>0x4ca5</value>
         <object_component_ref idref="oc-59"/>
      </symbol>
      <symbol id="sm-5fc">
         <name>__TI_printfi</name>
         <value>0x1549</value>
         <object_component_ref idref="oc-169"/>
      </symbol>
      <symbol id="sm-61c">
         <name>frexpl</name>
         <value>0x49ed</value>
         <object_component_ref idref="oc-2ab"/>
      </symbol>
      <symbol id="sm-61d">
         <name>frexp</name>
         <value>0x49ed</value>
         <object_component_ref idref="oc-2ab"/>
      </symbol>
      <symbol id="sm-63a">
         <name>scalbn</name>
         <value>0x43a1</value>
         <object_component_ref idref="oc-2b1"/>
      </symbol>
      <symbol id="sm-63b">
         <name>scalbnl</name>
         <value>0x43a1</value>
         <object_component_ref idref="oc-2b1"/>
      </symbol>
      <symbol id="sm-63c">
         <name>ldexpl</name>
         <value>0x43a1</value>
         <object_component_ref idref="oc-2b1"/>
      </symbol>
      <symbol id="sm-63d">
         <name>ldexp</name>
         <value>0x43a1</value>
         <object_component_ref idref="oc-2b1"/>
      </symbol>
      <symbol id="sm-647">
         <name>copysign</name>
         <value>0x4d47</value>
         <object_component_ref idref="oc-30c"/>
      </symbol>
      <symbol id="sm-648">
         <name>copysignl</name>
         <value>0x4d47</value>
         <object_component_ref idref="oc-30c"/>
      </symbol>
      <symbol id="sm-655">
         <name>__aeabi_uldivmod</name>
         <value>0x46fb</value>
         <object_component_ref idref="oc-265"/>
      </symbol>
      <symbol id="sm-66c">
         <name>__aeabi_dsub</name>
         <value>0x3cf1</value>
         <object_component_ref idref="oc-28b"/>
      </symbol>
      <symbol id="sm-66d">
         <name>__aeabi_dadd</name>
         <value>0x3cfb</value>
         <object_component_ref idref="oc-28b"/>
      </symbol>
      <symbol id="sm-68f">
         <name>__aeabi_cdcmpeq</name>
         <value>0x4791</value>
         <object_component_ref idref="oc-1f0"/>
      </symbol>
      <symbol id="sm-690">
         <name>__aeabi_cdcmple</name>
         <value>0x4791</value>
         <object_component_ref idref="oc-1f0"/>
      </symbol>
      <symbol id="sm-691">
         <name>__aeabi_cdrcmple</name>
         <value>0x4817</value>
         <object_component_ref idref="oc-276"/>
      </symbol>
      <symbol id="sm-6a5">
         <name>__aeabi_ddiv</name>
         <value>0x4145</value>
         <object_component_ref idref="oc-271"/>
      </symbol>
      <symbol id="sm-6b0">
         <name>__aeabi_dmul</name>
         <value>0x44b1</value>
         <object_component_ref idref="oc-26c"/>
      </symbol>
      <symbol id="sm-6ba">
         <name>__aeabi_d2iz</name>
         <value>0x4b99</value>
         <object_component_ref idref="oc-27b"/>
      </symbol>
      <symbol id="sm-6c4">
         <name>__aeabi_i2d</name>
         <value>0x4cd9</value>
         <object_component_ref idref="oc-286"/>
      </symbol>
      <symbol id="sm-6ec">
         <name>__TI_auto_init_nobinit_nopinit</name>
         <value>0x4be1</value>
         <object_component_ref idref="oc-114"/>
      </symbol>
      <symbol id="sm-6f6">
         <name>_system_pre_init</name>
         <value>0x4e09</value>
         <object_component_ref idref="oc-95"/>
      </symbol>
      <symbol id="sm-702">
         <name>C$$EXIT</name>
         <value>0x4e0d</value>
         <object_component_ref idref="oc-108"/>
      </symbol>
      <symbol id="sm-703">
         <name>abort</name>
         <value>0x4e0d</value>
         <object_component_ref idref="oc-108"/>
      </symbol>
      <symbol id="sm-713">
         <name>__TI_ltoa</name>
         <value>0x4aa7</value>
         <object_component_ref idref="oc-280"/>
      </symbol>
      <symbol id="sm-72a">
         <name>atoi</name>
         <value>0x4b4d</value>
         <object_component_ref idref="oc-1e4"/>
      </symbol>
      <symbol id="sm-735">
         <name>_ctypes_</name>
         <value>0x4e10</value>
         <object_component_ref idref="oc-260"/>
      </symbol>
      <symbol id="sm-745">
         <name>memccpy</name>
         <value>0x4d2b</value>
         <object_component_ref idref="oc-20d"/>
      </symbol>
      <symbol id="sm-755">
         <name>strchr</name>
         <value>0x4d91</value>
         <object_component_ref idref="oc-2b7"/>
      </symbol>
      <symbol id="sm-763">
         <name>strlen</name>
         <value>0x4da7</value>
         <object_component_ref idref="oc-1de"/>
      </symbol>
      <symbol id="sm-779">
         <name>__aeabi_errno_addr</name>
         <value>0x4e01</value>
         <object_component_ref idref="oc-219"/>
      </symbol>
      <symbol id="sm-77a">
         <name>errno</name>
         <value>0x2000103c</value>
         <object_component_ref idref="oc-2c7"/>
      </symbol>
      <symbol id="sm-793">
         <name>wcslen</name>
         <value>0x4dbb</value>
         <object_component_ref idref="oc-213"/>
      </symbol>
      <symbol id="sm-79d">
         <name>__aeabi_idiv0</name>
         <value>0x1f97</value>
         <object_component_ref idref="oc-2f3"/>
      </symbol>
      <symbol id="sm-79e">
         <name>__aeabi_ldiv0</name>
         <value>0x1f97</value>
         <object_component_ref idref="oc-2f3"/>
      </symbol>
      <symbol id="sm-79f">
         <name>__TI_static_base__</name>
         <value>0x0</value>
      </symbol>
      <symbol id="sm-7a2">
         <name>__mpu_init</name>
         <value>0x0</value>
      </symbol>
      <symbol id="sm-7a3">
         <name>_system_post_cinit</name>
         <value>0x0</value>
      </symbol>
   </symbol_table>
   <title>Link successful</title>
</link_info>
