******************************************************************************
                  TI ARM Linker Unix v20.2.4                   
******************************************************************************
>> Linked Fri Mar 19 14:00:55 2021

OUTPUT FILE NAME:   <IOT_Project_1.out>
ENTRY POINT SYMBOL: "_c_int00_noargs"  address: 00004ca5


MEMORY CONFIGURATION

         name            origin    length      used     unused   attr    fill
----------------------  --------  ---------  --------  --------  ----  --------
  FLASH                 00000000   00040000  00004f49  0003b0b7  R  X
  SRAM                  20000000   00008000  00001045  00006fbb  RW X


SEGMENT ALLOCATION MAP

run origin  load origin   length   init length attrs members
----------  ----------- ---------- ----------- ----- -------
00000000    00000000    00004f50   00004f50    r-x
  00000000    00000000    0000026c   0000026c    r-- .intvecs
  0000026c    0000026c    00004ba4   00004ba4    r-x .text
  00004e10    00004e10    00000101   00000101    r-- .const
  00004f18    00004f18    00000038   00000038    r-- .cinit
20000000    20000000    00001045   00000000    rw-
  20000000    20000000    00001000   00000000    rw- .stack
  20001000    20001000    00000045   00000000    rw- .data


SECTION ALLOCATION MAP

 output                                  attributes/
section   page    origin      length       input sections
--------  ----  ----------  ----------   ----------------
.intvecs   0    00000000    0000026c     
                  00000000    0000026c     tm4c123gh6pm_startup_ccs.obj (.intvecs)

.text      0    0000026c    00004ba4     
                  0000026c    000012dc     eth0.obj (.text)
                  00001548    00000a4e     rtsv7M4_T_le_v4SPD16_eabi.lib : _printfi.c.obj (.text:__TI_printfi)
                  00001f96    00000002                                   : div0.asm.obj (.text)
                  00001f98    000007c0     gpio.obj (.text)
                  00002758    00000730     ethernet.obj (.text)
                  00002e88    00000570     uart0.obj (.text)
                  000033f8    000004b8     tcp.obj (.text)
                  000038b0    00000270     rtsv7M4_T_le_v4SPD16_eabi.lib : _printfi.c.obj (.text:_pconv_a)
                  00003b20    000001d0                                   : _printfi.c.obj (.text:_pconv_g)
                  00003cf0    000001b6                                   : fd_add_t2.asm.obj (.text)
                  00003ea6    00000002     --HOLE-- [fill = 0]
                  00003ea8    00000160     spi0.obj (.text)
                  00004008    0000013c     rtsv7M4_T_le_v4SPD16_eabi.lib : _printfi.c.obj (.text:_pconv_e)
                  00004144    00000136                                   : fd_div_t2.asm.obj (.text)
                  0000427a    00000002     --HOLE-- [fill = 0]
                  0000427c    00000124                                   : _printfi.c.obj (.text:fcvt)
                  000043a0    00000110                                   : s_scalbn.c.obj (.text:scalbn)
                  000044b0    000000fc                                   : fd_mul_t2.asm.obj (.text)
                  000045ac    000000b1                                   : _printfi.c.obj (.text:_ltostr)
                  0000465d    00000001     --HOLE-- [fill = 0]
                  0000465e    0000009c                                   : memcpy_t2.asm.obj (.text)
                  000046fa    00000096                                   : ull_div_t2.asm.obj (.text)
                  00004790    00000086                                   : fd_cmp_t2.asm.obj (.text:__aeabi_cdcmple)
                  00004816    00000086                                   : fd_cmp_t2.asm.obj (.text:__aeabi_cdrcmple)
                  0000489c    0000007a                                   : memset_t2.asm.obj (.text)
                  00004916    0000006e                                   : _printfi.c.obj (.text:_mcpy)
                  00004984    00000068                                   : copy_decompress_lzss.c.obj (.text:decompress:lzss:__TI_decompress_lzss)
                  000049ec    00000064                                   : s_frexp.c.obj (.text:frexp)
                  00004a50    00000056                                   : _printfi.c.obj (.text:_pconv_f)
                  00004aa6    00000054                                   : _ltoa.c.obj (.text:__TI_ltoa)
                  00004afa    00000052                                   : _printfi.c.obj (.text:_ecpy)
                  00004b4c    0000004c                                   : atoi.c.obj (.text:atoi)
                  00004b98    00000048                                   : fd_toi_t2.asm.obj (.text)
                  00004be0    00000044                                   : autoinit.c.obj (.text:__TI_auto_init_nobinit_nopinit:__TI_auto_init_nobinit_nopinit)
                  00004c24    00000040                                   : sprintf.c.obj (.text:sprintf)
                  00004c64    0000003e                                   : _printfi.c.obj (.text:_fcpy)
                  00004ca2    00000002     --HOLE-- [fill = 0]
                  00004ca4    00000034                                   : boot_cortex_m.c.obj (.text:_c_int00_noargs:_c_int00_noargs)
                  00004cd8    0000002e                                   : i_tofd_t2.asm.obj (.text)
                  00004d06    00000024     wait.obj (.text)
                  00004d2a    0000001c     rtsv7M4_T_le_v4SPD16_eabi.lib : memccpy.c.obj (.text:memccpy)
                  00004d46    0000001a                                   : s_copysign.c.obj (.text:copysign)
                  00004d60    00000018                                   : sprintf.c.obj (.text:_outs)
                  00004d78    00000018                                   : strcmp.c.obj (.text:strcmp)
                  00004d90    00000016                                   : strchr.c.obj (.text:strchr)
                  00004da6    00000014                                   : strlen.c.obj (.text:strlen)
                  00004dba    00000012                                   : wcslen.c.obj (.text:wcslen)
                  00004dcc    00000010     clock.obj (.text)
                  00004ddc    0000000e     rtsv7M4_T_le_v4SPD16_eabi.lib : copy_decompress_none.c.obj (.text:decompress:none:__TI_decompress_none)
                  00004dea    0000000c     tm4c123gh6pm_startup_ccs.obj (.text)
                  00004df6    0000000a     rtsv7M4_T_le_v4SPD16_eabi.lib : sprintf.c.obj (.text:_outc)
                  00004e00    00000008                                   : errno.c.obj (.text:__aeabi_errno_addr)
                  00004e08    00000004                                   : pre_init.c.obj (.text:_system_pre_init)
                  00004e0c    00000004                                   : exit.c.obj (.text:abort:abort)

.const     0    00004e10    00000101     
                  00004e10    00000101     rtsv7M4_T_le_v4SPD16_eabi.lib : ctype.c.obj (.const:.string:_ctypes_)

.cinit     0    00004f18    00000038     
                  00004f18    00000026     (.cinit..data.load) [load image, compression = lzss]
                  00004f3e    00000002     --HOLE-- [fill = 0]
                  00004f40    00000008     (__TI_handler_table)
                  00004f48    00000008     (__TI_cinit_table)

.init_array 
*          0    00000000    00000000     UNINITIALIZED

.data      0    20001000    00000045     UNINITIALIZED
                  20001000    0000000c     tcp.obj (.data)
                  2000100c    00000006     tcp.obj (.data:dest_addr)
                  20001012    00000006     eth0.obj (.data:macAddress)
                  20001018    00000006     ethernet.obj (.data:macAddressMQTT)
                  2000101e    00000006     tcp.obj (.data:source_addr)
                  20001024    00000004     tcp.obj (.data:dest_ip)
                  20001028    00000004     eth0.obj (.data)
                  2000102c    00000004     eth0.obj (.data:ipAddress)
                  20001030    00000004     ethernet.obj (.data:ipAddressMQTT)
                  20001034    00000004     eth0.obj (.data:ipGwAddress)
                  20001038    00000004     eth0.obj (.data:ipSubnetMask)
                  2000103c    00000004     rtsv7M4_T_le_v4SPD16_eabi.lib : errno.c.obj (.data)
                  20001040    00000004     tcp.obj (.data:source_ip)
                  20001044    00000001     ethernet.obj (.data)

.stack     0    20000000    00001000     UNINITIALIZED
                  20000000    00000004     rtsv7M4_T_le_v4SPD16_eabi.lib : boot_cortex_m.c.obj (.stack)
                  20000004    00000ffc     --HOLE--

__llvm_prf_cnts 
*          0    20000000    00000000     UNINITIALIZED

MODULE SUMMARY

       Module                         code    ro data   rw data
       ------                         ----    -------   -------
    ./
       eth0.obj                       4828    0         22     
       gpio.obj                       1984    0         0      
       ethernet.obj                   1840    0         11     
       uart0.obj                      1392    0         0      
       tcp.obj                        1208    0         32     
       tm4c123gh6pm_startup_ccs.obj   12      620       0      
       spi0.obj                       352     0         0      
       wait.obj                       36      0         0      
       clock.obj                      16      0         0      
    +--+------------------------------+-------+---------+---------+
       Total:                         11668   620       65     
                                                               
    /Applications/ti/ccs1020/ccs/tools/compiler/ti-cgt-arm_20.2.4.LTS/lib/rtsv7M4_T_le_v4SPD16_eabi.lib
       _printfi.c.obj                 4851    0         0      
       fd_add_t2.asm.obj              438     0         0      
       fd_div_t2.asm.obj              310     0         0      
       s_scalbn.c.obj                 272     0         0      
       fd_cmp_t2.asm.obj              268     0         0      
       ctype.c.obj                    0       257       0      
       fd_mul_t2.asm.obj              252     0         0      
       memcpy_t2.asm.obj              156     0         0      
       ull_div_t2.asm.obj             150     0         0      
       memset_t2.asm.obj              122     0         0      
       copy_decompress_lzss.c.obj     104     0         0      
       s_frexp.c.obj                  100     0         0      
       sprintf.c.obj                  98      0         0      
       _ltoa.c.obj                    84      0         0      
       atoi.c.obj                     76      0         0      
       fd_toi_t2.asm.obj              72      0         0      
       autoinit.c.obj                 68      0         0      
       boot_cortex_m.c.obj            52      0         0      
       i_tofd_t2.asm.obj              46      0         0      
       memccpy.c.obj                  28      0         0      
       s_copysign.c.obj               26      0         0      
       strcmp.c.obj                   24      0         0      
       strchr.c.obj                   22      0         0      
       strlen.c.obj                   20      0         0      
       wcslen.c.obj                   18      0         0      
       copy_decompress_none.c.obj     14      0         0      
       errno.c.obj                    8       0         4      
       exit.c.obj                     4       0         0      
       pre_init.c.obj                 4       0         0      
       div0.asm.obj                   2       0         0      
    +--+------------------------------+-------+---------+---------+
       Total:                         7689    257       4      
                                                               
       Stack:                         0       0         4096   
       Linker Generated:              0       54        0      
    +--+------------------------------+-------+---------+---------+
       Grand Total:                   19357   931       4165   


LINKER GENERATED COPY TABLES

__TI_cinit_table @ 00004f48 records: 1, size/record: 8, table size: 8
	.data: load addr=00004f18, load size=00000026 bytes, run addr=20001000, run size=00000045 bytes, compression=lzss


LINKER GENERATED HANDLER TABLE

__TI_handler_table @ 00004f40 records: 2, size/record: 4, table size: 8
	index: 0, handler: __TI_decompress_lzss
	index: 1, handler: __TI_decompress_none


GLOBAL SYMBOLS: SORTED ALPHABETICALLY BY Name 

address   name                          
-------   ----                          
00004e0d  C$$EXIT                       
00004deb  ResetISR                      
20001000  __STACK_END                   
00001000  __STACK_SIZE                  
20000200  __STACK_TOP                   
00004f48  __TI_CINIT_Base               
00004f50  __TI_CINIT_Limit              
00004f40  __TI_Handler_Table_Base       
00004f48  __TI_Handler_Table_Limit      
00004be1  __TI_auto_init_nobinit_nopinit
00004985  __TI_decompress_lzss          
00004ddd  __TI_decompress_none          
00004aa7  __TI_ltoa                     
ffffffff  __TI_pprof_out_hndl           
00001549  __TI_printfi                  
ffffffff  __TI_prof_data_size           
ffffffff  __TI_prof_data_start          
00000000  __TI_static_base__            
00004791  __aeabi_cdcmpeq               
00004791  __aeabi_cdcmple               
00004817  __aeabi_cdrcmple              
00004b99  __aeabi_d2iz                  
00003cfb  __aeabi_dadd                  
00004145  __aeabi_ddiv                  
000044b1  __aeabi_dmul                  
00003cf1  __aeabi_dsub                  
00004e01  __aeabi_errno_addr            
00004cd9  __aeabi_i2d                   
00001f97  __aeabi_idiv0                 
00001f97  __aeabi_ldiv0                 
0000489d  __aeabi_memclr                
0000489d  __aeabi_memclr4               
0000489d  __aeabi_memclr8               
0000465f  __aeabi_memcpy                
0000465f  __aeabi_memcpy4               
0000465f  __aeabi_memcpy8               
0000489f  __aeabi_memset                
0000489f  __aeabi_memset4               
0000489f  __aeabi_memset8               
000046fb  __aeabi_uldivmod              
ffffffff  __binit__                     
ffffffff  __c_args__                    
UNDEFED   __mpu_init                    
20000000  __stack                       
20000000  __start___llvm_prf_cnts       
20000000  __stop___llvm_prf_cnts        
00004ca5  _c_int00_noargs               
00004e10  _ctypes_                      
UNDEFED   _system_post_cinit            
00004e09  _system_pre_init              
00004e0d  abort                         
00004b4d  atoi                          
ffffffff  binit                         
000028b9  connectMQTT                   
00004d47  copysign                      
00004d47  copysignl                     
20001044  currentState                  
20001000  currentTCPState               
2000100c  dest_addr                     
20001024  dest_ip                       
20001004  dest_port                     
2000102b  dhcpEnabled                   
000025c9  disablePinInterrupt           
00002301  disablePinPulldown            
000022b9  disablePinPullup              
00002055  disablePort                   
0000278d  displayConnectionInfo         
000025a5  enablePinInterrupt            
000022dd  enablePinPulldown             
0000228b  enablePinPullup               
00001f99  enablePort                    
2000103c  errno                         
0000093d  etherCalcIpChecksum           
00000975  etherCalcTcpChecksum          
00000a0d  etherCheckTcpChecksum         
0000032b  etherClearReg                 
00000283  etherCsOff                    
0000026d  etherCsOn                     
000012eb  etherDisableDhcpMode          
000012e3  etherEnableDhcpMode           
000012cd  etherGetId                    
0000135d  etherGetIpAddress             
00001441  etherGetIpGatewayAddress      
000013cf  etherGetIpSubnetMask          
000014bd  etherGetMacAddress            
000006a3  etherGetPacket                
000010ff  etherGetUdpData               
000036fd  etherHandleTCPPacket          
000012d9  etherIncId                    
00000477  etherInit                     
00000d25  etherIsArpRequest             
00000dc3  etherIsArpResponse            
00000659  etherIsDataAvailable          
000012f3  etherIsDhcpEnabled            
00000af5  etherIsIp                     
00000b65  etherIsIpUnicast              
000012fd  etherIsIpValid                
0000063f  etherIsLinkUp                 
00000673  etherIsOverflow               
00000bc9  etherIsPingRequest            
000035c5  etherIsTCPPacket              
00001057  etherIsUdp                    
000033f9  etherOpenTCPConnection        
00001043  etherParseArpResponse         
00000795  etherPutPacket                
0000045f  etherReadMem                  
0000044d  etherReadMemStart             
0000046f  etherReadMemStop              
000003b3  etherReadPhy                  
000002c5  etherReadReg                  
00000f35  etherSendArpRequest           
00000e65  etherSendArpResponse          
00000c15  etherSendPingResponse         
00001131  etherSendUdpResponse          
0000035f  etherSetBank                  
00001325  etherSetIpAddress             
00001409  etherSetIpGatewayAddress      
00001397  etherSetIpSubnetMask          
0000147b  etherSetMacAddress            
000002f7  etherSetReg                   
0000087b  etherSumWords                 
00003731  etherTCPACK                   
00000431  etherWriteMem                 
0000041f  etherWriteMemStart            
00000445  etherWriteMemStop             
0000037b  etherWritePhy                 
00000291  etherWriteReg                 
000049ed  frexp                         
000049ed  frexpl                        
00000000  g_pfnVectors                  
00000901  getEtherChecksum              
000032ed  getFieldInteger               
0000327d  getFieldString                
00002613  getPinValue                   
000026c9  getPortValue                  
00003053  getcUart0                     
00003067  getsUart0                     
00000ac9  htonl                         
00000aa5  htons                         
20001006  id                            
00002759  initHw                        
00003ea9  initSpi0                      
00004dcd  initSystemClockTo40Mhz        
00002e89  initUart0                     
2000102c  ipAddress                     
20001030  ipAddressMQTT                 
20001034  ipGwAddress                   
20001038  ipSubnetMask                  
00003353  isCommand                     
000033db  kbhitUart0                    
000043a1  ldexp                         
000043a1  ldexpl                        
20001012  macAddress                    
20001018  macAddressMQTT                
00002927  main                          
00004d2b  memccpy                       
0000465f  memcpy                        
000048a5  memset                        
20001028  nextPacketLsb                 
20001029  nextPacketMsb                 
00003125  parseFields                   
00002819  printIP                       
00002869  printMAC                      
00002f59  putbUart0                     
00002f3d  putcUart0                     
00002f81  putiUart0                     
00003027  putsUart0                     
00003fe1  readSpi0Data                  
000043a1  scalbn                        
000043a1  scalbnl                       
000021bf  selectPinAnalogInput          
00002171  selectPinDigitalInput         
000024db  selectPinInterruptBothEdges   
0000248b  selectPinInterruptFallingEdge 
00002531  selectPinInterruptHighLevel   
0000256b  selectPinInterruptLowLevel    
0000243b  selectPinInterruptRisingEdge  
00002123  selectPinOpenDrainOutput      
000020d5  selectPinPushPullOutput       
20001008  seq                           
2000102a  sequenceId                    
00002329  setPinAuxFunction             
0000220f  setPinCommitControl           
000025ed  setPinValue                   
00002645  setPortValue                  
00003f45  setSpi0BaudRate               
00003f7b  setSpi0Mode                   
00002f11  setUart0BaudRate              
2000101e  source_addr                   
20001040  source_ip                     
20001002  source_port                   
00004c25  sprintf                       
00004d91  strchr                        
00004d79  strcmp                        
0000337f  stringCompare                 
00004da7  strlen                        
00004d07  waitMicrosecond               
00004dbb  wcslen                        
00003fc9  writeSpi0Data                 


GLOBAL SYMBOLS: SORTED BY Symbol Address 

address   name                          
-------   ----                          
00000000  __TI_static_base__            
00000000  g_pfnVectors                  
0000026d  etherCsOn                     
00000283  etherCsOff                    
00000291  etherWriteReg                 
000002c5  etherReadReg                  
000002f7  etherSetReg                   
0000032b  etherClearReg                 
0000035f  etherSetBank                  
0000037b  etherWritePhy                 
000003b3  etherReadPhy                  
0000041f  etherWriteMemStart            
00000431  etherWriteMem                 
00000445  etherWriteMemStop             
0000044d  etherReadMemStart             
0000045f  etherReadMem                  
0000046f  etherReadMemStop              
00000477  etherInit                     
0000063f  etherIsLinkUp                 
00000659  etherIsDataAvailable          
00000673  etherIsOverflow               
000006a3  etherGetPacket                
00000795  etherPutPacket                
0000087b  etherSumWords                 
00000901  getEtherChecksum              
0000093d  etherCalcIpChecksum           
00000975  etherCalcTcpChecksum          
00000a0d  etherCheckTcpChecksum         
00000aa5  htons                         
00000ac9  htonl                         
00000af5  etherIsIp                     
00000b65  etherIsIpUnicast              
00000bc9  etherIsPingRequest            
00000c15  etherSendPingResponse         
00000d25  etherIsArpRequest             
00000dc3  etherIsArpResponse            
00000e65  etherSendArpResponse          
00000f35  etherSendArpRequest           
00001000  __STACK_SIZE                  
00001043  etherParseArpResponse         
00001057  etherIsUdp                    
000010ff  etherGetUdpData               
00001131  etherSendUdpResponse          
000012cd  etherGetId                    
000012d9  etherIncId                    
000012e3  etherEnableDhcpMode           
000012eb  etherDisableDhcpMode          
000012f3  etherIsDhcpEnabled            
000012fd  etherIsIpValid                
00001325  etherSetIpAddress             
0000135d  etherGetIpAddress             
00001397  etherSetIpSubnetMask          
000013cf  etherGetIpSubnetMask          
00001409  etherSetIpGatewayAddress      
00001441  etherGetIpGatewayAddress      
0000147b  etherSetMacAddress            
000014bd  etherGetMacAddress            
00001549  __TI_printfi                  
00001f97  __aeabi_idiv0                 
00001f97  __aeabi_ldiv0                 
00001f99  enablePort                    
00002055  disablePort                   
000020d5  selectPinPushPullOutput       
00002123  selectPinOpenDrainOutput      
00002171  selectPinDigitalInput         
000021bf  selectPinAnalogInput          
0000220f  setPinCommitControl           
0000228b  enablePinPullup               
000022b9  disablePinPullup              
000022dd  enablePinPulldown             
00002301  disablePinPulldown            
00002329  setPinAuxFunction             
0000243b  selectPinInterruptRisingEdge  
0000248b  selectPinInterruptFallingEdge 
000024db  selectPinInterruptBothEdges   
00002531  selectPinInterruptHighLevel   
0000256b  selectPinInterruptLowLevel    
000025a5  enablePinInterrupt            
000025c9  disablePinInterrupt           
000025ed  setPinValue                   
00002613  getPinValue                   
00002645  setPortValue                  
000026c9  getPortValue                  
00002759  initHw                        
0000278d  displayConnectionInfo         
00002819  printIP                       
00002869  printMAC                      
000028b9  connectMQTT                   
00002927  main                          
00002e89  initUart0                     
00002f11  setUart0BaudRate              
00002f3d  putcUart0                     
00002f59  putbUart0                     
00002f81  putiUart0                     
00003027  putsUart0                     
00003053  getcUart0                     
00003067  getsUart0                     
00003125  parseFields                   
0000327d  getFieldString                
000032ed  getFieldInteger               
00003353  isCommand                     
0000337f  stringCompare                 
000033db  kbhitUart0                    
000033f9  etherOpenTCPConnection        
000035c5  etherIsTCPPacket              
000036fd  etherHandleTCPPacket          
00003731  etherTCPACK                   
00003cf1  __aeabi_dsub                  
00003cfb  __aeabi_dadd                  
00003ea9  initSpi0                      
00003f45  setSpi0BaudRate               
00003f7b  setSpi0Mode                   
00003fc9  writeSpi0Data                 
00003fe1  readSpi0Data                  
00004145  __aeabi_ddiv                  
000043a1  ldexp                         
000043a1  ldexpl                        
000043a1  scalbn                        
000043a1  scalbnl                       
000044b1  __aeabi_dmul                  
0000465f  __aeabi_memcpy                
0000465f  __aeabi_memcpy4               
0000465f  __aeabi_memcpy8               
0000465f  memcpy                        
000046fb  __aeabi_uldivmod              
00004791  __aeabi_cdcmpeq               
00004791  __aeabi_cdcmple               
00004817  __aeabi_cdrcmple              
0000489d  __aeabi_memclr                
0000489d  __aeabi_memclr4               
0000489d  __aeabi_memclr8               
0000489f  __aeabi_memset                
0000489f  __aeabi_memset4               
0000489f  __aeabi_memset8               
000048a5  memset                        
00004985  __TI_decompress_lzss          
000049ed  frexp                         
000049ed  frexpl                        
00004aa7  __TI_ltoa                     
00004b4d  atoi                          
00004b99  __aeabi_d2iz                  
00004be1  __TI_auto_init_nobinit_nopinit
00004c25  sprintf                       
00004ca5  _c_int00_noargs               
00004cd9  __aeabi_i2d                   
00004d07  waitMicrosecond               
00004d2b  memccpy                       
00004d47  copysign                      
00004d47  copysignl                     
00004d79  strcmp                        
00004d91  strchr                        
00004da7  strlen                        
00004dbb  wcslen                        
00004dcd  initSystemClockTo40Mhz        
00004ddd  __TI_decompress_none          
00004deb  ResetISR                      
00004e01  __aeabi_errno_addr            
00004e09  _system_pre_init              
00004e0d  C$$EXIT                       
00004e0d  abort                         
00004e10  _ctypes_                      
00004f40  __TI_Handler_Table_Base       
00004f48  __TI_CINIT_Base               
00004f48  __TI_Handler_Table_Limit      
00004f50  __TI_CINIT_Limit              
20000000  __stack                       
20000000  __start___llvm_prf_cnts       
20000000  __stop___llvm_prf_cnts        
20000200  __STACK_TOP                   
20001000  __STACK_END                   
20001000  currentTCPState               
20001002  source_port                   
20001004  dest_port                     
20001006  id                            
20001008  seq                           
2000100c  dest_addr                     
20001012  macAddress                    
20001018  macAddressMQTT                
2000101e  source_addr                   
20001024  dest_ip                       
20001028  nextPacketLsb                 
20001029  nextPacketMsb                 
2000102a  sequenceId                    
2000102b  dhcpEnabled                   
2000102c  ipAddress                     
20001030  ipAddressMQTT                 
20001034  ipGwAddress                   
20001038  ipSubnetMask                  
2000103c  errno                         
20001040  source_ip                     
20001044  currentState                  
ffffffff  __TI_pprof_out_hndl           
ffffffff  __TI_prof_data_size           
ffffffff  __TI_prof_data_start          
ffffffff  __binit__                     
ffffffff  __c_args__                    
ffffffff  binit                         
UNDEFED   __mpu_init                    
UNDEFED   _system_post_cinit            

[199 symbols]
